Archive member included to satisfy reference by file (symbol)

C:/devkitPro/libctru/lib\libcitro2d.a(base.o)
                              main.o (C2D_Init)
C:/devkitPro/libctru/lib\libcitro2d.a(render2d.shbin.o)
                              C:/devkitPro/libctru/lib\libcitro2d.a(base.o) (render2d_shbin)
C:/devkitPro/libctru/lib\libcitro3d.a(attribs.o)
                              C:/devkitPro/libctru/lib\libcitro2d.a(base.o) (AttrInfo_Init)
C:/devkitPro/libctru/lib\libcitro3d.a(base.o)
                              C:/devkitPro/libctru/lib\libcitro3d.a(attribs.o) (__C3D_Context)
C:/devkitPro/libctru/lib\libcitro3d.a(buffers.o)
                              C:/devkitPro/libctru/lib\libcitro2d.a(base.o) (BufInfo_Init)
C:/devkitPro/libctru/lib\libcitro3d.a(drawElements.o)
                              C:/devkitPro/libctru/lib\libcitro2d.a(base.o) (C3D_DrawElements)
C:/devkitPro/libctru/lib\libcitro3d.a(effect.o)
                              C:/devkitPro/libctru/lib\libcitro3d.a(base.o) (C3D_DepthMap)
C:/devkitPro/libctru/lib\libcitro3d.a(framebuffer.o)
                              C:/devkitPro/libctru/lib\libcitro3d.a(base.o) (C3Di_FrameBufBind)
C:/devkitPro/libctru/lib\libcitro3d.a(immediate.o)
                              C:/devkitPro/libctru/lib\libcitro3d.a(base.o) (C3D_ImmSendAttrib)
C:/devkitPro/libctru/lib\libcitro3d.a(proctex.o)
                              C:/devkitPro/libctru/lib\libcitro2d.a(base.o) (C3D_ProcTexInit)
C:/devkitPro/libctru/lib\libcitro3d.a(renderqueue.o)
                              C:/devkitPro/libctru/lib\libcitro3d.a(base.o) (C3Di_RenderQueueEnableVBlank)
C:/devkitPro/libctru/lib\libcitro3d.a(texenv.o)
                              C:/devkitPro/libctru/lib\libcitro2d.a(base.o) (C3D_GetTexEnv)
C:/devkitPro/libctru/lib\libcitro3d.a(texture.o)
                              C:/devkitPro/libctru/lib\libcitro2d.a(base.o) (C3D_TexBind)
C:/devkitPro/libctru/lib\libcitro3d.a(uniforms.o)
                              C:/devkitPro/libctru/lib\libcitro3d.a(base.o) (C3D_UpdateUniforms)
C:/devkitPro/libctru/lib\libcitro3d.a(mtx_multiply.o)
                              C:/devkitPro/libctru/lib\libcitro2d.a(base.o) (Mtx_Multiply)
C:/devkitPro/libctru/lib\libcitro3d.a(mtx_ortho.o)
                              C:/devkitPro/libctru/lib\libcitro2d.a(base.o) (Mtx_Ortho)
C:/devkitPro/libctru/lib\libcitro3d.a(mtx_orthotilt.o)
                              C:/devkitPro/libctru/lib\libcitro2d.a(base.o) (Mtx_OrthoTilt)
C:/devkitPro/libctru/lib\libcitro3d.a(mtx_rotatez.o)
                              C:/devkitPro/libctru/lib\libcitro2d.a(base.o) (Mtx_RotateZ)
C:/devkitPro/libctru/lib\libcitro3d.a(mtx_scale.o)
                              C:/devkitPro/libctru/lib\libcitro2d.a(base.o) (Mtx_Scale)
C:/devkitPro/libctru/lib\libcitro3d.a(mtx_translate.o)
                              C:/devkitPro/libctru/lib\libcitro2d.a(base.o) (Mtx_Translate)
C:/devkitPro/libctru/lib\libctru.a(linear.o)
                              main.o (linearAlloc)
C:/devkitPro/libctru/lib\libctru.a(mem_pool.o)
                              C:/devkitPro/libctru/lib\libctru.a(linear.o) (MemPool::Allocate(MemChunk&, unsigned long, int))
C:/devkitPro/libctru/lib\libctru.a(vram.o)
                              C:/devkitPro/libctru/lib\libcitro3d.a(renderqueue.o) (vramAlloc)
C:/devkitPro/libctru/lib\libctru.a(console.o)
                              main.o (consoleInit)
C:/devkitPro/libctru/lib\libctru.a(gfx.o)
                              C:/devkitPro/libctru/lib\libcitro2d.a(base.o) (gfxIsWide)
C:/devkitPro/libctru/lib\libctru.a(os.o)
                              C:/devkitPro/libctru/lib\libcitro3d.a(buffers.o) (osConvertVirtToPhys)
C:/devkitPro/libctru/lib\libctru.a(gpu.o)
                              C:/devkitPro/libctru/lib\libcitro3d.a(renderqueue.o) (gpuCmdBuf)
C:/devkitPro/libctru/lib\libctru.a(gx.o)
                              C:/devkitPro/libctru/lib\libcitro3d.a(renderqueue.o) (GX_BindQueue)
C:/devkitPro/libctru/lib\libctru.a(gxqueue.o)
                              C:/devkitPro/libctru/lib\libcitro3d.a(renderqueue.o) (gxCmdQueueClear)
C:/devkitPro/libctru/lib\libctru.a(shaderProgram.o)
                              C:/devkitPro/libctru/lib\libcitro2d.a(base.o) (shaderInstanceGetUniformLocation)
C:/devkitPro/libctru/lib\libctru.a(shbin.o)
                              C:/devkitPro/libctru/lib\libcitro2d.a(base.o) (DVLB_ParseFile)
C:/devkitPro/libctru/lib\libctru.a(ndsp.o)
                              main.o (ndspInit)
C:/devkitPro/libctru/lib\libctru.a(ndsp-channel.o)
                              main.o (ndspChnReset)
C:/devkitPro/libctru/lib\libctru.a(apt.o)
                              C:/devkitPro/libctru/lib\libcitro3d.a(base.o) (aptHook)
C:/devkitPro/libctru/lib\libctru.a(cfgu.o)
                              C:/devkitPro/libctru/lib\libctru.a(ndsp.o) (cfguInit)
C:/devkitPro/libctru/lib\libctru.a(dsp.o)
                              C:/devkitPro/libctru/lib\libctru.a(ndsp.o) (dspInit)
[...]
Memory Configuration

Name             Origin             Length             Attributes
*default*        0x00000000         0xffffffff

Linker script and memory map

                0x00000000                        __sync_synchronize = __sync_synchronize_dmb
                0x00100000                        PROVIDE (__start__ = 0x100000)
                0x00100000                        . = __start__

.text           0x00100000    0x24c10
 *(.crt0)
 .crt0          0x00100000       0x94 C:/devkitPro/devkitARM/bin/../lib/gcc/arm-none-eabi/15.1.0/../../../../arm-none-eabi/lib/armv6k/fpu/3dsx_crt0.o
                0x00100000                _start
                0x00100008                __service_ptr
                0x0010000c                __apt_appid
                0x00100010                __heap_size
                0x00100014                __linear_heap_size
                0x00100018                __system_arglist
                0x0010001c                __system_runflags
 *(.init)
 .init          0x00100094        0xc C:/devkitPro/devkitARM/bin/../lib/gcc/arm-none-eabi/15.1.0/armv6k/fpu/crti.o
                0x00100094                _init
 .init          0x001000a0        0xc C:/devkitPro/devkitARM/bin/../lib/gcc/arm-none-eabi/15.1.0/armv6k/fpu/crtn.o
                0x001000ac                        . = ALIGN (0x4)
 *(.text)
 .text          0x001000ac      0x20c C:/devkitPro/devkitARM/bin/../lib/gcc/arm-none-eabi/15.1.0/armv6k/fpu\libgcc.a(_udivsi3.o)
                0x001000ac                __aeabi_uidiv
                0x001000ac                __udivsi3
                0x00100298                __aeabi_uidivmod
 .text          0x001002b8      0x240 C:/devkitPro/devkitARM/bin/../lib/gcc/arm-none-eabi/15.1.0/armv6k/fpu\libgcc.a(_divsi3.o)
                0x001002b8                __divsi3
                0x001002b8                __aeabi_idiv
                0x001004d8                __aeabi_idivmod
 .text          0x001004f8        0x4 C:/devkitPro/devkitARM/bin/../lib/gcc/arm-none-eabi/15.1.0/armv6k/fpu\libgcc.a(_dvmd_tls.o)
                0x001004f8                __aeabi_idiv0
                0x001004f8                __aeabi_ldiv0
 .text          0x001004fc       0x3c C:/devkitPro/devkitARM/bin/../lib/gcc/arm-none-eabi/15.1.0/armv6k/fpu\libgcc.a(_aeabi_uldivmod.o)
                0x001004fc                __aeabi_uldivmod
 *fill*         0x00100538        0x8 
 .text          0x00100540      0x390 C:/devkitPro/devkitARM/bin/../lib/gcc/arm-none-eabi/15.1.0/../../../../arm-none-eabi/lib/armv6k/fpu\libg.a(libc_a-strcmp.o)
                0x00100548                strcmp
 *(.text.*)
 .text.__do_global_dtors_aux
                0x001008d0       0x50 C:/devkitPro/devkitARM/bin/../lib/gcc/arm-none-eabi/15.1.0/armv6k/fpu/crtbegin.o
 .text.frame_dummy
                0x00100920       0x2c C:/devkitPro/devkitARM/bin/../lib/gcc/arm-none-eabi/15.1.0/armv6k/fpu/crtbegin.o
 .text.loadDirectory
                0x0010094c      0x124 filebrowser.o
                0x0010094c                loadDirectory
 .text.openFileBrowser
                0x00100a70      0x24c filebrowser.o
                0x00100a70                openFileBrowser
 .text.load_wav
                0x00100cbc      0x26c main.o
                0x00100cbc                load_wav
 .text.play_sample
                0x00100f28      0x130 main.o
                0x00100f28                play_sample
 .text.assignSoundToPad
                0x00101058       0x7c main.o
                0x00101058                assignSoundToPad
 .text.startup.main
                0x001010d4      0x4d4 main.o
                0x001010d4                main
 .text.C2Di_FrameEndHook
                0x001015a8       0x44 C:/devkitPro/libctru/lib\libcitro2d.a(base.o)
 *fill*         0x001015ec        0x4 
 .text.C2D_Init
                0x001015f0      0x36c C:/devkitPro/libctru/lib\libcitro2d.a(base.o)
                0x001015f0                C2D_Init
 .text.C2D_Fini
                0x0010195c       0x4c C:/devkitPro/libctru/lib\libcitro2d.a(base.o)
                0x0010195c                C2D_Fini
 .text.C2D_Prepare
                0x001019a8       0xb8 C:/devkitPro/libctru/lib\libcitro2d.a(base.o)
                0x001019a8                C2D_Prepare
 .text.C2D_Flush
                0x00101a60       0x48 C:/devkitPro/libctru/lib\libcitro2d.a(base.o)
                0x00101a60                C2D_Flush
 .text.C2D_SceneSize
                0x00101aa8      0x104 C:/devkitPro/libctru/lib\libcitro2d.a(base.o)
                0x00101aa8                C2D_SceneSize
 .text.C2D_CreateScreenTarget
                0x00101bac       0x58 C:/devkitPro/libctru/lib\libcitro2d.a(base.o)
                0x00101bac                C2D_CreateScreenTarget
 .text.C2D_TargetClear
                0x00101c04       0x64 C:/devkitPro/libctru/lib\libcitro2d.a(base.o)
                0x00101c04                C2D_TargetClear
 .text.C2Di_AppendQuad
                0x00101c68       0x58 C:/devkitPro/libctru/lib\libcitro2d.a(base.o)
                0x00101c68                C2Di_AppendQuad
 .text.C2Di_Update
                0x00101cc0      0x550 C:/devkitPro/libctru/lib\libcitro2d.a(base.o)
                0x00101cc0                C2Di_Update
 .text.C2D_DrawRectangle
                0x00102210      0x158 C:/devkitPro/libctru/lib\libcitro2d.a(base.o)
                0x00102210                C2D_DrawRectangle
 .text.AttrInfo_Init
                0x00102368       0x28 C:/devkitPro/libctru/lib\libcitro3d.a(attribs.o)
                0x00102368                AttrInfo_Init
 .text.AttrInfo_AddLoader
                0x00102390       0x94 C:/devkitPro/libctru/lib\libcitro3d.a(attribs.o)
                0x00102390                AttrInfo_AddLoader
 .text.C3D_SetAttrInfo
                0x00102424       0x54 C:/devkitPro/libctru/lib\libcitro3d.a(attribs.o)
                0x00102424                C3D_SetAttrInfo
 .text.C3Di_AttrInfoBind
                0x00102478       0x80 C:/devkitPro/libctru/lib\libcitro3d.a(attribs.o)
                0x00102478                C3Di_AttrInfoBind
 .text.C3Di_LightEnvUpdate
                0x001024f8        0x4 C:/devkitPro/libctru/lib\libcitro3d.a(base.o)
                0x001024f8                C3Di_LightEnvUpdate
 .text.C3Di_LightEnvDirty
                0x001024fc        0x4 C:/devkitPro/libctru/lib\libcitro3d.a(base.o)
                0x001024fc                C3Di_LightEnvDirty
 .text.C3Di_AptEventHook
                0x00102500       0xb4 C:/devkitPro/libctru/lib\libcitro3d.a(base.o)
 .text.C3Di_GasUpdate
                0x001025b4        0x4 C:/devkitPro/libctru/lib\libcitro3d.a(base.o)
                0x001025b4                C3Di_GasUpdate
 .text.C3D_Init
                0x001025b8      0x1d0 C:/devkitPro/libctru/lib\libcitro3d.a(base.o)
                0x001025b8                C3D_Init
 .text.C3D_SetViewport
                0x00102788       0x98 C:/devkitPro/libctru/lib\libcitro3d.a(base.o)
                0x00102788                C3D_SetViewport
 .text.C3Di_UpdateContext
                0x00102820      0x4e8 C:/devkitPro/libctru/lib\libcitro3d.a(base.o)
                0x00102820                C3Di_UpdateContext
 .text.C3Di_SplitFrame
                0x00102d08       0xe0 C:/devkitPro/libctru/lib\libcitro3d.a(base.o)
                0x00102d08                C3Di_SplitFrame
 .text.C3D_Fini
                0x00102de8       0x44 C:/devkitPro/libctru/lib\libcitro3d.a(base.o)
                0x00102de8                C3D_Fini
 .text.C3D_BindProgram
                0x00102e2c      0x194 C:/devkitPro/libctru/lib\libcitro3d.a(base.o)
                0x00102e2c                C3D_BindProgram
 .text.BufInfo_Init
                0x00102fc0       0x24 C:/devkitPro/libctru/lib\libcitro3d.a(buffers.o)
                0x00102fc0                BufInfo_Init
 .text.BufInfo_Add
                0x00102fe4       0x80 C:/devkitPro/libctru/lib\libcitro3d.a(buffers.o)
                0x00102fe4                BufInfo_Add
 .text.C3D_SetBufInfo
                0x00103064       0x3c C:/devkitPro/libctru/lib\libcitro3d.a(buffers.o)
                0x00103064                C3D_SetBufInfo
 .text.C3Di_BufInfoBind
                0x001030a0       0x48 C:/devkitPro/libctru/lib\libcitro3d.a(buffers.o)
                0x001030a0                C3Di_BufInfoBind
 .text.C3D_DrawElements
                0x001030e8      0x21c C:/devkitPro/libctru/lib\libcitro3d.a(drawElements.o)
                0x001030e8                C3D_DrawElements
 .text.C3D_DepthMap
                0x00103304       0x40 C:/devkitPro/libctru/lib\libcitro3d.a(effect.o)
                0x00103304                C3D_DepthMap
 .text.C3D_CullFace
                0x00103344       0x1c C:/devkitPro/libctru/lib\libcitro3d.a(effect.o)
                0x00103344                C3D_CullFace
 .text.C3D_StencilTest
                0x00103360       0x40 C:/devkitPro/libctru/lib\libcitro3d.a(effect.o)
                0x00103360                C3D_StencilTest
 .text.C3D_StencilOp
                0x001033a0       0x24 C:/devkitPro/libctru/lib\libcitro3d.a(effect.o)
                0x001033a0                C3D_StencilOp
 .text.C3D_BlendingColor
                0x001033c4       0x1c C:/devkitPro/libctru/lib\libcitro3d.a(effect.o)
                0x001033c4                C3D_BlendingColor
 .text.C3D_EarlyDepthTest
                0x001033e0       0x24 C:/devkitPro/libctru/lib\libcitro3d.a(effect.o)
                0x001033e0                C3D_EarlyDepthTest
 .text.C3D_DepthTest
                0x00103404       0x2c C:/devkitPro/libctru/lib\libcitro3d.a(effect.o)
                0x00103404                C3D_DepthTest
 .text.C3D_AlphaTest
                0x00103430       0x2c C:/devkitPro/libctru/lib\libcitro3d.a(effect.o)
                0x00103430                C3D_AlphaTest
 .text.C3D_AlphaBlend
                0x0010345c       0x50 C:/devkitPro/libctru/lib\libcitro3d.a(effect.o)
                0x0010345c                C3D_AlphaBlend
 .text.C3D_FragOpMode
                0x001034ac       0x30 C:/devkitPro/libctru/lib\libcitro3d.a(effect.o)
                0x001034ac                C3D_FragOpMode
 .text.C3D_FragOpShadow
                0x001034dc       0x44 C:/devkitPro/libctru/lib\libcitro3d.a(effect.o)
                0x001034dc                C3D_FragOpShadow
 .text.C3Di_EffectBind
                0x00103520      0x1ac C:/devkitPro/libctru/lib\libcitro3d.a(effect.o)
                0x00103520                C3Di_EffectBind
 .text.C3D_CalcColorBufSize
                0x001036cc       0x1c C:/devkitPro/libctru/lib\libcitro3d.a(framebuffer.o)
                0x001036cc                C3D_CalcColorBufSize
 .text.C3D_CalcDepthBufSize
                0x001036e8       0x1c C:/devkitPro/libctru/lib\libcitro3d.a(framebuffer.o)
                0x001036e8                C3D_CalcDepthBufSize
 .text.C3D_SetFrameBuf
                0x00103704       0x44 C:/devkitPro/libctru/lib\libcitro3d.a(framebuffer.o)
                0x00103704                C3D_SetFrameBuf
 .text.C3Di_FrameBufBind
                0x00103748      0x16c C:/devkitPro/libctru/lib\libcitro3d.a(framebuffer.o)
                0x00103748                C3Di_FrameBufBind
 .text.C3D_FrameBufClear
                0x001038b4       0xc8 C:/devkitPro/libctru/lib\libcitro3d.a(framebuffer.o)
                0x001038b4                C3D_FrameBufClear
 .text.C3D_FrameBufTransfer
                0x0010397c       0x44 C:/devkitPro/libctru/lib\libcitro3d.a(framebuffer.o)
                0x0010397c                C3D_FrameBufTransfer
 .text.C3D_ImmSendAttrib
                0x001039c0       0xa8 C:/devkitPro/libctru/lib\libcitro3d.a(immediate.o)
                0x001039c0                C3D_ImmSendAttrib
 .text.C3D_ProcTexInit
                0x00103a68       0x70 C:/devkitPro/libctru/lib\libcitro3d.a(proctex.o)
                0x00103a68                C3D_ProcTexInit
 .text.C3D_ProcTexBind
                0x00103ad8       0x54 C:/devkitPro/libctru/lib\libcitro3d.a(proctex.o)
                0x00103ad8                C3D_ProcTexBind
 .text.C3D_ProcTexLutBind
                0x00103b2c       0x5c C:/devkitPro/libctru/lib\libcitro3d.a(proctex.o)
                0x00103b2c                C3D_ProcTexLutBind
 .text.ProcTexLut_FromArray
                0x00103b88       0xa4 C:/devkitPro/libctru/lib\libcitro3d.a(proctex.o)
                0x00103b88                ProcTexLut_FromArray
 .text.C3Di_ProcTexUpdate
                0x00103c2c      0x178 C:/devkitPro/libctru/lib\libcitro3d.a(proctex.o)
                0x00103c2c                C3Di_ProcTexUpdate
 .text.C3Di_ProcTexDirty
                0x00103da4       0x68 C:/devkitPro/libctru/lib\libcitro3d.a(proctex.o)
                0x00103da4                C3Di_ProcTexDirty
 .text.onVBlank0
                0x00103e0c       0x4c C:/devkitPro/libctru/lib\libcitro3d.a(renderqueue.o)
 .text.onVBlank1
                0x00103e58       0x4c C:/devkitPro/libctru/lib\libcitro3d.a(renderqueue.o)
 .text.C3Di_RenderTargetDestroy
                0x00103ea4       0x80 C:/devkitPro/libctru/lib\libcitro3d.a(renderqueue.o)
 .text.onQueueFinish
                0x00103f24       0xf4 C:/devkitPro/libctru/lib\libcitro3d.a(renderqueue.o)
 .text.C3Di_RenderQueueEnableVBlank
                0x00104018       0x38 C:/devkitPro/libctru/lib\libcitro3d.a(renderqueue.o)
                0x00104018                C3Di_RenderQueueEnableVBlank
 .text.C3Di_RenderQueueDisableVBlank
                0x00104050       0x30 C:/devkitPro/libctru/lib\libcitro3d.a(renderqueue.o)
                0x00104050                C3Di_RenderQueueDisableVBlank
 .text.C3Di_RenderQueueInit
                0x00104080       0x60 C:/devkitPro/libctru/lib\libcitro3d.a(renderqueue.o)
                0x00104080                C3Di_RenderQueueInit
 .text.C3Di_RenderQueueExit
                0x001040e0       0xb4 C:/devkitPro/libctru/lib\libcitro3d.a(renderqueue.o)
                0x001040e0                C3Di_RenderQueueExit
 .text.C3Di_RenderQueueWaitDone
                0x00104194       0x34 C:/devkitPro/libctru/lib\libcitro3d.a(renderqueue.o)
                0x00104194                C3Di_RenderQueueWaitDone
 .text.C3D_FrameBegin
                0x001041c8       0xe8 C:/devkitPro/libctru/lib\libcitro3d.a(renderqueue.o)
                0x001041c8                C3D_FrameBegin
 .text.C3D_FrameDrawOn
                0x001042b0       0x48 C:/devkitPro/libctru/lib\libcitro3d.a(renderqueue.o)
                0x001042b0                C3D_FrameDrawOn
 .text.C3D_FrameSplit
                0x001042f8       0x58 C:/devkitPro/libctru/lib\libcitro3d.a(renderqueue.o)
                0x001042f8                C3D_FrameSplit
 .text.C3D_FrameEnd
                0x00104350      0x1d0 C:/devkitPro/libctru/lib\libcitro3d.a(renderqueue.o)
                0x00104350                C3D_FrameEnd
 .text.C3D_FrameEndHook
                0x00104520       0x1c C:/devkitPro/libctru/lib\libcitro3d.a(renderqueue.o)
                0x00104520                C3D_FrameEndHook
 .text.C3D_RenderTargetCreate
                0x0010453c      0x170 C:/devkitPro/libctru/lib\libcitro3d.a(renderqueue.o)
                0x0010453c                C3D_RenderTargetCreate
 .text.C3D_RenderTargetSetOutput
                0x001046ac       0xa8 C:/devkitPro/libctru/lib\libcitro3d.a(renderqueue.o)
                0x001046ac                C3D_RenderTargetSetOutput
 .text.C3D_GetTexEnv
                0x00104754       0x34 C:/devkitPro/libctru/lib\libcitro3d.a(texenv.o)
                0x00104754                C3D_GetTexEnv
 .text.C3Di_TexEnvBind
                0x00104788       0x24 C:/devkitPro/libctru/lib\libcitro3d.a(texenv.o)
                0x00104788                C3Di_TexEnvBind
 .text.C3D_TexBind
                0x001047ac       0x44 C:/devkitPro/libctru/lib\libcitro3d.a(texture.o)
                0x001047ac                C3D_TexBind
 .text.C3Di_SetTex
                0x001047f0      0x14c C:/devkitPro/libctru/lib\libcitro3d.a(texture.o)
                0x001047f0                C3Di_SetTex
 .text.C3D_UpdateUniforms
                0x0010493c      0x290 C:/devkitPro/libctru/lib\libcitro3d.a(uniforms.o)
                0x0010493c                C3D_UpdateUniforms
 .text.C3Di_DirtyUniforms
                0x00104bcc       0xc0 C:/devkitPro/libctru/lib\libcitro3d.a(uniforms.o)
                0x00104bcc                C3Di_DirtyUniforms
 .text.C3Di_LoadShaderUniforms
                0x00104c8c       0xd8 C:/devkitPro/libctru/lib\libcitro3d.a(uniforms.o)
                0x00104c8c                C3Di_LoadShaderUniforms
 .text.C3Di_ClearShaderUniforms
                0x00104d64       0x28 C:/devkitPro/libctru/lib\libcitro3d.a(uniforms.o)
                0x00104d64                C3Di_ClearShaderUniforms
 .text.Mtx_Ortho
                0x00104d8c       0xcc C:/devkitPro/libctru/lib\libcitro3d.a(mtx_ortho.o)
                0x00104d8c                Mtx_Ortho
 .text.Mtx_OrthoTilt
                0x00104e58       0xcc C:/devkitPro/libctru/lib\libcitro3d.a(mtx_orthotilt.o)
                0x00104e58                Mtx_OrthoTilt
 .text._ZL21addrMapNodeComparatorPK11rbtree_nodeS1_
                0x00104f24       0x24 C:/devkitPro/libctru/lib\libctru.a(linear.o)
 .text._ZL21addrMapNodeDestructorP11rbtree_node
                0x00104f48        0x4 C:/devkitPro/libctru/lib\libctru.a(linear.o)
 .text.linearMemAlign
                0x00104f4c      0x12c C:/devkitPro/libctru/lib\libctru.a(linear.o)
                0x00104f4c                linearMemAlign
 .text.linearAlloc
                0x00105078        0x8 C:/devkitPro/libctru/lib\libctru.a(linear.o)
                0x00105078                linearAlloc
 .text.linearFree
                0x00105080       0x5c C:/devkitPro/libctru/lib\libctru.a(linear.o)
                0x00105080                linearFree
 .text._ZN7MemPool13CoalesceRightEP8MemBlock
                0x001050dc       0x88 C:/devkitPro/libctru/lib\libctru.a(mem_pool.o)
                0x001050dc                MemPool::CoalesceRight(MemBlock*)
 .text._ZN7MemPool8AllocateER8MemChunkmi
                0x00105164      0x178 C:/devkitPro/libctru/lib\libctru.a(mem_pool.o)
                0x00105164                MemPool::Allocate(MemChunk&, unsigned long, int)
 .text._ZN7MemPool10DeallocateERK8MemChunk
                0x001052dc      0x118 C:/devkitPro/libctru/lib\libctru.a(mem_pool.o)
                0x001052dc                MemPool::Deallocate(MemChunk const&)
 .text._ZN7MemPool12GetFreeSpaceEv
                0x001053f4       0x30 C:/devkitPro/libctru/lib\libctru.a(mem_pool.o)
                0x001053f4                MemPool::GetFreeSpace()
 .text._ZL21addrMapNodeComparatorPK11rbtree_nodeS1_
                0x00105424       0x24 C:/devkitPro/libctru/lib\libctru.a(vram.o)
 .text._ZL21addrMapNodeDestructorP11rbtree_node
                0x00105448        0x4 C:/devkitPro/libctru/lib\libctru.a(vram.o)
 .text.vramMemAlignAt
                0x0010544c      0x248 C:/devkitPro/libctru/lib\libctru.a(vram.o)
                0x0010544c                vramMemAlignAt
 .text.vramAlloc
                0x00105694        0xc C:/devkitPro/libctru/lib\libctru.a(vram.o)
                0x00105694                vramAlloc
 .text.vramAllocAt
                0x001056a0        0xc C:/devkitPro/libctru/lib\libctru.a(vram.o)
                0x001056a0                vramAllocAt
 .text.vramFree
                0x001056ac       0x94 C:/devkitPro/libctru/lib\libctru.a(vram.o)
                0x001056ac                vramFree
 .text.consoleDrawChar
                0x00105740      0x1c8 C:/devkitPro/libctru/lib\libctru.a(console.o)
                0x00105740                consoleDrawChar
 .text.consolePrintChar
                0x00105908      0x170 C:/devkitPro/libctru/lib\libctru.a(console.o)
                0x00105908                consolePrintChar
 .text.con_write
                0x00105a78      0xc40 C:/devkitPro/libctru/lib\libctru.a(console.o)
                0x00105a78                con_write
 .text.newRow   0x001066b8      0x110 C:/devkitPro/libctru/lib\libctru.a(console.o)
 .text.consoleInit
                0x001067c8      0x180 C:/devkitPro/libctru/lib\libctru.a(console.o)
                0x001067c8                consoleInit
 .text.consoleClear
                0x00106948       0xb8 C:/devkitPro/libctru/lib\libctru.a(console.o)
                0x00106948                consoleClear
 .text.gfxPresentFramebuffer
                0x00106a00       0xcc C:/devkitPro/libctru/lib\libctru.a(gfx.o)
 .text.gfxIsWide
                0x00106acc       0x1c C:/devkitPro/libctru/lib\libctru.a(gfx.o)
                0x00106acc                gfxIsWide
 .text.gfxSetScreenFormat
                0x00106ae8       0xf8 C:/devkitPro/libctru/lib\libctru.a(gfx.o)
                0x00106ae8                gfxSetScreenFormat
 .text.gfxSetDoubleBuffering
                0x00106be0       0x10 C:/devkitPro/libctru/lib\libctru.a(gfx.o)
                0x00106be0                gfxSetDoubleBuffering
 .text.gfxInit  0x00106bf0       0xd8 C:/devkitPro/libctru/lib\libctru.a(gfx.o)
                0x00106bf0                gfxInit
 .text.gfxInitDefault
                0x00106cc8       0x10 C:/devkitPro/libctru/lib\libctru.a(gfx.o)
                0x00106cc8                gfxInitDefault
 .text.gfxExit  0x00106cd8       0xb8 C:/devkitPro/libctru/lib\libctru.a(gfx.o)
                0x00106cd8                gfxExit
 .text.gfxGetFramebuffer
                0x00106d90       0xa0 C:/devkitPro/libctru/lib\libctru.a(gfx.o)
                0x00106d90                gfxGetFramebuffer
 .text.gfxFlushBuffers
                0x00106e30      0x100 C:/devkitPro/libctru/lib\libctru.a(gfx.o)
                0x00106e30                gfxFlushBuffers
 .text.gfxScreenSwapBuffers
                0x00106f30       0x28 C:/devkitPro/libctru/lib\libctru.a(gfx.o)
                0x00106f30                gfxScreenSwapBuffers
 .text.gfxSwapBuffers
                0x00106f58       0x50 C:/devkitPro/libctru/lib\libctru.a(gfx.o)
                0x00106f58                gfxSwapBuffers
 .text.gfxSwapBuffersGpu
                0x00106fa8       0x50 C:/devkitPro/libctru/lib\libctru.a(gfx.o)
                0x00106fa8                gfxSwapBuffersGpu
 .text.osConvertVirtToPhys
                0x00106ff8       0x74 C:/devkitPro/libctru/lib\libctru.a(os.o)
                0x00106ff8                osConvertVirtToPhys
 .text.__ctru_speedup_config
                0x0010706c       0x34 C:/devkitPro/libctru/lib\libctru.a(os.o)
                0x0010706c                __ctru_speedup_config
 .text.GPUCMD_Add
                0x001070a0      0x13c C:/devkitPro/libctru/lib\libctru.a(gpu.o)
                0x001070a0                GPUCMD_Add
 .text.GPUCMD_Split
                0x001071dc       0xb0 C:/devkitPro/libctru/lib\libctru.a(gpu.o)
                0x001071dc                GPUCMD_Split
 .text.f32tof16
                0x0010728c       0x34 C:/devkitPro/libctru/lib\libctru.a(gpu.o)
                0x0010728c                f32tof16
 .text.f32tof24
                0x001072c0       0x34 C:/devkitPro/libctru/lib\libctru.a(gpu.o)
                0x001072c0                f32tof24
 .text.f32tof31
                0x001072f4       0x38 C:/devkitPro/libctru/lib\libctru.a(gpu.o)
                0x001072f4                f32tof31
 .text.GX_BindQueue
                0x0010732c       0x10 C:/devkitPro/libctru/lib\libctru.a(gx.o)
                0x0010732c                GX_BindQueue
 .text.GX_ProcessCommandList
                0x0010733c       0x7c C:/devkitPro/libctru/lib\libctru.a(gx.o)
                0x0010733c                GX_ProcessCommandList
 .text.GX_MemoryFill
                0x001073b8       0x74 C:/devkitPro/libctru/lib\libctru.a(gx.o)
                0x001073b8                GX_MemoryFill
 .text.GX_DisplayTransfer
                0x0010742c       0x74 C:/devkitPro/libctru/lib\libctru.a(gx.o)
                0x0010742c                GX_DisplayTransfer
 .text.gxCmdQueueDoCommands.part.0
                0x001074a0       0x64 C:/devkitPro/libctru/lib\libctru.a(gxqueue.o)
 .text.gxCmdQueueInterrupt
                0x00107504       0xe4 C:/devkitPro/libctru/lib\libctru.a(gxqueue.o)
                0x00107504                gxCmdQueueInterrupt
 .text.gxCmdQueueClear
                0x001075e8       0x68 C:/devkitPro/libctru/lib\libctru.a(gxqueue.o)
                0x001075e8                gxCmdQueueClear
 .text.gxCmdQueueAdd
                0x00107650      0x108 C:/devkitPro/libctru/lib\libctru.a(gxqueue.o)
                0x00107650                gxCmdQueueAdd
 .text.gxCmdQueueRun
                0x00107758       0x80 C:/devkitPro/libctru/lib\libctru.a(gxqueue.o)
                0x00107758                gxCmdQueueRun
 .text.gxCmdQueueStop
                0x001077d8       0x64 C:/devkitPro/libctru/lib\libctru.a(gxqueue.o)
                0x001077d8                gxCmdQueueStop
 .text.gxCmdQueueWait
                0x0010783c       0x8c C:/devkitPro/libctru/lib\libctru.a(gxqueue.o)
                0x0010783c                gxCmdQueueWait
 .text.shaderInstanceInit
                0x001078c8      0x1e0 C:/devkitPro/libctru/lib\libctru.a(shaderProgram.o)
                0x001078c8                shaderInstanceInit
 .text.shaderInstanceGetUniformLocation
                0x00107aa8       0x18 C:/devkitPro/libctru/lib\libctru.a(shaderProgram.o)
                0x00107aa8                shaderInstanceGetUniformLocation
 .text.shaderProgramInit
                0x00107ac0       0x1c C:/devkitPro/libctru/lib\libctru.a(shaderProgram.o)
                0x00107ac0                shaderProgramInit
 .text.shaderProgramFree
                0x00107adc       0x74 C:/devkitPro/libctru/lib\libctru.a(shaderProgram.o)
                0x00107adc                shaderProgramFree
 .text.shaderProgramSetVsh
                0x00107b50       0x94 C:/devkitPro/libctru/lib\libctru.a(shaderProgram.o)
                0x00107b50                shaderProgramSetVsh
 .text.shaderProgramConfigure
                0x00107be4      0x8d0 C:/devkitPro/libctru/lib\libctru.a(shaderProgram.o)
                0x00107be4                shaderProgramConfigure
 .text.DVLE_GenerateOutmap.part.0
                0x001084b4      0x1dc C:/devkitPro/libctru/lib\libctru.a(shbin.o)
 .text.DVLB_ParseFile
                0x00108690      0x1ac C:/devkitPro/libctru/lib\libctru.a(shbin.o)
                0x00108690                DVLB_ParseFile
 .text.DVLB_Free
                0x0010883c       0x50 C:/devkitPro/libctru/lib\libctru.a(shbin.o)
                0x0010883c                DVLB_Free
 .text.DVLE_GetUniformRegister
                0x0010888c       0x74 C:/devkitPro/libctru/lib\libctru.a(shbin.o)
                0x0010888c                DVLE_GetUniformRegister
 .text.ndspUpdateMaster
                0x00108900      0x158 C:/devkitPro/libctru/lib\libctru.a(ndsp.o)
 .text.ndspFinalize
                0x00108a58      0x108 C:/devkitPro/libctru/lib\libctru.a(ndsp.o)
 .text.ndspInitialize.part.0
                0x00108b60      0x254 C:/devkitPro/libctru/lib\libctru.a(ndsp.o)
 .text.ndspHookCallback
                0x00108db4      0x108 C:/devkitPro/libctru/lib\libctru.a(ndsp.o)
 *fill*         0x00108ebc        0x4 
 .text.ndspThreadMain
                0x00108ec0      0x318 C:/devkitPro/libctru/lib\libctru.a(ndsp.o)
 .text.ndspInit
                0x001091d8      0x3f0 C:/devkitPro/libctru/lib\libctru.a(ndsp.o)
                0x001091d8                ndspInit
 .text.ndspExit
                0x001095c8       0xd8 C:/devkitPro/libctru/lib\libctru.a(ndsp.o)
                0x001095c8                ndspExit
 .text.ndspChnReset
                0x001096a0       0xe0 C:/devkitPro/libctru/lib\libctru.a(ndsp-channel.o)
                0x001096a0                ndspChnReset
 .text.ndspChnIsPlaying
                0x00109780       0x18 C:/devkitPro/libctru/lib\libctru.a(ndsp-channel.o)
                0x00109780                ndspChnIsPlaying
 .text.ndspChnSetFormat
                0x00109798       0x18 C:/devkitPro/libctru/lib\libctru.a(ndsp-channel.o)
                0x00109798                ndspChnSetFormat
 .text.ndspChnSetInterp
                0x001097b0       0x50 C:/devkitPro/libctru/lib\libctru.a(ndsp-channel.o)
                0x001097b0                ndspChnSetInterp
 .text.ndspChnSetRate
                0x00109800       0x60 C:/devkitPro/libctru/lib\libctru.a(ndsp-channel.o)
                0x00109800                ndspChnSetRate
 .text.ndspChnSetMix
                0x00109860       0x80 C:/devkitPro/libctru/lib\libctru.a(ndsp-channel.o)
                0x00109860                ndspChnSetMix
 .text.ndspChnWaveBufClear
                0x001098e0       0xb0 C:/devkitPro/libctru/lib\libctru.a(ndsp-channel.o)
                0x001098e0                ndspChnWaveBufClear
 .text.ndspChnWaveBufAdd
                0x00109990       0xc8 C:/devkitPro/libctru/lib\libctru.a(ndsp-channel.o)
                0x00109990                ndspChnWaveBufAdd
 .text.ndspiInitChn
                0x00109a58       0x40 C:/devkitPro/libctru/lib\libctru.a(ndsp-channel.o)
                0x00109a58                ndspiInitChn
 .text.ndspiDirtyChn
                0x00109a98       0x2c C:/devkitPro/libctru/lib\libctru.a(ndsp-channel.o)
                0x00109a98                ndspiDirtyChn
 .text.ndspiUpdateChn
                0x00109ac4      0x43c C:/devkitPro/libctru/lib\libctru.a(ndsp-channel.o)
                0x00109ac4                ndspiUpdateChn
 .text.ndspiReadChnState
                0x00109f00      0x180 C:/devkitPro/libctru/lib\libctru.a(ndsp-channel.o)
                0x00109f00                ndspiReadChnState
 .text.aptConvertScreenForCapture
                0x0010a080      0x180 C:/devkitPro/libctru/lib\libctru.a(apt.o)
 .text.aptSendCommand
                0x0010a200      0x138 C:/devkitPro/libctru/lib\libctru.a(apt.o)
                0x0010a200                aptSendCommand
 .text.aptExitProcess
                0x0010a338       0x44 C:/devkitPro/libctru/lib\libctru.a(apt.o)
 .text.aptExit  0x0010a37c      0x394 C:/devkitPro/libctru/lib\libctru.a(apt.o)
                0x0010a37c                aptExit
 .text.aptHandleSleep
                0x0010a710       0xd8 C:/devkitPro/libctru/lib\libctru.a(apt.o)
                0x0010a710                aptHandleSleep
 .text.aptHook  0x0010a7e8       0x34 C:/devkitPro/libctru/lib\libctru.a(apt.o)
                0x0010a7e8                aptHook
 .text.aptUnhook
                0x0010a81c       0x30 C:/devkitPro/libctru/lib\libctru.a(apt.o)
                0x0010a81c                aptUnhook
 .text.APT_SleepIfShellClosed
                0x0010a84c       0x84 C:/devkitPro/libctru/lib\libctru.a(apt.o)
                0x0010a84c                APT_SleepIfShellClosed
 .text.aptSetSleepAllowed
                0x0010a8d0       0x78 C:/devkitPro/libctru/lib\libctru.a(apt.o)
                0x0010a8d0                aptSetSleepAllowed
 .text.APT_UnlockTransition
                0x0010a948       0x84 C:/devkitPro/libctru/lib\libctru.a(apt.o)
                0x0010a948                APT_UnlockTransition
 *fill*         0x0010a9cc        0x4 
 .text.aptEventHandler
                0x0010a9d0      0x470 C:/devkitPro/libctru/lib\libctru.a(apt.o)
 .text.APT_ReceiveParameter
                0x0010ae40       0xbc C:/devkitPro/libctru/lib\libctru.a(apt.o)
                0x0010ae40                APT_ReceiveParameter
 .text.aptReceiveParameter.constprop.0
                0x0010aefc       0xb0 C:/devkitPro/libctru/lib\libctru.a(apt.o)
 *fill*         0x0010afac        0x4 
 .text.aptScreenTransfer
                0x0010afb0      0x294 C:/devkitPro/libctru/lib\libctru.a(apt.o)
 .text.aptWaitForWakeUp.isra.0
                0x0010b244      0x2d0 C:/devkitPro/libctru/lib\libctru.a(apt.o)
 .text.aptJumpToHomeMenu
                0x0010b514       0xf4 C:/devkitPro/libctru/lib\libctru.a(apt.o)
                0x0010b514                aptJumpToHomeMenu
 .text.aptMainLoop
                0x0010b608       0x58 C:/devkitPro/libctru/lib\libctru.a(apt.o)
                0x0010b608                aptMainLoop
 .text.aptInit  0x0010b660      0x240 C:/devkitPro/libctru/lib\libctru.a(apt.o)
                0x0010b660                aptInit
 .text.APT_CheckNew3DS
                0x0010b8a0       0x90 C:/devkitPro/libctru/lib\libctru.a(apt.o)
                0x0010b8a0                APT_CheckNew3DS
 .text.cfguInit
                0x0010b930       0xa8 C:/devkitPro/libctru/lib\libctru.a(cfgu.o)
                0x0010b930                cfguInit
 .text.cfguExit
                0x0010b9d8       0x3c C:/devkitPro/libctru/lib\libctru.a(cfgu.o)
                0x0010b9d8                cfguExit
 .text.CFGU_GetConfigInfoBlk2
                0x0010ba14       0x4c C:/devkitPro/libctru/lib\libctru.a(cfgu.o)
                0x0010ba14                CFGU_GetConfigInfoBlk2
 .text.DSP_LoadComponent.part.0
                0x0010ba60       0xa4 C:/devkitPro/libctru/lib\libctru.a(dsp.o)
 .text.dspInit  0x0010bb04       0xfc C:/devkitPro/libctru/lib\libctru.a(dsp.o)
                0x0010bb04                dspInit
 .text.dspExit  0x0010bc00       0x8c C:/devkitPro/libctru/lib\libctru.a(dsp.o)
                0x0010bc00                dspExit
 .text.dspHook  0x0010bc8c       0x24 C:/devkitPro/libctru/lib\libctru.a(dsp.o)
                0x0010bc8c                dspHook
 .text.dspUnhook
                0x0010bcb0       0x30 C:/devkitPro/libctru/lib\libctru.a(dsp.o)
                0x0010bcb0                dspUnhook
 .text.aptDspSleep
                0x0010bce0       0xb4 C:/devkitPro/libctru/lib\libctru.a(dsp.o)
                0x0010bce0                aptDspSleep
 .text.aptDspWakeup
                0x0010bd94       0xb4 C:/devkitPro/libctru/lib\libctru.a(dsp.o)
                0x0010bd94                aptDspWakeup
 .text.aptDspCancel
                0x0010be48       0x44 C:/devkitPro/libctru/lib\libctru.a(dsp.o)
                0x0010be48                aptDspCancel
 .text.DSP_FlushDataCache
                0x0010be8c       0x50 C:/devkitPro/libctru/lib\libctru.a(dsp.o)
                0x0010be8c                DSP_FlushDataCache
 .text.DSP_SetSemaphore
                0x0010bedc       0x34 C:/devkitPro/libctru/lib\libctru.a(dsp.o)
                0x0010bedc                DSP_SetSemaphore
 .text.DSP_SetSemaphoreMask
                0x0010bf10       0x34 C:/devkitPro/libctru/lib\libctru.a(dsp.o)
                0x0010bf10                DSP_SetSemaphoreMask
 .text.DSP_GetSemaphoreHandle
                0x0010bf44       0x38 C:/devkitPro/libctru/lib\libctru.a(dsp.o)
                0x0010bf44                DSP_GetSemaphoreHandle
 .text.DSP_LoadComponent
                0x0010bf7c       0x3c C:/devkitPro/libctru/lib\libctru.a(dsp.o)
                0x0010bf7c                DSP_LoadComponent
 .text.DSP_RegisterInterruptEvents
                0x0010bfb8       0x44 C:/devkitPro/libctru/lib\libctru.a(dsp.o)
                0x0010bfb8                DSP_RegisterInterruptEvents
 .text.DSP_ReadPipeIfPossible
                0x0010bffc       0x78 C:/devkitPro/libctru/lib\libctru.a(dsp.o)
                0x0010bffc                DSP_ReadPipeIfPossible
 .text.DSP_WriteProcessPipe
                0x0010c074       0x4c C:/devkitPro/libctru/lib\libctru.a(dsp.o)
                0x0010c074                DSP_WriteProcessPipe
 .text.DSP_ConvertProcessAddressFromDspDram
                0x0010c0c0       0x44 C:/devkitPro/libctru/lib\libctru.a(dsp.o)
                0x0010c0c0                DSP_ConvertProcessAddressFromDspDram
 .text.DSP_RecvData
                0x0010c104       0x44 C:/devkitPro/libctru/lib\libctru.a(dsp.o)
                0x0010c104                DSP_RecvData
 .text.DSP_RecvDataIsReady
                0x0010c148       0x50 C:/devkitPro/libctru/lib\libctru.a(dsp.o)
                0x0010c148                DSP_RecvDataIsReady
 .text.fsInit   0x0010c198      0x104 C:/devkitPro/libctru/lib\libctru.a(fs.o)
                0x0010c198                fsInit
 .text.fsExit   0x0010c29c       0x3c C:/devkitPro/libctru/lib\libctru.a(fs.o)
                0x0010c29c                fsExit
 .text.fsExemptFromSession
                0x0010c2d8       0x68 C:/devkitPro/libctru/lib\libctru.a(fs.o)
                0x0010c2d8                fsExemptFromSession
 .text.fsUnexemptFromSession
                0x0010c340       0x50 C:/devkitPro/libctru/lib\libctru.a(fs.o)
                0x0010c340                fsUnexemptFromSession
 .text.FSUSER_OpenFile
                0x0010c390       0xcc C:/devkitPro/libctru/lib\libctru.a(fs.o)
                0x0010c390                FSUSER_OpenFile
 .text.FSUSER_OpenFileDirectly
                0x0010c45c       0xcc C:/devkitPro/libctru/lib\libctru.a(fs.o)
                0x0010c45c                FSUSER_OpenFileDirectly
 .text.FSUSER_DeleteFile
                0x0010c528       0xb8 C:/devkitPro/libctru/lib\libctru.a(fs.o)
                0x0010c528                FSUSER_DeleteFile
 .text.FSUSER_RenameFile
                0x0010c5e0       0xf4 C:/devkitPro/libctru/lib\libctru.a(fs.o)
                0x0010c5e0                FSUSER_RenameFile
 .text.FSUSER_DeleteDirectory
                0x0010c6d4       0xb8 C:/devkitPro/libctru/lib\libctru.a(fs.o)
                0x0010c6d4                FSUSER_DeleteDirectory
 .text.FSUSER_CreateFile
                0x0010c78c       0xd0 C:/devkitPro/libctru/lib\libctru.a(fs.o)
                0x0010c78c                FSUSER_CreateFile
 .text.FSUSER_CreateDirectory
                0x0010c85c       0xc0 C:/devkitPro/libctru/lib\libctru.a(fs.o)
                0x0010c85c                FSUSER_CreateDirectory
 .text.FSUSER_RenameDirectory
                0x0010c91c       0xf4 C:/devkitPro/libctru/lib\libctru.a(fs.o)
                0x0010c91c                FSUSER_RenameDirectory
 .text.FSUSER_OpenDirectory
                0x0010ca10       0xb4 C:/devkitPro/libctru/lib\libctru.a(fs.o)
                0x0010ca10                FSUSER_OpenDirectory
 .text.FSUSER_OpenArchive
                0x0010cac4       0x90 C:/devkitPro/libctru/lib\libctru.a(fs.o)
                0x0010cac4                FSUSER_OpenArchive
 .text.FSUSER_CloseArchive
                0x0010cb54       0x8c C:/devkitPro/libctru/lib\libctru.a(fs.o)
                0x0010cb54                FSUSER_CloseArchive
 .text.FSUSER_GetSdmcArchiveResource
                0x0010cbe0       0x74 C:/devkitPro/libctru/lib\libctru.a(fs.o)
                0x0010cbe0                FSUSER_GetSdmcArchiveResource
 .text.FSUSER_IsSdmcWritable
                0x0010cc54       0x64 C:/devkitPro/libctru/lib\libctru.a(fs.o)
                0x0010cc54                FSUSER_IsSdmcWritable
 .text.FSFILE_Read
                0x0010ccb8       0x64 C:/devkitPro/libctru/lib\libctru.a(fs.o)
                0x0010ccb8                FSFILE_Read
 .text.FSFILE_Write
                0x0010cd1c       0x6c C:/devkitPro/libctru/lib\libctru.a(fs.o)
                0x0010cd1c                FSFILE_Write
 .text.FSFILE_GetSize
                0x0010cd88       0x44 C:/devkitPro/libctru/lib\libctru.a(fs.o)
                0x0010cd88                FSFILE_GetSize
 .text.FSFILE_SetSize
                0x0010cdcc       0x28 C:/devkitPro/libctru/lib\libctru.a(fs.o)
                0x0010cdcc                FSFILE_SetSize
 .text.FSFILE_Close
                0x0010cdf4       0x3c C:/devkitPro/libctru/lib\libctru.a(fs.o)
                0x0010cdf4                FSFILE_Close
 .text.FSFILE_Flush
                0x0010ce30       0x24 C:/devkitPro/libctru/lib\libctru.a(fs.o)
                0x0010ce30                FSFILE_Flush
 .text.FSDIR_Read
                0x0010ce54       0x60 C:/devkitPro/libctru/lib\libctru.a(fs.o)
                0x0010ce54                FSDIR_Read
 .text.FSDIR_Close
                0x0010ceb4       0x3c C:/devkitPro/libctru/lib\libctru.a(fs.o)
                0x0010ceb4                FSDIR_Close
 .text.gspHardwareInit
                0x0010cef0      0xc70 C:/devkitPro/libctru/lib\libctru.a(gspgpu.o)
 .text.gspInit  0x0010db60      0x280 C:/devkitPro/libctru/lib\libctru.a(gspgpu.o)
                0x0010db60                gspInit
 .text.gspExit  0x0010dde0      0x110 C:/devkitPro/libctru/lib\libctru.a(gspgpu.o)
                0x0010dde0                gspExit
 .text.gspHasGpuRight
                0x0010def0       0x10 C:/devkitPro/libctru/lib\libctru.a(gspgpu.o)
                0x0010def0                gspHasGpuRight
 .text.gspPresentBuffer
                0x0010df00       0xa4 C:/devkitPro/libctru/lib\libctru.a(gspgpu.o)
                0x0010df00                gspPresentBuffer
 .text.gspSetEventCallback
                0x0010dfa4       0x30 C:/devkitPro/libctru/lib\libctru.a(gspgpu.o)
                0x0010dfa4                gspSetEventCallback
 .text.gspWaitForEvent
                0x0010dfd4       0x50 C:/devkitPro/libctru/lib\libctru.a(gspgpu.o)
                0x0010dfd4                gspWaitForEvent
 .text.gspWaitForAnyEvent
                0x0010e024       0x4c C:/devkitPro/libctru/lib\libctru.a(gspgpu.o)
                0x0010e024                gspWaitForAnyEvent
 .text.gspEventThreadMain
                0x0010e070      0x154 C:/devkitPro/libctru/lib\libctru.a(gspgpu.o)
 .text.gspSubmitGxCommand
                0x0010e1c4      0x12c C:/devkitPro/libctru/lib\libctru.a(gspgpu.o)
                0x0010e1c4                gspSubmitGxCommand
 .text.GSPGPU_FlushDataCache
                0x0010e2f0       0x50 C:/devkitPro/libctru/lib\libctru.a(gspgpu.o)
                0x0010e2f0                GSPGPU_FlushDataCache
 .text.GSPGPU_SetLcdForceBlack
                0x0010e340       0x34 C:/devkitPro/libctru/lib\libctru.a(gspgpu.o)
                0x0010e340                GSPGPU_SetLcdForceBlack
 .text.GSPGPU_AcquireRight
                0x0010e374       0x80 C:/devkitPro/libctru/lib\libctru.a(gspgpu.o)
                0x0010e374                GSPGPU_AcquireRight
 .text.GSPGPU_ReleaseRight
                0x0010e3f4       0x5c C:/devkitPro/libctru/lib\libctru.a(gspgpu.o)
                0x0010e3f4                GSPGPU_ReleaseRight
 .text.GSPGPU_ImportDisplayCaptureInfo
                0x0010e450       0x7c C:/devkitPro/libctru/lib\libctru.a(gspgpu.o)
                0x0010e450                GSPGPU_ImportDisplayCaptureInfo
 .text.GSPGPU_SaveVramSysArea
                0x0010e4cc       0x2c C:/devkitPro/libctru/lib\libctru.a(gspgpu.o)
                0x0010e4cc                GSPGPU_SaveVramSysArea
 .text.GSPGPU_RestoreVramSysArea
                0x0010e4f8       0x2c C:/devkitPro/libctru/lib\libctru.a(gspgpu.o)
                0x0010e4f8                GSPGPU_RestoreVramSysArea
 .text.hidShouldUseIrrst
                0x0010e524       0x24 C:/devkitPro/libctru/lib\libctru.a(hid.o)
                0x0010e524                hidShouldUseIrrst
 .text.hidInit  0x0010e548      0x1cc C:/devkitPro/libctru/lib\libctru.a(hid.o)
                0x0010e548                hidInit
 .text.hidExit  0x0010e714       0xe8 C:/devkitPro/libctru/lib\libctru.a(hid.o)
                0x0010e714                hidExit
 .text.hidScanInput
                0x0010e7fc      0x2a0 C:/devkitPro/libctru/lib\libctru.a(hid.o)
                0x0010e7fc                hidScanInput
 .text.hidKeysHeld
                0x0010ea9c       0x10 C:/devkitPro/libctru/lib\libctru.a(hid.o)
                0x0010ea9c                hidKeysHeld
 .text.hidKeysDown
                0x0010eaac       0x10 C:/devkitPro/libctru/lib\libctru.a(hid.o)
                0x0010eaac                hidKeysDown
 .text.hidKeysUp
                0x0010eabc       0x10 C:/devkitPro/libctru/lib\libctru.a(hid.o)
                0x0010eabc                hidKeysUp
 .text.hidTouchRead
                0x0010eacc       0x18 C:/devkitPro/libctru/lib\libctru.a(hid.o)
                0x0010eacc                hidTouchRead
 .text.irrstInit
                0x0010eae4      0x1a4 C:/devkitPro/libctru/lib\libctru.a(irrst.o)
                0x0010eae4                irrstInit
 .text.irrstExit
                0x0010ec88       0xdc C:/devkitPro/libctru/lib\libctru.a(irrst.o)
                0x0010ec88                irrstExit
 .text.irrstScanInput
                0x0010ed64       0xb4 C:/devkitPro/libctru/lib\libctru.a(irrst.o)
                0x0010ed64                irrstScanInput
 .text.irrstKeysHeld
                0x0010ee18       0x24 C:/devkitPro/libctru/lib\libctru.a(irrst.o)
                0x0010ee18                irrstKeysHeld
 .text.ptmSysmInit
                0x0010ee3c       0x78 C:/devkitPro/libctru/lib\libctru.a(ptmsysm.o)
                0x0010ee3c                ptmSysmInit
 .text.ptmSysmExit
                0x0010eeb4       0x3c C:/devkitPro/libctru/lib\libctru.a(ptmsysm.o)
                0x0010eeb4                ptmSysmExit
 .text.PTMSYSM_ConfigureNew3DSCPU
                0x0010eef0       0x34 C:/devkitPro/libctru/lib\libctru.a(ptmsysm.o)
                0x0010eef0                PTMSYSM_ConfigureNew3DSCPU
 .text.rbtree_find
                0x0010ef24       0x74 C:/devkitPro/libctru/lib\libctru.a(rbtree_find.o)
                0x0010ef24                rbtree_find
 .text.rbtree_init
                0x0010ef98       0x10 C:/devkitPro/libctru/lib\libctru.a(rbtree_init.o)
                0x0010ef98                rbtree_init
 .text.do_insert
                0x0010efa8      0x198 C:/devkitPro/libctru/lib\libctru.a(rbtree_insert.o)
 .text.rbtree_insert
                0x0010f140        0x8 C:/devkitPro/libctru/lib\libctru.a(rbtree_insert.o)
                0x0010f140                rbtree_insert
 .text.rbtree_remove
                0x0010f148      0x310 C:/devkitPro/libctru/lib\libctru.a(rbtree_remove.o)
                0x0010f148                rbtree_remove
 .text.rbtree_rotate
                0x0010f458       0x90 C:/devkitPro/libctru/lib\libctru.a(rbtree_rotate.o)
                0x0010f458                rbtree_rotate
 .text.__system_allocateHeaps
                0x0010f4e8      0x1e8 C:/devkitPro/libctru/lib\libctru.a(allocateHeaps.o)
                0x0010f4e8                __system_allocateHeaps
 .text.__libctru_init
                0x0010f6d0       0x38 C:/devkitPro/libctru/lib\libctru.a(ctru_init.o)
                0x0010f6d0                __libctru_init
 .text.__system_initArgv
                0x0010f708      0x16c C:/devkitPro/libctru/lib\libctru.a(initArgv.o)
                0x0010f708                __system_initArgv
 .text.__syscall_getreent
                0x0010f874       0x30 C:/devkitPro/libctru/lib\libctru.a(syscalls.o)
                0x0010f874                __syscall_getreent
 .text.__syscall_lock_acquire
                0x0010f8a4        0x4 C:/devkitPro/libctru/lib\libctru.a(syscalls.o)
                0x0010f8a4                __syscall_lock_acquire
 .text.__syscall_lock_release
                0x0010f8a8        0x4 C:/devkitPro/libctru/lib\libctru.a(syscalls.o)
                0x0010f8a8                __syscall_lock_release
 .text.__syscall_lock_acquire_recursive
                0x0010f8ac        0x4 C:/devkitPro/libctru/lib\libctru.a(syscalls.o)
                0x0010f8ac                __syscall_lock_acquire_recursive
 .text.__syscall_lock_release_recursive
                0x0010f8b0        0x4 C:/devkitPro/libctru/lib\libctru.a(syscalls.o)
                0x0010f8b0                __syscall_lock_release_recursive
 .text.__syscall_exit
                0x0010f8b4        0x4 C:/devkitPro/libctru/lib\libctru.a(syscalls.o)
                0x0010f8b4                __syscall_exit
 .text.initThreadVars
                0x0010f8b8       0x54 C:/devkitPro/libctru/lib\libctru.a(syscalls.o)
                0x0010f8b8                initThreadVars
 .text.__system_initSyscalls
                0x0010f90c       0x80 C:/devkitPro/libctru/lib\libctru.a(syscalls.o)
                0x0010f90c                __system_initSyscalls
 .text.svcControlMemory
                0x0010f98c       0x20 C:/devkitPro/libctru/lib\libctru.a(svc.o)
                0x0010f98c                svcControlMemory
 .text.svcQueryMemory
                0x0010f9ac       0x30 C:/devkitPro/libctru/lib\libctru.a(svc.o)
                0x0010f9ac                svcQueryMemory
 .text.svcExitProcess
                0x0010f9dc        0x8 C:/devkitPro/libctru/lib\libctru.a(svc.o)
                0x0010f9dc                svcExitProcess
 .text.svcCreateThread
                0x0010f9e4       0x20 C:/devkitPro/libctru/lib\libctru.a(svc.o)
                0x0010f9e4                svcCreateThread
 .text.svcExitThread
                0x0010fa04        0x8 C:/devkitPro/libctru/lib\libctru.a(svc.o)
                0x0010fa04                svcExitThread
 .text.svcSleepThread
                0x0010fa0c        0x8 C:/devkitPro/libctru/lib\libctru.a(svc.o)
                0x0010fa0c                svcSleepThread
 .text.svcReleaseMutex
                0x0010fa14        0x8 C:/devkitPro/libctru/lib\libctru.a(svc.o)
                0x0010fa14                svcReleaseMutex
 .text.svcCreateEvent
                0x0010fa1c       0x14 C:/devkitPro/libctru/lib\libctru.a(svc.o)
                0x0010fa1c                svcCreateEvent
 .text.svcSignalEvent
                0x0010fa30        0x8 C:/devkitPro/libctru/lib\libctru.a(svc.o)
                0x0010fa30                svcSignalEvent
 .text.svcClearEvent
                0x0010fa38        0x8 C:/devkitPro/libctru/lib\libctru.a(svc.o)
                0x0010fa38                svcClearEvent
 .text.svcMapMemoryBlock
                0x0010fa40        0x8 C:/devkitPro/libctru/lib\libctru.a(svc.o)
                0x0010fa40                svcMapMemoryBlock
 .text.svcUnmapMemoryBlock
                0x0010fa48        0x8 C:/devkitPro/libctru/lib\libctru.a(svc.o)
                0x0010fa48                svcUnmapMemoryBlock
 .text.svcCreateAddressArbiter
                0x0010fa50       0x14 C:/devkitPro/libctru/lib\libctru.a(svc.o)
                0x0010fa50                svcCreateAddressArbiter
 .text.svcArbitrateAddressNoTimeout
                0x0010fa64        0x8 C:/devkitPro/libctru/lib\libctru.a(svc.o)
                0x0010fa64                svcArbitrateAddressNoTimeout
 .text.svcCloseHandle
                0x0010fa6c        0x8 C:/devkitPro/libctru/lib\libctru.a(svc.o)
                0x0010fa6c                svcCloseHandle
 .text.svcWaitSynchronization
                0x0010fa74        0x8 C:/devkitPro/libctru/lib\libctru.a(svc.o)
                0x0010fa74                svcWaitSynchronization
 .text.svcWaitSynchronizationN
                0x0010fa7c       0x28 C:/devkitPro/libctru/lib\libctru.a(svc.o)
                0x0010fa7c                svcWaitSynchronizationN
 .text.svcDuplicateHandle
                0x0010faa4       0x14 C:/devkitPro/libctru/lib\libctru.a(svc.o)
                0x0010faa4                svcDuplicateHandle
 .text.svcGetSystemTick
                0x0010fab8        0x8 C:/devkitPro/libctru/lib\libctru.a(svc.o)
                0x0010fab8                svcGetSystemTick
 .text.svcConnectToPort
                0x0010fac0       0x14 C:/devkitPro/libctru/lib\libctru.a(svc.o)
                0x0010fac0                svcConnectToPort
 .text.svcSendSyncRequest
                0x0010fad4        0x8 C:/devkitPro/libctru/lib\libctru.a(svc.o)
                0x0010fad4                svcSendSyncRequest
 .text.svcGetResourceLimit
                0x0010fadc       0x14 C:/devkitPro/libctru/lib\libctru.a(svc.o)
                0x0010fadc                svcGetResourceLimit
 .text.svcGetResourceLimitLimitValues
                0x0010faf0        0x8 C:/devkitPro/libctru/lib\libctru.a(svc.o)
                0x0010faf0                svcGetResourceLimitLimitValues
 .text.svcGetResourceLimitCurrentValues
                0x0010faf8        0x8 C:/devkitPro/libctru/lib\libctru.a(svc.o)
                0x0010faf8                svcGetResourceLimitCurrentValues
 .text.svcBreak
                0x0010fb00        0x8 C:/devkitPro/libctru/lib\libctru.a(svc.o)
                0x0010fb00                svcBreak
 .text.initSystem
                0x0010fb08       0x50 C:/devkitPro/libctru/lib\libctru.a(stack_adjust.o)
                0x0010fb08                initSystem
 .text.__ctru_exit
                0x0010fb58       0x14 C:/devkitPro/libctru/lib\libctru.a(stack_adjust.o)
                0x0010fb58                __ctru_exit
 .text.envGetHandle
                0x0010fb6c       0x8c C:/devkitPro/libctru/lib\libctru.a(env.o)
                0x0010fb6c                envGetHandle
 .text.envDestroyHandles
                0x0010fbf8       0x50 C:/devkitPro/libctru/lib\libctru.a(env.o)
                0x0010fbf8                envDestroyHandles
 .text.srvInit  0x0010fc48      0x164 C:/devkitPro/libctru/lib\libctru.a(srv.o)
                0x0010fc48                srvInit
 .text.srvExit  0x0010fdac       0x64 C:/devkitPro/libctru/lib\libctru.a(srv.o)
                0x0010fdac                srvExit
 .text.srvEnableNotification
                0x0010fe10       0x60 C:/devkitPro/libctru/lib\libctru.a(srv.o)
                0x0010fe10                srvEnableNotification
 .text.srvGetServiceHandleDirect
                0x0010fe70       0xa0 C:/devkitPro/libctru/lib\libctru.a(srv.o)
                0x0010fe70                srvGetServiceHandleDirect
 .text.srvGetServiceHandle
                0x0010ff10       0x48 C:/devkitPro/libctru/lib\libctru.a(srv.o)
                0x0010ff10                srvGetServiceHandle
 .text.srvSubscribe
                0x0010ff58       0x34 C:/devkitPro/libctru/lib\libctru.a(srv.o)
                0x0010ff58                srvSubscribe
 .text.srvReceiveNotification
                0x0010ff8c       0x60 C:/devkitPro/libctru/lib\libctru.a(srv.o)
                0x0010ff8c                srvReceiveNotification
 .text.srvPublishToSubscriber
                0x0010ffec       0x38 C:/devkitPro/libctru/lib\libctru.a(srv.o)
                0x0010ffec                srvPublishToSubscriber
 .text.__sync_init
                0x00110024        0xc C:/devkitPro/libctru/lib\libctru.a(synchronization.o)
                0x00110024                __sync_init
 .text.__sync_fini
                0x00110030       0x18 C:/devkitPro/libctru/lib\libctru.a(synchronization.o)
                0x00110030                __sync_fini
 .text.syncArbitrateAddress
                0x00110048       0x28 C:/devkitPro/libctru/lib\libctru.a(synchronization.o)
                0x00110048                syncArbitrateAddress
 .text.LightLock_Init
                0x00110070       0x1c C:/devkitPro/libctru/lib\libctru.a(synchronization.o)
                0x00110070                LightLock_Init
 .text.LightLock_Lock
                0x0011008c       0xac C:/devkitPro/libctru/lib\libctru.a(synchronization.o)
                0x0011008c                LightLock_Lock
 .text.LightLock_Unlock
                0x00110138       0x40 C:/devkitPro/libctru/lib\libctru.a(synchronization.o)
                0x00110138                LightLock_Unlock
 .text.RecursiveLock_Lock
                0x00110178       0x54 C:/devkitPro/libctru/lib\libctru.a(synchronization.o)
                0x00110178                RecursiveLock_Lock
 .text.RecursiveLock_Unlock
                0x001101cc       0x54 C:/devkitPro/libctru/lib\libctru.a(synchronization.o)
                0x001101cc                RecursiveLock_Unlock
 .text.LightEvent_Init
                0x00110220       0x44 C:/devkitPro/libctru/lib\libctru.a(synchronization.o)
                0x00110220                LightEvent_Init
 .text.LightEvent_Clear
                0x00110264       0xb8 C:/devkitPro/libctru/lib\libctru.a(synchronization.o)
                0x00110264                LightEvent_Clear
 .text.LightEvent_Signal
                0x0011031c       0xdc C:/devkitPro/libctru/lib\libctru.a(synchronization.o)
                0x0011031c                LightEvent_Signal
 .text.LightEvent_TryWait
                0x001103f8       0x50 C:/devkitPro/libctru/lib\libctru.a(synchronization.o)
                0x001103f8                LightEvent_TryWait
 .text.LightEvent_Wait
                0x00110448       0xac C:/devkitPro/libctru/lib\libctru.a(synchronization.o)
                0x00110448                LightEvent_Wait
 .text.threadCreate
                0x001104f4      0x1fc C:/devkitPro/libctru/lib\libctru.a(thread.o)
                0x001104f4                threadCreate
 .text.threadFree
                0x001106f0       0x38 C:/devkitPro/libctru/lib\libctru.a(thread.o)
                0x001106f0                threadFree
 .text.threadJoin
                0x00110728       0x24 C:/devkitPro/libctru/lib\libctru.a(thread.o)
                0x00110728                threadJoin
 .text.threadGetCurrent
                0x0011074c       0x30 C:/devkitPro/libctru/lib\libctru.a(thread.o)
                0x0011074c                threadGetCurrent
 .text.threadExit
                0x0011077c       0x40 C:/devkitPro/libctru/lib\libctru.a(thread.o)
                0x0011077c                threadExit
 .text._thread_begin
                0x001107bc       0x20 C:/devkitPro/libctru/lib\libctru.a(thread.o)
 .text.mappableFindAddressWithin
                0x001107dc       0x90 C:/devkitPro/libctru/lib\libctru.a(mappable.o)
 .text.mappableInit
                0x0011086c       0x28 C:/devkitPro/libctru/lib\libctru.a(mappable.o)
                0x0011086c                mappableInit
 .text.mappableAlloc
                0x00110894       0x7c C:/devkitPro/libctru/lib\libctru.a(mappable.o)
                0x00110894                mappableAlloc
 .text.mappableFree
                0x00110910        0x4 C:/devkitPro/libctru/lib\libctru.a(mappable.o)
                0x00110910                mappableFree
 .text.srvPmGetSessionHandle
                0x00110914        0xc C:/devkitPro/libctru/lib\libctru.a(srvpm.o)
                0x00110914                srvPmGetSessionHandle
 .text.rbtree_node_next
                0x00110920       0x60 C:/devkitPro/libctru/lib\libctru.a(rbtree_iterator.o)
                0x00110920                rbtree_node_next
 .text.__appExit
                0x00110980       0x30 C:/devkitPro/libctru/lib\libctru.a(appExit.o)
                0x00110980                __appExit
 .text.__appInit
                0x001109b0       0x30 C:/devkitPro/libctru/lib\libctru.a(appInit.o)
                0x001109b0                __appInit
 .text.__libctru_exit
                0x001109e0       0x90 C:/devkitPro/libctru/lib\libctru.a(ctru_exit.o)
                0x001109e0                __libctru_exit
 .text.archive_link
                0x00110a70       0x14 C:/devkitPro/libctru/lib\libctru.a(archive_dev.o)
 .text.archive_dirreset
                0x00110a84       0x14 C:/devkitPro/libctru/lib\libctru.a(archive_dev.o)
 .text.archive_chmod
                0x00110a98       0x14 C:/devkitPro/libctru/lib\libctru.a(archive_dev.o)
 .text.error_cmp
                0x00110aac       0x24 C:/devkitPro/libctru/lib\libctru.a(archive_dev.o)
 .text.archive_translate_error
                0x00110ad0       0x50 C:/devkitPro/libctru/lib\libctru.a(archive_dev.o)
 .text.archive_seek
                0x00110b20       0xc0 C:/devkitPro/libctru/lib\libctru.a(archive_dev.o)
 .text._archiveInit.part.0
                0x00110be0       0x78 C:/devkitPro/libctru/lib\libctru.a(archive_dev.o)
 .text.archiveFindDevice.part.0
                0x00110c58       0xd4 C:/devkitPro/libctru/lib\libctru.a(archive_dev.o)
 .text.archive_utf16path
                0x00110d2c      0x298 C:/devkitPro/libctru/lib\libctru.a(archive_dev.o)
 .text._archiveUnmountDeviceStruct.part.0
                0x00110fc4       0x98 C:/devkitPro/libctru/lib\libctru.a(archive_dev.o)
 .text.archive_statvfs
                0x0011105c       0x14 C:/devkitPro/libctru/lib\libctru.a(archive_dev.o)
 .text.archive_fchmod
                0x00111070       0x14 C:/devkitPro/libctru/lib\libctru.a(archive_dev.o)
 .text._archiveMountDevice
                0x00111084      0x178 C:/devkitPro/libctru/lib\libctru.a(archive_dev.o)
 .text.archive_diropen
                0x001111fc       0xf8 C:/devkitPro/libctru/lib\libctru.a(archive_dev.o)
 .text.archive_fstat
                0x001112f4       0xac C:/devkitPro/libctru/lib\libctru.a(archive_dev.o)
 .text.archive_fsync
                0x001113a0       0x74 C:/devkitPro/libctru/lib\libctru.a(archive_dev.o)
 .text.archive_close
                0x00111414       0x74 C:/devkitPro/libctru/lib\libctru.a(archive_dev.o)
 .text.archive_dirclose
                0x00111488       0x78 C:/devkitPro/libctru/lib\libctru.a(archive_dev.o)
 .text.sdmc_statvfs
                0x00111500       0xec C:/devkitPro/libctru/lib\libctru.a(archive_dev.o)
 .text.archive_chdir
                0x001115ec       0xf8 C:/devkitPro/libctru/lib\libctru.a(archive_dev.o)
 .text.archive_ftruncate
                0x001116e4       0x8c C:/devkitPro/libctru/lib\libctru.a(archive_dev.o)
 .text.archive_read
                0x00111770       0xbc C:/devkitPro/libctru/lib\libctru.a(archive_dev.o)
 .text.archive_unlink
                0x0011182c       0xa8 C:/devkitPro/libctru/lib\libctru.a(archive_dev.o)
 .text.archive_rmdir
                0x001118d4       0xc0 C:/devkitPro/libctru/lib\libctru.a(archive_dev.o)
 .text.archive_mkdir
                0x00111994       0xd8 C:/devkitPro/libctru/lib\libctru.a(archive_dev.o)
 .text.archive_stat
                0x00111a6c      0x1a0 C:/devkitPro/libctru/lib\libctru.a(archive_dev.o)
 .text.archive_dirnext
                0x00111c0c      0x164 C:/devkitPro/libctru/lib\libctru.a(archive_dev.o)
 .text.archive_write
                0x00111d70      0x13c C:/devkitPro/libctru/lib\libctru.a(archive_dev.o)
 *fill*         0x00111eac        0x4 
 .text.archive_open
                0x00111eb0      0x254 C:/devkitPro/libctru/lib\libctru.a(archive_dev.o)
 .text.archive_rename
                0x00112104      0x270 C:/devkitPro/libctru/lib\libctru.a(archive_dev.o)
 .text.archiveMountSdmc
                0x00112374      0x1c8 C:/devkitPro/libctru/lib\libctru.a(archive_dev.o)
                0x00112374                archiveMountSdmc
 .text.archiveUnmountAll
                0x0011253c       0x54 C:/devkitPro/libctru/lib\libctru.a(archive_dev.o)
                0x0011253c                archiveUnmountAll
 .text.decode_utf8
                0x00112590      0x140 C:/devkitPro/libctru/lib\libctru.a(decode_utf8.o)
                0x00112590                decode_utf8
 .text.utf16_to_utf8
                0x001126d0       0xe8 C:/devkitPro/libctru/lib\libctru.a(utf16_to_utf8.o)
                0x001126d0                utf16_to_utf8
 .text.utf8_to_utf16
                0x001127b8       0xc0 C:/devkitPro/libctru/lib\libctru.a(utf8_to_utf16.o)
                0x001127b8                utf8_to_utf16
 .text.__aeabi_read_tp
                0x00112878        0xc C:/devkitPro/libctru/lib\libctru.a(readtp.o)
                0x00112878                __aeabi_read_tp
 .text.decode_utf16
                0x00112884       0x54 C:/devkitPro/libctru/lib\libctru.a(decode_utf16.o)
                0x00112884                decode_utf16
 .text.encode_utf16
                0x001128d8       0x54 C:/devkitPro/libctru/lib\libctru.a(encode_utf16.o)
                0x001128d8                encode_utf16
 .text.encode_utf8
                0x0011292c       0xe0 C:/devkitPro/libctru/lib\libctru.a(encode_utf8.o)
                0x0011292c                encode_utf8
 .text.__udivmoddi4
                0x00112a0c      0x130 C:/devkitPro/devkitARM/bin/../lib/gcc/arm-none-eabi/15.1.0/armv6k/fpu\libgcc.a(_udivmoddi4.o)
                0x00112a0c                __udivmoddi4
 .text.strncmp  0x00112b3c       0xd8 C:/devkitPro/devkitARM/bin/../lib/gcc/arm-none-eabi/15.1.0/../../../../arm-none-eabi/lib/armv6k/fpu\libg.a(libc_a-strncmp.o)
                0x00112b3c                strncmp
 .text._fclose_r
                0x00112c14      0x144 C:/devkitPro/devkitARM/bin/../lib/gcc/arm-none-eabi/15.1.0/../../../../arm-none-eabi/lib/armv6k/fpu\libg.a(libc_a-fclose.o)
                0x00112c14                _fclose_r
 .text.fclose   0x00112d58       0x20 C:/devkitPro/devkitARM/bin/../lib/gcc/arm-none-eabi/15.1.0/../../../../arm-none-eabi/lib/armv6k/fpu\libg.a(libc_a-fclose.o)
                0x00112d58                fclose
 .text.stat     0x00112d78       0x28 C:/devkitPro/devkitARM/bin/../lib/gcc/arm-none-eabi/15.1.0/../../../../arm-none-eabi/lib/armv6k/fpu\libg.a(libc_a-sysstat.o)
                0x00112d78                stat
 .text.strlen   0x00112da0       0x8c C:/devkitPro/devkitARM/bin/../lib/gcc/arm-none-eabi/15.1.0/../../../../arm-none-eabi/lib/armv6k/fpu\libg.a(libc_a-strlen.o)
                0x00112da0                strlen
 .text.stdio_exit_handler
                0x00112e2c       0x1c C:/devkitPro/devkitARM/bin/../lib/gcc/arm-none-eabi/15.1.0/../../../../arm-none-eabi/lib/armv6k/fpu\libg.a(libc_a-findfp.o)
 .text.cleanup_stdio
                0x00112e48       0x5c C:/devkitPro/devkitARM/bin/../lib/gcc/arm-none-eabi/15.1.0/../../../../arm-none-eabi/lib/armv6k/fpu\libg.a(libc_a-findfp.o)
 .text.global_stdio_init.part.0
                0x00112ea4      0x154 C:/devkitPro/devkitARM/bin/../lib/gcc/arm-none-eabi/15.1.0/../../../../arm-none-eabi/lib/armv6k/fpu\libg.a(libc_a-findfp.o)
 .text.__sfp    0x00112ff8      0x138 C:/devkitPro/devkitARM/bin/../lib/gcc/arm-none-eabi/15.1.0/../../../../arm-none-eabi/lib/armv6k/fpu\libg.a(libc_a-findfp.o)
                0x00112ff8                __sfp
 .text.__sinit  0x00113130       0x5c C:/devkitPro/devkitARM/bin/../lib/gcc/arm-none-eabi/15.1.0/../../../../arm-none-eabi/lib/armv6k/fpu\libg.a(libc_a-findfp.o)
                0x00113130                __sinit
 .text.__sfp_lock_acquire
                0x0011318c        0xc C:/devkitPro/devkitARM/bin/../lib/gcc/arm-none-eabi/15.1.0/../../../../arm-none-eabi/lib/armv6k/fpu\libg.a(libc_a-findfp.o)
                0x0011318c                __sfp_lock_acquire
 .text.__sfp_lock_release
                0x00113198        0xc C:/devkitPro/devkitARM/bin/../lib/gcc/arm-none-eabi/15.1.0/../../../../arm-none-eabi/lib/armv6k/fpu\libg.a(libc_a-findfp.o)
                0x00113198                __sfp_lock_release
 .text._strtoul_l.isra.0
                0x001131a4      0x1ec C:/devkitPro/devkitARM/bin/../lib/gcc/arm-none-eabi/15.1.0/../../../../arm-none-eabi/lib/armv6k/fpu\libg.a(libc_a-strtoul.o)
 .text.strtoul  0x00113390       0x3c C:/devkitPro/devkitARM/bin/../lib/gcc/arm-none-eabi/15.1.0/../../../../arm-none-eabi/lib/armv6k/fpu\libg.a(libc_a-strtoul.o)
                0x00113390                strtoul
 .text.__libc_init_array
                0x001133cc       0x84 C:/devkitPro/devkitARM/bin/../lib/gcc/arm-none-eabi/15.1.0/../../../../arm-none-eabi/lib/armv6k/fpu\libg.a(libc_a-init.o)
                0x001133cc                __libc_init_array
 .text.strncat  0x00113450       0x9c C:/devkitPro/devkitARM/bin/../lib/gcc/arm-none-eabi/15.1.0/../../../../arm-none-eabi/lib/armv6k/fpu\libg.a(libc_a-strncat.o)
                0x00113450                strncat
 .text._fwalk_sglue
                0x001134ec       0x70 C:/devkitPro/devkitARM/bin/../lib/gcc/arm-none-eabi/15.1.0/../../../../arm-none-eabi/lib/armv6k/fpu\libg.a(libc_a-fwalk.o)
                0x001134ec                _fwalk_sglue
 .text.bsearch  0x0011355c       0x78 C:/devkitPro/devkitARM/bin/../lib/gcc/arm-none-eabi/15.1.0/../../../../arm-none-eabi/lib/armv6k/fpu\libg.a(libc_a-bsearch.o)
                0x0011355c                bsearch
 .text.__errno  0x001135d4        0xc C:/devkitPro/devkitARM/bin/../lib/gcc/arm-none-eabi/15.1.0/../../../../arm-none-eabi/lib/armv6k/fpu\libg.a(libc_a-errno.o)
                0x001135d4                __errno
 .text.calloc   0x001135e0       0x28 C:/devkitPro/devkitARM/bin/../lib/gcc/arm-none-eabi/15.1.0/../../../../arm-none-eabi/lib/armv6k/fpu\libg.a(libc_a-calloc.o)
                0x001135e0                calloc
 .text.strrchr  0x00113608       0x48 C:/devkitPro/devkitARM/bin/../lib/gcc/arm-none-eabi/15.1.0/../../../../arm-none-eabi/lib/armv6k/fpu\libg.a(libc_a-strrchr.o)
                0x00113608                strrchr
 .text._puts_r  0x00113650       0xe0 C:/devkitPro/devkitARM/bin/../lib/gcc/arm-none-eabi/15.1.0/../../../../arm-none-eabi/lib/armv6k/fpu\libg.a(libc_a-puts.o)
                0x00113650                _puts_r
 .text.puts     0x00113730       0x20 C:/devkitPro/devkitARM/bin/../lib/gcc/arm-none-eabi/15.1.0/../../../../arm-none-eabi/lib/armv6k/fpu\libg.a(libc_a-puts.o)
                0x00113730                puts
 .text._calloc_r
                0x00113750       0xd8 C:/devkitPro/devkitARM/bin/../lib/gcc/arm-none-eabi/15.1.0/../../../../arm-none-eabi/lib/armv6k/fpu\libg.a(libc_a-callocr.o)
                0x00113750                _calloc_r
 .text._fseek_r
                0x00113828       0x1c C:/devkitPro/devkitARM/bin/../lib/gcc/arm-none-eabi/15.1.0/../../../../arm-none-eabi/lib/armv6k/fpu\libg.a(libc_a-fseek.o)
                0x00113828                _fseek_r
 .text.fseek    0x00113844       0x34 C:/devkitPro/devkitARM/bin/../lib/gcc/arm-none-eabi/15.1.0/../../../../arm-none-eabi/lib/armv6k/fpu\libg.a(libc_a-fseek.o)
                0x00113844                fseek
 .text.memalign
                0x00113878       0x28 C:/devkitPro/devkitARM/bin/../lib/gcc/arm-none-eabi/15.1.0/../../../../arm-none-eabi/lib/armv6k/fpu\libg.a(libc_a-malign.o)
                0x00113878                memalign
 .text._malloc_r
                0x001138a0      0x82c C:/devkitPro/devkitARM/bin/../lib/gcc/arm-none-eabi/15.1.0/../../../../arm-none-eabi/lib/armv6k/fpu\libg.a(libc_a-mallocr.o)
                0x001138a0                _malloc_r
 .text.strcpy   0x001140cc       0xf0 C:/devkitPro/devkitARM/bin/../lib/gcc/arm-none-eabi/15.1.0/../../../../arm-none-eabi/lib/armv6k/fpu\libg.a(libc_a-strcpy.o)
                0x001140cc                strcpy
 .text._malloc_trim_r
                0x001141bc      0x114 C:/devkitPro/devkitARM/bin/../lib/gcc/arm-none-eabi/15.1.0/../../../../arm-none-eabi/lib/armv6k/fpu\libg.a(libc_a-freer.o)
                0x001141bc                _malloc_trim_r
 .text._free_r  0x001142d0      0x314 C:/devkitPro/devkitARM/bin/../lib/gcc/arm-none-eabi/15.1.0/../../../../arm-none-eabi/lib/armv6k/fpu\libg.a(libc_a-freer.o)
                0x001142d0                _free_r
 .text.snprintf
                0x001145e4       0xa0 C:/devkitPro/devkitARM/bin/../lib/gcc/arm-none-eabi/15.1.0/../../../../arm-none-eabi/lib/armv6k/fpu\libg.a(libc_a-snprintf.o)
                0x001145e4                snprintf
 .text.get_arg  0x00114684      0x5e0 C:/devkitPro/devkitARM/bin/../lib/gcc/arm-none-eabi/15.1.0/../../../../arm-none-eabi/lib/armv6k/fpu\libg.a(libc_a-svfprintf.o)
 *fill*         0x00114c64        0x4 
 .text._svfprintf_r
                0x00114c68     0x345c C:/devkitPro/devkitARM/bin/../lib/gcc/arm-none-eabi/15.1.0/../../../../arm-none-eabi/lib/armv6k/fpu\libg.a(libc_a-svfprintf.o)
                0x00114c68                _svfprintf_r
 .text.printf   0x001180c4       0x34 C:/devkitPro/devkitARM/bin/../lib/gcc/arm-none-eabi/15.1.0/../../../../arm-none-eabi/lib/armv6k/fpu\libg.a(libc_a-printf.o)
                0x001180c4                printf
 .text.strnlen  0x001180f8       0x3c C:/devkitPro/devkitARM/bin/../lib/gcc/arm-none-eabi/15.1.0/../../../../arm-none-eabi/lib/armv6k/fpu\libg.a(libc_a-strnlen.o)
                0x001180f8                strnlen
 .text.malloc   0x00118134       0x40 C:/devkitPro/devkitARM/bin/../lib/gcc/arm-none-eabi/15.1.0/../../../../arm-none-eabi/lib/armv6k/fpu\libg.a(libc_a-malloc.o)
                0x00118134                malloc
 .text.free     0x00118174       0x20 C:/devkitPro/devkitARM/bin/../lib/gcc/arm-none-eabi/15.1.0/../../../../arm-none-eabi/lib/armv6k/fpu\libg.a(libc_a-malloc.o)
                0x00118174                free
 .text.__sflush_r
                0x00118194      0x22c C:/devkitPro/devkitARM/bin/../lib/gcc/arm-none-eabi/15.1.0/../../../../arm-none-eabi/lib/armv6k/fpu\libg.a(libc_a-fflush.o)
                0x00118194                __sflush_r
 .text._fflush_r
                0x001183c0       0xc4 C:/devkitPro/devkitARM/bin/../lib/gcc/arm-none-eabi/15.1.0/../../../../arm-none-eabi/lib/armv6k/fpu\libg.a(libc_a-fflush.o)
                0x001183c0                _fflush_r
 .text.memset   0x00118484       0xe4 C:/devkitPro/devkitARM/bin/../lib/gcc/arm-none-eabi/15.1.0/../../../../arm-none-eabi/lib/armv6k/fpu\libg.a(libc_a-memset.o)
                0x00118484                memset
 .text._fread_r
                0x00118568      0x334 C:/devkitPro/devkitARM/bin/../lib/gcc/arm-none-eabi/15.1.0/../../../../arm-none-eabi/lib/armv6k/fpu\libg.a(libc_a-fread.o)
                0x00118568                _fread_r
 .text.fread    0x0011889c       0x38 C:/devkitPro/devkitARM/bin/../lib/gcc/arm-none-eabi/15.1.0/../../../../arm-none-eabi/lib/armv6k/fpu\libg.a(libc_a-fread.o)
                0x0011889c                fread
 .text.__malloc_lock
                0x001188d4        0xc C:/devkitPro/devkitARM/bin/../lib/gcc/arm-none-eabi/15.1.0/../../../../arm-none-eabi/lib/armv6k/fpu\libg.a(libc_a-mlock.o)
                0x001188d4                __malloc_lock
 .text.__malloc_unlock
                0x001188e0        0xc C:/devkitPro/devkitARM/bin/../lib/gcc/arm-none-eabi/15.1.0/../../../../arm-none-eabi/lib/armv6k/fpu\libg.a(libc_a-mlock.o)
                0x001188e0                __malloc_unlock
 .text.__call_exitprocs
                0x001188ec        0x4 C:/devkitPro/devkitARM/bin/../lib/gcc/arm-none-eabi/15.1.0/../../../../arm-none-eabi/lib/armv6k/fpu\libg.a(libc_a-exit.o)
                0x001188ec                __call_exitprocs
 .text.exit     0x001188f0       0x30 C:/devkitPro/devkitARM/bin/../lib/gcc/arm-none-eabi/15.1.0/../../../../arm-none-eabi/lib/armv6k/fpu\libg.a(libc_a-exit.o)
                0x001188f0                exit
 .text.setvbuf  0x00118920      0x294 C:/devkitPro/devkitARM/bin/../lib/gcc/arm-none-eabi/15.1.0/../../../../arm-none-eabi/lib/armv6k/fpu\libg.a(libc_a-setvbuf.o)
                0x00118920                setvbuf
 .text._fopen_r
                0x00118bb4      0x134 C:/devkitPro/devkitARM/bin/../lib/gcc/arm-none-eabi/15.1.0/../../../../arm-none-eabi/lib/armv6k/fpu\libg.a(libc_a-fopen.o)
                0x00118bb4                _fopen_r
 .text.fopen    0x00118ce8       0x28 C:/devkitPro/devkitARM/bin/../lib/gcc/arm-none-eabi/15.1.0/../../../../arm-none-eabi/lib/armv6k/fpu\libg.a(libc_a-fopen.o)
                0x00118ce8                fopen
 .text.strncpy  0x00118d10       0xd4 C:/devkitPro/devkitARM/bin/../lib/gcc/arm-none-eabi/15.1.0/../../../../arm-none-eabi/lib/armv6k/fpu\libg.a(libc_a-strncpy.o)
                0x00118d10                strncpy
 .text.memcpy   0x00118de4      0x12c C:/devkitPro/devkitARM/bin/../lib/gcc/arm-none-eabi/15.1.0/../../../../arm-none-eabi/lib/armv6k/fpu\libg.a(libc_a-memcpy-stub.o)
                0x00118de4                memcpy
 .text._wcsrtombs_r
                0x00118f10       0x28 C:/devkitPro/devkitARM/bin/../lib/gcc/arm-none-eabi/15.1.0/../../../../arm-none-eabi/lib/armv6k/fpu\libg.a(libc_a-wcsrtombs.o)
                0x00118f10                _wcsrtombs_r
 .text.frexp    0x00118f38       0x88 C:/devkitPro/devkitARM/bin/../lib/gcc/arm-none-eabi/15.1.0/../../../../arm-none-eabi/lib/armv6k/fpu\libg.a(libm_a-s_frexp.o)
                0x00118f38                frexp
 .text.__sfvwrite_r
                0x00118fc0      0x4a4 C:/devkitPro/devkitARM/bin/../lib/gcc/arm-none-eabi/15.1.0/../../../../arm-none-eabi/lib/armv6k/fpu\libg.a(libc_a-fvwrite.o)
                0x00118fc0                __sfvwrite_r
 .text.strchr   0x00119464      0x140 C:/devkitPro/devkitARM/bin/../lib/gcc/arm-none-eabi/15.1.0/../../../../arm-none-eabi/lib/armv6k/fpu\libg.a(libc_a-strchr.o)
                0x00119464                strchr
 .text.__sread  0x001195a4       0x44 C:/devkitPro/devkitARM/bin/../lib/gcc/arm-none-eabi/15.1.0/../../../../arm-none-eabi/lib/armv6k/fpu\libg.a(libc_a-stdio.o)
                0x001195a4                __sread
 .text.__swrite
                0x001195e8       0x68 C:/devkitPro/devkitARM/bin/../lib/gcc/arm-none-eabi/15.1.0/../../../../arm-none-eabi/lib/armv6k/fpu\libg.a(libc_a-stdio.o)
                0x001195e8                __swrite
 .text.__sseek  0x00119650       0x40 C:/devkitPro/devkitARM/bin/../lib/gcc/arm-none-eabi/15.1.0/../../../../arm-none-eabi/lib/armv6k/fpu\libg.a(libc_a-stdio.o)
                0x00119650                __sseek
 .text.__sclose
                0x00119690        0x8 C:/devkitPro/devkitARM/bin/../lib/gcc/arm-none-eabi/15.1.0/../../../../arm-none-eabi/lib/armv6k/fpu\libg.a(libc_a-stdio.o)
                0x00119690                __sclose
 .text.memmove  0x00119698      0x16c C:/devkitPro/devkitARM/bin/../lib/gcc/arm-none-eabi/15.1.0/../../../../arm-none-eabi/lib/armv6k/fpu\libg.a(libc_a-memmove.o)
                0x00119698                memmove
 .text.__locale_mb_cur_max
                0x00119804       0x24 C:/devkitPro/devkitARM/bin/../lib/gcc/arm-none-eabi/15.1.0/../../../../arm-none-eabi/lib/armv6k/fpu\libg.a(libc_a-locale.o)
                0x00119804                __locale_mb_cur_max
 .text.__ssprint_r
                0x00119828       0xa4 C:/devkitPro/devkitARM/bin/../lib/gcc/arm-none-eabi/15.1.0/../../../../arm-none-eabi/lib/armv6k/fpu\libg.a(libc_a-ssprint_r.o)
                0x00119828                __ssprint_r
 .text._memalign_r
                0x001198cc      0x16c C:/devkitPro/devkitARM/bin/../lib/gcc/arm-none-eabi/15.1.0/../../../../arm-none-eabi/lib/armv6k/fpu\libg.a(libc_a-malignr.o)
                0x001198cc                _memalign_r
 .text._wcsnrtombs_l
                0x00119a38      0x15c C:/devkitPro/devkitARM/bin/../lib/gcc/arm-none-eabi/15.1.0/../../../../arm-none-eabi/lib/armv6k/fpu\libg.a(libc_a-wcsnrtombs.o)
                0x00119a38                _wcsnrtombs_l
 .text._wcsnrtombs_r
                0x00119b94       0x64 C:/devkitPro/devkitARM/bin/../lib/gcc/arm-none-eabi/15.1.0/../../../../arm-none-eabi/lib/armv6k/fpu\libg.a(libc_a-wcsnrtombs.o)
                0x00119b94                _wcsnrtombs_r
 .text.__utf8_mbtowc
                0x00119bf8      0x340 C:/devkitPro/devkitARM/bin/../lib/gcc/arm-none-eabi/15.1.0/../../../../arm-none-eabi/lib/armv6k/fpu\libg.a(libc_a-mbtowc_r.o)
                0x00119bf8                __utf8_mbtowc
 .text._fseeko_r
                0x00119f38      0x588 C:/devkitPro/devkitARM/bin/../lib/gcc/arm-none-eabi/15.1.0/../../../../arm-none-eabi/lib/armv6k/fpu\libg.a(libc_a-fseeko.o)
                0x00119f38                _fseeko_r
 .text._localeconv_r
                0x0011a4c0       0x24 C:/devkitPro/devkitARM/bin/../lib/gcc/arm-none-eabi/15.1.0/../../../../arm-none-eabi/lib/armv6k/fpu\libg.a(libc_a-localeconv.o)
                0x0011a4c0                _localeconv_r
 .text.get_arg  0x0011a4e4      0x5e0 C:/devkitPro/devkitARM/bin/../lib/gcc/arm-none-eabi/15.1.0/../../../../arm-none-eabi/lib/armv6k/fpu\libg.a(libc_a-vfprintf.o)
 *fill*         0x0011aac4        0x4 
 .text._vfprintf_r
                0x0011aac8     0x3554 C:/devkitPro/devkitARM/bin/../lib/gcc/arm-none-eabi/15.1.0/../../../../arm-none-eabi/lib/armv6k/fpu\libg.a(libc_a-vfprintf.o)
                0x0011aac8                _vfprintf_r
 .text.__sbprintf
                0x0011e01c       0xb4 C:/devkitPro/devkitARM/bin/../lib/gcc/arm-none-eabi/15.1.0/../../../../arm-none-eabi/lib/armv6k/fpu\libg.a(libc_a-vfprintf.o)
 .text.memchr   0x0011e0d0       0xe8 C:/devkitPro/devkitARM/bin/../lib/gcc/arm-none-eabi/15.1.0/../../../../arm-none-eabi/lib/armv6k/fpu\libg.a(libc_a-memchr-stub.o)
                0x0011e0d0                memchr
 .text.quorem   0x0011e1b8      0x1c0 C:/devkitPro/devkitARM/bin/../lib/gcc/arm-none-eabi/15.1.0/../../../../arm-none-eabi/lib/armv6k/fpu\libg.a(libc_a-dtoa.o)
 .text._dtoa_r  0x0011e378     0x13f0 C:/devkitPro/devkitARM/bin/../lib/gcc/arm-none-eabi/15.1.0/../../../../arm-none-eabi/lib/armv6k/fpu\libg.a(libc_a-dtoa.o)
                0x0011e378                _dtoa_r
 .text._wcrtomb_r
                0x0011f768       0xa0 C:/devkitPro/devkitARM/bin/../lib/gcc/arm-none-eabi/15.1.0/../../../../arm-none-eabi/lib/armv6k/fpu\libg.a(libc_a-wcrtomb.o)
                0x0011f768                _wcrtomb_r
 .text.__sflags
                0x0011f808       0xb8 C:/devkitPro/devkitARM/bin/../lib/gcc/arm-none-eabi/15.1.0/../../../../arm-none-eabi/lib/armv6k/fpu\libg.a(libc_a-flags.o)
                0x0011f808                __sflags
 .text.__libc_fini_array
                0x0011f8c0       0x3c C:/devkitPro/devkitARM/bin/../lib/gcc/arm-none-eabi/15.1.0/../../../../arm-none-eabi/lib/armv6k/fpu\libg.a(libc_a-fini.o)
                0x0011f8c0                __libc_fini_array
 .text.lflush   0x0011f8fc       0x38 C:/devkitPro/devkitARM/bin/../lib/gcc/arm-none-eabi/15.1.0/../../../../arm-none-eabi/lib/armv6k/fpu\libg.a(libc_a-refill.o)
 .text.__srefill_r
                0x0011f934      0x1a8 C:/devkitPro/devkitARM/bin/../lib/gcc/arm-none-eabi/15.1.0/../../../../arm-none-eabi/lib/armv6k/fpu\libg.a(libc_a-refill.o)
                0x0011f934                __srefill_r
 .text.__smakebuf_r
                0x0011fadc      0x164 C:/devkitPro/devkitARM/bin/../lib/gcc/arm-none-eabi/15.1.0/../../../../arm-none-eabi/lib/armv6k/fpu\libg.a(libc_a-makebuf.o)
                0x0011fadc                __smakebuf_r
 .text.__swhatbuf_r
                0x0011fc40       0x90 C:/devkitPro/devkitARM/bin/../lib/gcc/arm-none-eabi/15.1.0/../../../../arm-none-eabi/lib/armv6k/fpu\libg.a(libc_a-makebuf.o)
                0x0011fc40                __swhatbuf_r
 .text._realloc_r
                0x0011fcd0      0x4f0 C:/devkitPro/devkitARM/bin/../lib/gcc/arm-none-eabi/15.1.0/../../../../arm-none-eabi/lib/armv6k/fpu\libg.a(libc_a-reallocr.o)
                0x0011fcd0                _realloc_r
 .text.__ssputs_r
                0x001201c0      0x12c C:/devkitPro/devkitARM/bin/../lib/gcc/arm-none-eabi/15.1.0/../../../../arm-none-eabi/lib/armv6k/fpu\libg.a(libc_a-ssputs_r.o)
                0x001201c0                __ssputs_r
 .text.__utf8_wctomb
                0x001202ec       0xf8 C:/devkitPro/devkitARM/bin/../lib/gcc/arm-none-eabi/15.1.0/../../../../arm-none-eabi/lib/armv6k/fpu\libg.a(libc_a-wctomb_r.o)
                0x001202ec                __utf8_wctomb
 .text.__swsetup_r
                0x001203e4      0x140 C:/devkitPro/devkitARM/bin/../lib/gcc/arm-none-eabi/15.1.0/../../../../arm-none-eabi/lib/armv6k/fpu\libg.a(libc_a-wsetup.o)
                0x001203e4                __swsetup_r
 .text.__assert_func
                0x00120524       0x5c C:/devkitPro/devkitARM/bin/../lib/gcc/arm-none-eabi/15.1.0/../../../../arm-none-eabi/lib/armv6k/fpu\libg.a(libc_a-assert.o)
                0x00120524                __assert_func
 .text._Balloc  0x00120580       0x88 C:/devkitPro/devkitARM/bin/../lib/gcc/arm-none-eabi/15.1.0/../../../../arm-none-eabi/lib/armv6k/fpu\libg.a(libc_a-mprec.o)
                0x00120580                _Balloc
 .text._Bfree   0x00120608       0x1c C:/devkitPro/devkitARM/bin/../lib/gcc/arm-none-eabi/15.1.0/../../../../arm-none-eabi/lib/armv6k/fpu\libg.a(libc_a-mprec.o)
                0x00120608                _Bfree
 .text.__multadd
                0x00120624       0xf4 C:/devkitPro/devkitARM/bin/../lib/gcc/arm-none-eabi/15.1.0/../../../../arm-none-eabi/lib/armv6k/fpu\libg.a(libc_a-mprec.o)
                0x00120624                __multadd
 .text.__hi0bits
                0x00120718       0x80 C:/devkitPro/devkitARM/bin/../lib/gcc/arm-none-eabi/15.1.0/../../../../arm-none-eabi/lib/armv6k/fpu\libg.a(libc_a-mprec.o)
                0x00120718                __hi0bits
 .text.__lo0bits
                0x00120798       0xf0 C:/devkitPro/devkitARM/bin/../lib/gcc/arm-none-eabi/15.1.0/../../../../arm-none-eabi/lib/armv6k/fpu\libg.a(libc_a-mprec.o)
                0x00120798                __lo0bits
 .text.__i2b    0x00120888       0xa4 C:/devkitPro/devkitARM/bin/../lib/gcc/arm-none-eabi/15.1.0/../../../../arm-none-eabi/lib/armv6k/fpu\libg.a(libc_a-mprec.o)
                0x00120888                __i2b
 .text.__multiply
                0x0012092c      0x230 C:/devkitPro/devkitARM/bin/../lib/gcc/arm-none-eabi/15.1.0/../../../../arm-none-eabi/lib/armv6k/fpu\libg.a(libc_a-mprec.o)
                0x0012092c                __multiply
 .text.__pow5mult
                0x00120b5c      0x130 C:/devkitPro/devkitARM/bin/../lib/gcc/arm-none-eabi/15.1.0/../../../../arm-none-eabi/lib/armv6k/fpu\libg.a(libc_a-mprec.o)
                0x00120b5c                __pow5mult
 .text.__lshift
                0x00120c8c      0x138 C:/devkitPro/devkitARM/bin/../lib/gcc/arm-none-eabi/15.1.0/../../../../arm-none-eabi/lib/armv6k/fpu\libg.a(libc_a-mprec.o)
                0x00120c8c                __lshift
 .text.__mcmp   0x00120dc4       0x58 C:/devkitPro/devkitARM/bin/../lib/gcc/arm-none-eabi/15.1.0/../../../../arm-none-eabi/lib/armv6k/fpu\libg.a(libc_a-mprec.o)
                0x00120dc4                __mcmp
 .text.__mdiff  0x00120e1c      0x218 C:/devkitPro/devkitARM/bin/../lib/gcc/arm-none-eabi/15.1.0/../../../../arm-none-eabi/lib/armv6k/fpu\libg.a(libc_a-mprec.o)
                0x00120e1c                __mdiff
 .text.__d2b    0x00121034      0x120 C:/devkitPro/devkitARM/bin/../lib/gcc/arm-none-eabi/15.1.0/../../../../arm-none-eabi/lib/armv6k/fpu\libg.a(libc_a-mprec.o)
                0x00121034                __d2b
 .text.fiprintf
                0x00121154       0x3c C:/devkitPro/devkitARM/bin/../lib/gcc/arm-none-eabi/15.1.0/../../../../arm-none-eabi/lib/armv6k/fpu\libg.a(libc_a-fiprintf.o)
                0x00121154                fiprintf
 .text.__sprint_r
                0x00121190       0x30 C:/devkitPro/devkitARM/bin/../lib/gcc/arm-none-eabi/15.1.0/../../../../arm-none-eabi/lib/armv6k/fpu\libg.a(libc_a-sprint_r.o)
                0x00121190                __sprint_r
 .text.abort    0x001211c0       0x14 C:/devkitPro/devkitARM/bin/../lib/gcc/arm-none-eabi/15.1.0/../../../../arm-none-eabi/lib/armv6k/fpu\libg.a(libc_a-abort.o)
                0x001211c0                abort
 .text._raise_r
                0x001211d4       0x9c C:/devkitPro/devkitARM/bin/../lib/gcc/arm-none-eabi/15.1.0/../../../../arm-none-eabi/lib/armv6k/fpu\libg.a(libc_a-signal.o)
                0x001211d4                _raise_r
 .text.raise    0x00121270       0x20 C:/devkitPro/devkitARM/bin/../lib/gcc/arm-none-eabi/15.1.0/../../../../arm-none-eabi/lib/armv6k/fpu\libg.a(libc_a-signal.o)
                0x00121270                raise
 .text.get_arg  0x00121290      0x5e0 C:/devkitPro/devkitARM/bin/../lib/gcc/arm-none-eabi/15.1.0/../../../../arm-none-eabi/lib/armv6k/fpu\libg.a(libc_a-vfiprintf.o)
 .text._vfiprintf_r
                0x00121870     0x22f8 C:/devkitPro/devkitARM/bin/../lib/gcc/arm-none-eabi/15.1.0/../../../../arm-none-eabi/lib/armv6k/fpu\libg.a(libc_a-vfiprintf.o)
                0x00121870                _vfiprintf_r
 .text.__sbprintf
                0x00123b68       0xb4 C:/devkitPro/devkitARM/bin/../lib/gcc/arm-none-eabi/15.1.0/../../../../arm-none-eabi/lib/armv6k/fpu\libg.a(libc_a-vfiprintf.o)
 .text._exit    0x00123c1c       0x20 C:/devkitPro/devkitARM/bin/../lib/gcc/arm-none-eabi/15.1.0/../../../../arm-none-eabi/lib/armv6k/fpu\libsysbase.a(libsysbase_libsysbase_a-_exit.o)
                0x00123c1c                _exit
 .text.chdir    0x00123c3c      0x140 C:/devkitPro/devkitARM/bin/../lib/gcc/arm-none-eabi/15.1.0/../../../../arm-none-eabi/lib/armv6k/fpu\libsysbase.a(libsysbase_libsysbase_a-chdir.o)
                0x00123c3c                chdir
 .text._concatenate_path
                0x00123d7c      0x1c8 C:/devkitPro/devkitARM/bin/../lib/gcc/arm-none-eabi/15.1.0/../../../../arm-none-eabi/lib/armv6k/fpu\libsysbase.a(libsysbase_libsysbase_a-concatenate.o)
                0x00123d7c                _concatenate_path
 .text.__dirnext
                0x00123f44       0x70 C:/devkitPro/devkitARM/bin/../lib/gcc/arm-none-eabi/15.1.0/../../../../arm-none-eabi/lib/armv6k/fpu\libsysbase.a(libsysbase_libsysbase_a-dirent.o)
 .text.opendir  0x00123fb4      0x114 C:/devkitPro/devkitARM/bin/../lib/gcc/arm-none-eabi/15.1.0/../../../../arm-none-eabi/lib/armv6k/fpu\libsysbase.a(libsysbase_libsysbase_a-dirent.o)
                0x00123fb4                opendir
 .text.closedir
                0x001240c8       0x98 C:/devkitPro/devkitARM/bin/../lib/gcc/arm-none-eabi/15.1.0/../../../../arm-none-eabi/lib/armv6k/fpu\libsysbase.a(libsysbase_libsysbase_a-dirent.o)
                0x001240c8                closedir
 .text.readdir_r
                0x00124160       0xf8 C:/devkitPro/devkitARM/bin/../lib/gcc/arm-none-eabi/15.1.0/../../../../arm-none-eabi/lib/armv6k/fpu\libsysbase.a(libsysbase_libsysbase_a-dirent.o)
                0x00124160                readdir_r
 .text.readdir  0x00124258       0x48 C:/devkitPro/devkitARM/bin/../lib/gcc/arm-none-eabi/15.1.0/../../../../arm-none-eabi/lib/armv6k/fpu\libsysbase.a(libsysbase_libsysbase_a-dirent.o)
                0x00124258                readdir
 .text._fstat_r
                0x001242a0       0x9c C:/devkitPro/devkitARM/bin/../lib/gcc/arm-none-eabi/15.1.0/../../../../arm-none-eabi/lib/armv6k/fpu\libsysbase.a(libsysbase_libsysbase_a-fstat.o)
                0x001242a0                _fstat_r
 .text._getpid_r
                0x0012433c       0x14 C:/devkitPro/devkitARM/bin/../lib/gcc/arm-none-eabi/15.1.0/../../../../arm-none-eabi/lib/armv6k/fpu\libsysbase.a(libsysbase_libsysbase_a-getpid.o)
                0x0012433c                _getpid_r
 .text.__getreent
                0x00124350       0x2c C:/devkitPro/devkitARM/bin/../lib/gcc/arm-none-eabi/15.1.0/../../../../arm-none-eabi/lib/armv6k/fpu\libsysbase.a(libsysbase_libsysbase_a-getreent.o)
                0x00124350                __getreent
 .text.__release_handle
                0x0012437c       0xa0 C:/devkitPro/devkitARM/bin/../lib/gcc/arm-none-eabi/15.1.0/../../../../arm-none-eabi/lib/armv6k/fpu\libsysbase.a(libsysbase_libsysbase_a-handle_manager.o)
                0x0012437c                __release_handle
 .text.__alloc_handle
                0x0012441c       0xb0 C:/devkitPro/devkitARM/bin/../lib/gcc/arm-none-eabi/15.1.0/../../../../arm-none-eabi/lib/armv6k/fpu\libsysbase.a(libsysbase_libsysbase_a-handle_manager.o)
                0x0012441c                __alloc_handle
 .text.__get_handle
                0x001244cc       0x58 C:/devkitPro/devkitARM/bin/../lib/gcc/arm-none-eabi/15.1.0/../../../../arm-none-eabi/lib/armv6k/fpu\libsysbase.a(libsysbase_libsysbase_a-handle_manager.o)
                0x001244cc                __get_handle
 .text._close_r
                0x00124524      0x110 C:/devkitPro/devkitARM/bin/../lib/gcc/arm-none-eabi/15.1.0/../../../../arm-none-eabi/lib/armv6k/fpu\libsysbase.a(libsysbase_libsysbase_a-handle_manager.o)
                0x00124524                _close_r
 .text.null_write
                0x00124634        0x8 C:/devkitPro/devkitARM/bin/../lib/gcc/arm-none-eabi/15.1.0/../../../../arm-none-eabi/lib/armv6k/fpu\libsysbase.a(libsysbase_libsysbase_a-iosupport.o)
 .text.setDefaultDevice
                0x0012463c       0x18 C:/devkitPro/devkitARM/bin/../lib/gcc/arm-none-eabi/15.1.0/../../../../arm-none-eabi/lib/armv6k/fpu\libsysbase.a(libsysbase_libsysbase_a-iosupport.o)
                0x0012463c                setDefaultDevice
 .text.FindDevice
                0x00124654       0xc4 C:/devkitPro/devkitARM/bin/../lib/gcc/arm-none-eabi/15.1.0/../../../../arm-none-eabi/lib/armv6k/fpu\libsysbase.a(libsysbase_libsysbase_a-iosupport.o)
                0x00124654                FindDevice
 .text.RemoveDevice
                0x00124718       0x28 C:/devkitPro/devkitARM/bin/../lib/gcc/arm-none-eabi/15.1.0/../../../../arm-none-eabi/lib/armv6k/fpu\libsysbase.a(libsysbase_libsysbase_a-iosupport.o)
                0x00124718                RemoveDevice
 .text.AddDevice
                0x00124740       0x98 C:/devkitPro/devkitARM/bin/../lib/gcc/arm-none-eabi/15.1.0/../../../../arm-none-eabi/lib/armv6k/fpu\libsysbase.a(libsysbase_libsysbase_a-iosupport.o)
                0x00124740                AddDevice
 .text.GetDeviceOpTab
                0x001247d8       0x20 C:/devkitPro/devkitARM/bin/../lib/gcc/arm-none-eabi/15.1.0/../../../../arm-none-eabi/lib/armv6k/fpu\libsysbase.a(libsysbase_libsysbase_a-iosupport.o)
                0x001247d8                GetDeviceOpTab
 .text._isatty_r
                0x001247f8        0x8 C:/devkitPro/devkitARM/bin/../lib/gcc/arm-none-eabi/15.1.0/../../../../arm-none-eabi/lib/armv6k/fpu\libsysbase.a(libsysbase_libsysbase_a-isatty.o)
                0x001247f8                _isatty_r
 .text._kill_r  0x00124800       0x14 C:/devkitPro/devkitARM/bin/../lib/gcc/arm-none-eabi/15.1.0/../../../../arm-none-eabi/lib/armv6k/fpu\libsysbase.a(libsysbase_libsysbase_a-kill.o)
                0x00124800                _kill_r
 .text._lseek_r
                0x00124814       0x94 C:/devkitPro/devkitARM/bin/../lib/gcc/arm-none-eabi/15.1.0/../../../../arm-none-eabi/lib/armv6k/fpu\libsysbase.a(libsysbase_libsysbase_a-lseek.o)
                0x00124814                _lseek_r
 .text._open_r  0x001248a8       0xc0 C:/devkitPro/devkitARM/bin/../lib/gcc/arm-none-eabi/15.1.0/../../../../arm-none-eabi/lib/armv6k/fpu\libsysbase.a(libsysbase_libsysbase_a-open.o)
                0x001248a8                _open_r
 .text._read_r  0x00124968       0x94 C:/devkitPro/devkitARM/bin/../lib/gcc/arm-none-eabi/15.1.0/../../../../arm-none-eabi/lib/armv6k/fpu\libsysbase.a(libsysbase_libsysbase_a-read.o)
                0x00124968                _read_r
 .text._sbrk_r  0x001249fc       0x78 C:/devkitPro/devkitARM/bin/../lib/gcc/arm-none-eabi/15.1.0/../../../../arm-none-eabi/lib/armv6k/fpu\libsysbase.a(libsysbase_libsysbase_a-sbrk.o)
                0x001249fc                _sbrk_r
 .text._stat_r  0x00124a74       0x80 C:/devkitPro/devkitARM/bin/../lib/gcc/arm-none-eabi/15.1.0/../../../../arm-none-eabi/lib/armv6k/fpu\libsysbase.a(libsysbase_libsysbase_a-stat.o)
                0x00124a74                _stat_r
 .text.__libc_lock_acquire
                0x00124af4       0x1c C:/devkitPro/devkitARM/bin/../lib/gcc/arm-none-eabi/15.1.0/../../../../arm-none-eabi/lib/armv6k/fpu\libsysbase.a(libsysbase_libsysbase_a-syscall_support.o)
                0x00124af4                __libc_lock_acquire
 .text.__libc_lock_release
                0x00124b10       0x1c C:/devkitPro/devkitARM/bin/../lib/gcc/arm-none-eabi/15.1.0/../../../../arm-none-eabi/lib/armv6k/fpu\libsysbase.a(libsysbase_libsysbase_a-syscall_support.o)
                0x00124b10                __libc_lock_release
 .text.__libc_lock_acquire_recursive