Archive member included to satisfy reference by file (symbol)

C:/devkitPro/libctru/lib\libcitro2d.a(base.o)
                              main.o (C2D_Init)
C:/devkitPro/libctru/lib\libcitro2d.a(render2d.shbin.o)
                              C:/devkitPro/libctru/lib\libcitro2d.a(base.o) (render2d_shbin)
C:/devkitPro/libctru/lib\libcitro3d.a(attribs.o)
                              C:/devkitPro/libctru/lib\libcitro2d.a(base.o) (AttrInfo_Init)
C:/devkitPro/libctru/lib\libcitro3d.a(base.o)
                              C:/devkitPro/libctru/lib\libcitro3d.a(attribs.o) (__C3D_Context)
C:/devkitPro/libctru/lib\libcitro3d.a(buffers.o)
                              C:/devkitPro/libctru/lib\libcitro2d.a(base.o) (BufInfo_Init)
C:/devkitPro/libctru/lib\libcitro3d.a(drawElements.o)
                              C:/devkitPro/libctru/lib\libcitro2d.a(base.o) (C3D_DrawElements)
C:/devkitPro/libctru/lib\libcitro3d.a(effect.o)
                              C:/devkitPro/libctru/lib\libcitro3d.a(base.o) (C3D_DepthMap)
C:/devkitPro/libctru/lib\libcitro3d.a(framebuffer.o)
                              C:/devkitPro/libctru/lib\libcitro3d.a(base.o) (C3Di_FrameBufBind)
C:/devkitPro/libctru/lib\libcitro3d.a(immediate.o)
                              C:/devkitPro/libctru/lib\libcitro3d.a(base.o) (C3D_ImmSendAttrib)
C:/devkitPro/libctru/lib\libcitro3d.a(proctex.o)
                              C:/devkitPro/libctru/lib\libcitro2d.a(base.o) (C3D_ProcTexInit)
C:/devkitPro/libctru/lib\libcitro3d.a(renderqueue.o)
                              C:/devkitPro/libctru/lib\libcitro3d.a(base.o) (C3Di_RenderQueueEnableVBlank)
C:/devkitPro/libctru/lib\libcitro3d.a(texenv.o)
                              C:/devkitPro/libctru/lib\libcitro2d.a(base.o) (C3D_GetTexEnv)
C:/devkitPro/libctru/lib\libcitro3d.a(texture.o)
                              C:/devkitPro/libctru/lib\libcitro2d.a(base.o) (C3D_TexBind)
C:/devkitPro/libctru/lib\libcitro3d.a(uniforms.o)
                              C:/devkitPro/libctru/lib\libcitro3d.a(base.o) (C3D_UpdateUniforms)
C:/devkitPro/libctru/lib\libcitro3d.a(mtx_multiply.o)
                              C:/devkitPro/libctru/lib\libcitro2d.a(base.o) (Mtx_Multiply)
C:/devkitPro/libctru/lib\libcitro3d.a(mtx_ortho.o)
                              C:/devkitPro/libctru/lib\libcitro2d.a(base.o) (Mtx_Ortho)
C:/devkitPro/libctru/lib\libcitro3d.a(mtx_orthotilt.o)
                              C:/devkitPro/libctru/lib\libcitro2d.a(base.o) (Mtx_OrthoTilt)
C:/devkitPro/libctru/lib\libcitro3d.a(mtx_rotatez.o)
                              C:/devkitPro/libctru/lib\libcitro2d.a(base.o) (Mtx_RotateZ)
C:/devkitPro/libctru/lib\libcitro3d.a(mtx_scale.o)
                              C:/devkitPro/libctru/lib\libcitro2d.a(base.o) (Mtx_Scale)
C:/devkitPro/libctru/lib\libcitro3d.a(mtx_translate.o)
                              C:/devkitPro/libctru/lib\libcitro2d.a(base.o) (Mtx_Translate)
C:/devkitPro/libctru/lib\libctru.a(linear.o)
                              main.o (linearAlloc)
C:/devkitPro/libctru/lib\libctru.a(mem_pool.o)
                              C:/devkitPro/libctru/lib\libctru.a(linear.o) (MemPool::Allocate(MemChunk&, unsigned long, int))
C:/devkitPro/libctru/lib\libctru.a(vram.o)
                              C:/devkitPro/libctru/lib\libcitro3d.a(renderqueue.o) (vramAlloc)
C:/devkitPro/libctru/lib\libctru.a(console.o)
                              main.o (consoleInit)
C:/devkitPro/libctru/lib\libctru.a(gfx.o)
                              C:/devkitPro/libctru/lib\libcitro2d.a(base.o) (gfxIsWide)
C:/devkitPro/libctru/lib\libctru.a(os.o)
                              C:/devkitPro/libctru/lib\libcitro3d.a(buffers.o) (osConvertVirtToPhys)
C:/devkitPro/libctru/lib\libctru.a(gpu.o)
                              C:/devkitPro/libctru/lib\libcitro3d.a(renderqueue.o) (gpuCmdBuf)
C:/devkitPro/libctru/lib\libctru.a(gx.o)
                              C:/devkitPro/libctru/lib\libcitro3d.a(renderqueue.o) (GX_BindQueue)
C:/devkitPro/libctru/lib\libctru.a(gxqueue.o)
                              C:/devkitPro/libctru/lib\libcitro3d.a(renderqueue.o) (gxCmdQueueClear)
C:/devkitPro/libctru/lib\libctru.a(shaderProgram.o)
                              C:/devkitPro/libctru/lib\libcitro2d.a(base.o) (shaderInstanceGetUniformLocation)
C:/devkitPro/libctru/lib\libctru.a(shbin.o)
                              C:/devkitPro/libctru/lib\libcitro2d.a(base.o) (DVLB_ParseFile)
C:/devkitPro/libctru/lib\libctru.a(ndsp.o)
                              main.o (ndspInit)
C:/devkitPro/libctru/lib\libctru.a(ndsp-channel.o)
                              main.o (ndspChnReset)
C:/devkitPro/libctru/lib\libctru.a(apt.o)
                              C:/devkitPro/libctru/lib\libcitro3d.a(base.o) (aptHook)
C:/devkitPro/libctru/lib\libctru.a(cfgu.o)
                              C:/devkitPro/libctru/lib\libctru.a(ndsp.o) (cfguInit)
C:/devkitPro/libctru/lib\libctru.a(dsp.o)
                              C:/devkitPro/libctru/lib\libctru.a(ndsp.o) (dspInit)
[...]
Memory Configuration

Name             Origin             Length             Attributes
*default*        0x00000000         0xffffffff

Linker script and memory map

                0x00000000                        __sync_synchronize = __sync_synchronize_dmb
                0x00100000                        PROVIDE (__start__ = 0x100000)
                0x00100000                        . = __start__

.text           0x00100000    0x24bc0
 *(.crt0)
 .crt0          0x00100000       0x94 C:/devkitPro/devkitARM/bin/../lib/gcc/arm-none-eabi/15.1.0/../../../../arm-none-eabi/lib/armv6k/fpu/3dsx_crt0.o
                0x00100000                _start
                0x00100008                __service_ptr
                0x0010000c                __apt_appid
                0x00100010                __heap_size
                0x00100014                __linear_heap_size
                0x00100018                __system_arglist
                0x0010001c                __system_runflags
 *(.init)
 .init          0x00100094        0xc C:/devkitPro/devkitARM/bin/../lib/gcc/arm-none-eabi/15.1.0/armv6k/fpu/crti.o
                0x00100094                _init
 .init          0x001000a0        0xc C:/devkitPro/devkitARM/bin/../lib/gcc/arm-none-eabi/15.1.0/armv6k/fpu/crtn.o
                0x001000ac                        . = ALIGN (0x4)
 *(.text)
 .text          0x001000ac      0x20c C:/devkitPro/devkitARM/bin/../lib/gcc/arm-none-eabi/15.1.0/armv6k/fpu\libgcc.a(_udivsi3.o)
                0x001000ac                __aeabi_uidiv
                0x001000ac                __udivsi3
                0x00100298                __aeabi_uidivmod
 .text          0x001002b8      0x240 C:/devkitPro/devkitARM/bin/../lib/gcc/arm-none-eabi/15.1.0/armv6k/fpu\libgcc.a(_divsi3.o)
                0x001002b8                __divsi3
                0x001002b8                __aeabi_idiv
                0x001004d8                __aeabi_idivmod
 .text          0x001004f8        0x4 C:/devkitPro/devkitARM/bin/../lib/gcc/arm-none-eabi/15.1.0/armv6k/fpu\libgcc.a(_dvmd_tls.o)
                0x001004f8                __aeabi_idiv0
                0x001004f8                __aeabi_ldiv0
 .text          0x001004fc       0x3c C:/devkitPro/devkitARM/bin/../lib/gcc/arm-none-eabi/15.1.0/armv6k/fpu\libgcc.a(_aeabi_uldivmod.o)
                0x001004fc                __aeabi_uldivmod
 *fill*         0x00100538        0x8 
 .text          0x00100540      0x390 C:/devkitPro/devkitARM/bin/../lib/gcc/arm-none-eabi/15.1.0/../../../../arm-none-eabi/lib/armv6k/fpu\libg.a(libc_a-strcmp.o)
                0x00100548                strcmp
 *(.text.*)
 .text.__do_global_dtors_aux
                0x001008d0       0x50 C:/devkitPro/devkitARM/bin/../lib/gcc/arm-none-eabi/15.1.0/armv6k/fpu/crtbegin.o
 .text.frame_dummy
                0x00100920       0x2c C:/devkitPro/devkitARM/bin/../lib/gcc/arm-none-eabi/15.1.0/armv6k/fpu/crtbegin.o
 .text.load_wav
                0x0010094c      0x26c main.o
                0x0010094c                load_wav
 .text.play_sample
                0x00100bb8      0x130 main.o
                0x00100bb8                play_sample
 .text.assignSoundToPad
                0x00100ce8       0x7c main.o
                0x00100ce8                assignSoundToPad
 .text.loadDirectory
                0x00100d64      0x130 main.o
                0x00100d64                loadDirectory
 .text.startup.main
                0x00100e94      0x714 main.o
                0x00100e94                main
 .text.C2Di_FrameEndHook
                0x001015a8       0x44 C:/devkitPro/libctru/lib\libcitro2d.a(base.o)
 *fill*         0x001015ec        0x4 
 .text.C2D_Init
                0x001015f0      0x36c C:/devkitPro/libctru/lib\libcitro2d.a(base.o)
                0x001015f0                C2D_Init
 .text.C2D_Fini
                0x0010195c       0x4c C:/devkitPro/libctru/lib\libcitro2d.a(base.o)
                0x0010195c                C2D_Fini
 .text.C2D_Prepare
                0x001019a8       0xb8 C:/devkitPro/libctru/lib\libcitro2d.a(base.o)
                0x001019a8                C2D_Prepare
 .text.C2D_Flush
                0x00101a60       0x48 C:/devkitPro/libctru/lib\libcitro2d.a(base.o)
                0x00101a60                C2D_Flush
 .text.C2D_SceneSize
                0x00101aa8      0x104 C:/devkitPro/libctru/lib\libcitro2d.a(base.o)
                0x00101aa8                C2D_SceneSize
 .text.C2D_CreateScreenTarget
                0x00101bac       0x58 C:/devkitPro/libctru/lib\libcitro2d.a(base.o)
                0x00101bac                C2D_CreateScreenTarget
 .text.C2D_TargetClear
                0x00101c04       0x64 C:/devkitPro/libctru/lib\libcitro2d.a(base.o)
                0x00101c04                C2D_TargetClear
 .text.C2Di_AppendQuad
                0x00101c68       0x58 C:/devkitPro/libctru/lib\libcitro2d.a(base.o)
                0x00101c68                C2Di_AppendQuad
 .text.C2Di_Update
                0x00101cc0      0x550 C:/devkitPro/libctru/lib\libcitro2d.a(base.o)
                0x00101cc0                C2Di_Update
 .text.C2D_DrawRectangle
                0x00102210      0x158 C:/devkitPro/libctru/lib\libcitro2d.a(base.o)
                0x00102210                C2D_DrawRectangle
 .text.AttrInfo_Init
                0x00102368       0x28 C:/devkitPro/libctru/lib\libcitro3d.a(attribs.o)
                0x00102368                AttrInfo_Init
 .text.AttrInfo_AddLoader
                0x00102390       0x94 C:/devkitPro/libctru/lib\libcitro3d.a(attribs.o)
                0x00102390                AttrInfo_AddLoader
 .text.C3D_SetAttrInfo
                0x00102424       0x54 C:/devkitPro/libctru/lib\libcitro3d.a(attribs.o)
                0x00102424                C3D_SetAttrInfo
 .text.C3Di_AttrInfoBind
                0x00102478       0x80 C:/devkitPro/libctru/lib\libcitro3d.a(attribs.o)
                0x00102478                C3Di_AttrInfoBind
 .text.C3Di_LightEnvUpdate
                0x001024f8        0x4 C:/devkitPro/libctru/lib\libcitro3d.a(base.o)
                0x001024f8                C3Di_LightEnvUpdate
 .text.C3Di_LightEnvDirty
                0x001024fc        0x4 C:/devkitPro/libctru/lib\libcitro3d.a(base.o)
                0x001024fc                C3Di_LightEnvDirty
 .text.C3Di_AptEventHook
                0x00102500       0xb4 C:/devkitPro/libctru/lib\libcitro3d.a(base.o)
 .text.C3Di_GasUpdate
                0x001025b4        0x4 C:/devkitPro/libctru/lib\libcitro3d.a(base.o)
                0x001025b4                C3Di_GasUpdate
 .text.C3D_Init
                0x001025b8      0x1d0 C:/devkitPro/libctru/lib\libcitro3d.a(base.o)
                0x001025b8                C3D_Init
 .text.C3D_SetViewport
                0x00102788       0x98 C:/devkitPro/libctru/lib\libcitro3d.a(base.o)
                0x00102788                C3D_SetViewport
 .text.C3Di_UpdateContext
                0x00102820      0x4e8 C:/devkitPro/libctru/lib\libcitro3d.a(base.o)
                0x00102820                C3Di_UpdateContext
 .text.C3Di_SplitFrame
                0x00102d08       0xe0 C:/devkitPro/libctru/lib\libcitro3d.a(base.o)
                0x00102d08                C3Di_SplitFrame
 .text.C3D_Fini
                0x00102de8       0x44 C:/devkitPro/libctru/lib\libcitro3d.a(base.o)
                0x00102de8                C3D_Fini
 .text.C3D_BindProgram
                0x00102e2c      0x194 C:/devkitPro/libctru/lib\libcitro3d.a(base.o)
                0x00102e2c                C3D_BindProgram
 .text.BufInfo_Init
                0x00102fc0       0x24 C:/devkitPro/libctru/lib\libcitro3d.a(buffers.o)
                0x00102fc0                BufInfo_Init
 .text.BufInfo_Add
                0x00102fe4       0x80 C:/devkitPro/libctru/lib\libcitro3d.a(buffers.o)
                0x00102fe4                BufInfo_Add
 .text.C3D_SetBufInfo
                0x00103064       0x3c C:/devkitPro/libctru/lib\libcitro3d.a(buffers.o)
                0x00103064                C3D_SetBufInfo
 .text.C3Di_BufInfoBind
                0x001030a0       0x48 C:/devkitPro/libctru/lib\libcitro3d.a(buffers.o)
                0x001030a0                C3Di_BufInfoBind
 .text.C3D_DrawElements
                0x001030e8      0x21c C:/devkitPro/libctru/lib\libcitro3d.a(drawElements.o)
                0x001030e8                C3D_DrawElements
 .text.C3D_DepthMap
                0x00103304       0x40 C:/devkitPro/libctru/lib\libcitro3d.a(effect.o)
                0x00103304                C3D_DepthMap
 .text.C3D_CullFace
                0x00103344       0x1c C:/devkitPro/libctru/lib\libcitro3d.a(effect.o)
                0x00103344                C3D_CullFace
 .text.C3D_StencilTest
                0x00103360       0x40 C:/devkitPro/libctru/lib\libcitro3d.a(effect.o)
                0x00103360                C3D_StencilTest
 .text.C3D_StencilOp
                0x001033a0       0x24 C:/devkitPro/libctru/lib\libcitro3d.a(effect.o)
                0x001033a0                C3D_StencilOp
 .text.C3D_BlendingColor
                0x001033c4       0x1c C:/devkitPro/libctru/lib\libcitro3d.a(effect.o)
                0x001033c4                C3D_BlendingColor
 .text.C3D_EarlyDepthTest
                0x001033e0       0x24 C:/devkitPro/libctru/lib\libcitro3d.a(effect.o)
                0x001033e0                C3D_EarlyDepthTest
 .text.C3D_DepthTest
                0x00103404       0x2c C:/devkitPro/libctru/lib\libcitro3d.a(effect.o)
                0x00103404                C3D_DepthTest
 .text.C3D_AlphaTest
                0x00103430       0x2c C:/devkitPro/libctru/lib\libcitro3d.a(effect.o)
                0x00103430                C3D_AlphaTest
 .text.C3D_AlphaBlend
                0x0010345c       0x50 C:/devkitPro/libctru/lib\libcitro3d.a(effect.o)
                0x0010345c                C3D_AlphaBlend
 .text.C3D_FragOpMode
                0x001034ac       0x30 C:/devkitPro/libctru/lib\libcitro3d.a(effect.o)
                0x001034ac                C3D_FragOpMode
 .text.C3D_FragOpShadow
                0x001034dc       0x44 C:/devkitPro/libctru/lib\libcitro3d.a(effect.o)
                0x001034dc                C3D_FragOpShadow
 .text.C3Di_EffectBind
                0x00103520      0x1ac C:/devkitPro/libctru/lib\libcitro3d.a(effect.o)
                0x00103520                C3Di_EffectBind
 .text.C3D_CalcColorBufSize
                0x001036cc       0x1c C:/devkitPro/libctru/lib\libcitro3d.a(framebuffer.o)
                0x001036cc                C3D_CalcColorBufSize
 .text.C3D_CalcDepthBufSize
                0x001036e8       0x1c C:/devkitPro/libctru/lib\libcitro3d.a(framebuffer.o)
                0x001036e8                C3D_CalcDepthBufSize
 .text.C3D_SetFrameBuf
                0x00103704       0x44 C:/devkitPro/libctru/lib\libcitro3d.a(framebuffer.o)
                0x00103704                C3D_SetFrameBuf
 .text.C3Di_FrameBufBind
                0x00103748      0x16c C:/devkitPro/libctru/lib\libcitro3d.a(framebuffer.o)
                0x00103748                C3Di_FrameBufBind
 .text.C3D_FrameBufClear
                0x001038b4       0xc8 C:/devkitPro/libctru/lib\libcitro3d.a(framebuffer.o)
                0x001038b4                C3D_FrameBufClear
 .text.C3D_FrameBufTransfer
                0x0010397c       0x44 C:/devkitPro/libctru/lib\libcitro3d.a(framebuffer.o)
                0x0010397c                C3D_FrameBufTransfer
 .text.C3D_ImmSendAttrib
                0x001039c0       0xa8 C:/devkitPro/libctru/lib\libcitro3d.a(immediate.o)
                0x001039c0                C3D_ImmSendAttrib
 .text.C3D_ProcTexInit
                0x00103a68       0x70 C:/devkitPro/libctru/lib\libcitro3d.a(proctex.o)
                0x00103a68                C3D_ProcTexInit
 .text.C3D_ProcTexBind
                0x00103ad8       0x54 C:/devkitPro/libctru/lib\libcitro3d.a(proctex.o)
                0x00103ad8                C3D_ProcTexBind
 .text.C3D_ProcTexLutBind
                0x00103b2c       0x5c C:/devkitPro/libctru/lib\libcitro3d.a(proctex.o)
                0x00103b2c                C3D_ProcTexLutBind
 .text.ProcTexLut_FromArray
                0x00103b88       0xa4 C:/devkitPro/libctru/lib\libcitro3d.a(proctex.o)
                0x00103b88                ProcTexLut_FromArray
 .text.C3Di_ProcTexUpdate
                0x00103c2c      0x178 C:/devkitPro/libctru/lib\libcitro3d.a(proctex.o)
                0x00103c2c                C3Di_ProcTexUpdate
 .text.C3Di_ProcTexDirty
                0x00103da4       0x68 C:/devkitPro/libctru/lib\libcitro3d.a(proctex.o)
                0x00103da4                C3Di_ProcTexDirty
 .text.onVBlank0
                0x00103e0c       0x4c C:/devkitPro/libctru/lib\libcitro3d.a(renderqueue.o)
 .text.onVBlank1
                0x00103e58       0x4c C:/devkitPro/libctru/lib\libcitro3d.a(renderqueue.o)
 .text.C3Di_RenderTargetDestroy
                0x00103ea4       0x80 C:/devkitPro/libctru/lib\libcitro3d.a(renderqueue.o)
 .text.onQueueFinish
                0x00103f24       0xf4 C:/devkitPro/libctru/lib\libcitro3d.a(renderqueue.o)
 .text.C3Di_RenderQueueEnableVBlank
                0x00104018       0x38 C:/devkitPro/libctru/lib\libcitro3d.a(renderqueue.o)
                0x00104018                C3Di_RenderQueueEnableVBlank
 .text.C3Di_RenderQueueDisableVBlank
                0x00104050       0x30 C:/devkitPro/libctru/lib\libcitro3d.a(renderqueue.o)
                0x00104050                C3Di_RenderQueueDisableVBlank
 .text.C3Di_RenderQueueInit
                0x00104080       0x60 C:/devkitPro/libctru/lib\libcitro3d.a(renderqueue.o)
                0x00104080                C3Di_RenderQueueInit
 .text.C3Di_RenderQueueExit
                0x001040e0       0xb4 C:/devkitPro/libctru/lib\libcitro3d.a(renderqueue.o)
                0x001040e0                C3Di_RenderQueueExit
 .text.C3Di_RenderQueueWaitDone
                0x00104194       0x34 C:/devkitPro/libctru/lib\libcitro3d.a(renderqueue.o)
                0x00104194                C3Di_RenderQueueWaitDone
 .text.C3D_FrameBegin
                0x001041c8       0xe8 C:/devkitPro/libctru/lib\libcitro3d.a(renderqueue.o)
                0x001041c8                C3D_FrameBegin
 .text.C3D_FrameDrawOn
                0x001042b0       0x48 C:/devkitPro/libctru/lib\libcitro3d.a(renderqueue.o)
                0x001042b0                C3D_FrameDrawOn
 .text.C3D_FrameSplit
                0x001042f8       0x58 C:/devkitPro/libctru/lib\libcitro3d.a(renderqueue.o)
                0x001042f8                C3D_FrameSplit
 .text.C3D_FrameEnd
                0x00104350      0x1d0 C:/devkitPro/libctru/lib\libcitro3d.a(renderqueue.o)
                0x00104350                C3D_FrameEnd
 .text.C3D_FrameEndHook
                0x00104520       0x1c C:/devkitPro/libctru/lib\libcitro3d.a(renderqueue.o)
                0x00104520                C3D_FrameEndHook
 .text.C3D_RenderTargetCreate
                0x0010453c      0x170 C:/devkitPro/libctru/lib\libcitro3d.a(renderqueue.o)
                0x0010453c                C3D_RenderTargetCreate
 .text.C3D_RenderTargetSetOutput
                0x001046ac       0xa8 C:/devkitPro/libctru/lib\libcitro3d.a(renderqueue.o)
                0x001046ac                C3D_RenderTargetSetOutput
 .text.C3D_GetTexEnv
                0x00104754       0x34 C:/devkitPro/libctru/lib\libcitro3d.a(texenv.o)
                0x00104754                C3D_GetTexEnv
 .text.C3Di_TexEnvBind
                0x00104788       0x24 C:/devkitPro/libctru/lib\libcitro3d.a(texenv.o)
                0x00104788                C3Di_TexEnvBind
 .text.C3D_TexBind
                0x001047ac       0x44 C:/devkitPro/libctru/lib\libcitro3d.a(texture.o)
                0x001047ac                C3D_TexBind
 .text.C3Di_SetTex
                0x001047f0      0x14c C:/devkitPro/libctru/lib\libcitro3d.a(texture.o)
                0x001047f0                C3Di_SetTex
 .text.C3D_UpdateUniforms
                0x0010493c      0x290 C:/devkitPro/libctru/lib\libcitro3d.a(uniforms.o)
                0x0010493c                C3D_UpdateUniforms
 .text.C3Di_DirtyUniforms
                0x00104bcc       0xc0 C:/devkitPro/libctru/lib\libcitro3d.a(uniforms.o)
                0x00104bcc                C3Di_DirtyUniforms
 .text.C3Di_LoadShaderUniforms
                0x00104c8c       0xd8 C:/devkitPro/libctru/lib\libcitro3d.a(uniforms.o)
                0x00104c8c                C3Di_LoadShaderUniforms
 .text.C3Di_ClearShaderUniforms
                0x00104d64       0x28 C:/devkitPro/libctru/lib\libcitro3d.a(uniforms.o)
                0x00104d64                C3Di_ClearShaderUniforms
 .text.Mtx_Ortho
                0x00104d8c       0xcc C:/devkitPro/libctru/lib\libcitro3d.a(mtx_ortho.o)
                0x00104d8c                Mtx_Ortho
 .text.Mtx_OrthoTilt
                0x00104e58       0xcc C:/devkitPro/libctru/lib\libcitro3d.a(mtx_orthotilt.o)
                0x00104e58                Mtx_OrthoTilt
 .text._ZL21addrMapNodeComparatorPK11rbtree_nodeS1_
                0x00104f24       0x24 C:/devkitPro/libctru/lib\libctru.a(linear.o)
 .text._ZL21addrMapNodeDestructorP11rbtree_node
                0x00104f48        0x4 C:/devkitPro/libctru/lib\libctru.a(linear.o)
 .text.linearMemAlign
                0x00104f4c      0x12c C:/devkitPro/libctru/lib\libctru.a(linear.o)
                0x00104f4c                linearMemAlign
 .text.linearAlloc
                0x00105078        0x8 C:/devkitPro/libctru/lib\libctru.a(linear.o)
                0x00105078                linearAlloc
 .text.linearFree
                0x00105080       0x5c C:/devkitPro/libctru/lib\libctru.a(linear.o)
                0x00105080                linearFree
 .text._ZN7MemPool13CoalesceRightEP8MemBlock
                0x001050dc       0x88 C:/devkitPro/libctru/lib\libctru.a(mem_pool.o)
                0x001050dc                MemPool::CoalesceRight(MemBlock*)
 .text._ZN7MemPool8AllocateER8MemChunkmi
                0x00105164      0x178 C:/devkitPro/libctru/lib\libctru.a(mem_pool.o)
                0x00105164                MemPool::Allocate(MemChunk&, unsigned long, int)
 .text._ZN7MemPool10DeallocateERK8MemChunk
                0x001052dc      0x118 C:/devkitPro/libctru/lib\libctru.a(mem_pool.o)
                0x001052dc                MemPool::Deallocate(MemChunk const&)
 .text._ZN7MemPool12GetFreeSpaceEv
                0x001053f4       0x30 C:/devkitPro/libctru/lib\libctru.a(mem_pool.o)
                0x001053f4                MemPool::GetFreeSpace()
 .text._ZL21addrMapNodeComparatorPK11rbtree_nodeS1_
                0x00105424       0x24 C:/devkitPro/libctru/lib\libctru.a(vram.o)
 .text._ZL21addrMapNodeDestructorP11rbtree_node
                0x00105448        0x4 C:/devkitPro/libctru/lib\libctru.a(vram.o)
 .text.vramMemAlignAt
                0x0010544c      0x248 C:/devkitPro/libctru/lib\libctru.a(vram.o)
                0x0010544c                vramMemAlignAt
 .text.vramAlloc
                0x00105694        0xc C:/devkitPro/libctru/lib\libctru.a(vram.o)
                0x00105694                vramAlloc
 .text.vramAllocAt
                0x001056a0        0xc C:/devkitPro/libctru/lib\libctru.a(vram.o)
                0x001056a0                vramAllocAt
 .text.vramFree
                0x001056ac       0x94 C:/devkitPro/libctru/lib\libctru.a(vram.o)
                0x001056ac                vramFree
 .text.consoleDrawChar
                0x00105740      0x1c8 C:/devkitPro/libctru/lib\libctru.a(console.o)
                0x00105740                consoleDrawChar
 .text.consolePrintChar
                0x00105908      0x170 C:/devkitPro/libctru/lib\libctru.a(console.o)
                0x00105908                consolePrintChar
 .text.con_write
                0x00105a78      0xc40 C:/devkitPro/libctru/lib\libctru.a(console.o)
                0x00105a78                con_write
 .text.newRow   0x001066b8      0x110 C:/devkitPro/libctru/lib\libctru.a(console.o)
 .text.consoleInit
                0x001067c8      0x180 C:/devkitPro/libctru/lib\libctru.a(console.o)
                0x001067c8                consoleInit
 .text.consoleClear
                0x00106948       0xb8 C:/devkitPro/libctru/lib\libctru.a(console.o)
                0x00106948                consoleClear
 .text.gfxPresentFramebuffer
                0x00106a00       0xcc C:/devkitPro/libctru/lib\libctru.a(gfx.o)
 .text.gfxIsWide
                0x00106acc       0x1c C:/devkitPro/libctru/lib\libctru.a(gfx.o)
                0x00106acc                gfxIsWide
 .text.gfxSetScreenFormat
                0x00106ae8       0xf8 C:/devkitPro/libctru/lib\libctru.a(gfx.o)
                0x00106ae8                gfxSetScreenFormat
 .text.gfxSetDoubleBuffering
                0x00106be0       0x10 C:/devkitPro/libctru/lib\libctru.a(gfx.o)
                0x00106be0                gfxSetDoubleBuffering
 .text.gfxInit  0x00106bf0       0xd8 C:/devkitPro/libctru/lib\libctru.a(gfx.o)
                0x00106bf0                gfxInit
 .text.gfxInitDefault
                0x00106cc8       0x10 C:/devkitPro/libctru/lib\libctru.a(gfx.o)
                0x00106cc8                gfxInitDefault
 .text.gfxExit  0x00106cd8       0xb8 C:/devkitPro/libctru/lib\libctru.a(gfx.o)
                0x00106cd8                gfxExit
 .text.gfxGetFramebuffer
                0x00106d90       0xa0 C:/devkitPro/libctru/lib\libctru.a(gfx.o)
                0x00106d90                gfxGetFramebuffer
 .text.gfxFlushBuffers
                0x00106e30      0x100 C:/devkitPro/libctru/lib\libctru.a(gfx.o)
                0x00106e30                gfxFlushBuffers
 .text.gfxScreenSwapBuffers
                0x00106f30       0x28 C:/devkitPro/libctru/lib\libctru.a(gfx.o)
                0x00106f30                gfxScreenSwapBuffers
 .text.gfxSwapBuffersGpu
                0x00106f58       0x50 C:/devkitPro/libctru/lib\libctru.a(gfx.o)
                0x00106f58                gfxSwapBuffersGpu
 .text.osConvertVirtToPhys
                0x00106fa8       0x74 C:/devkitPro/libctru/lib\libctru.a(os.o)
                0x00106fa8                osConvertVirtToPhys
 .text.__ctru_speedup_config
                0x0010701c       0x34 C:/devkitPro/libctru/lib\libctru.a(os.o)
                0x0010701c                __ctru_speedup_config
 .text.GPUCMD_Add
                0x00107050      0x13c C:/devkitPro/libctru/lib\libctru.a(gpu.o)
                0x00107050                GPUCMD_Add
 .text.GPUCMD_Split
                0x0010718c       0xb0 C:/devkitPro/libctru/lib\libctru.a(gpu.o)
                0x0010718c                GPUCMD_Split
 .text.f32tof16
                0x0010723c       0x34 C:/devkitPro/libctru/lib\libctru.a(gpu.o)
                0x0010723c                f32tof16
 .text.f32tof24
                0x00107270       0x34 C:/devkitPro/libctru/lib\libctru.a(gpu.o)
                0x00107270                f32tof24
 .text.f32tof31
                0x001072a4       0x38 C:/devkitPro/libctru/lib\libctru.a(gpu.o)
                0x001072a4                f32tof31
 .text.GX_BindQueue
                0x001072dc       0x10 C:/devkitPro/libctru/lib\libctru.a(gx.o)
                0x001072dc                GX_BindQueue
 .text.GX_ProcessCommandList
                0x001072ec       0x7c C:/devkitPro/libctru/lib\libctru.a(gx.o)
                0x001072ec                GX_ProcessCommandList
 .text.GX_MemoryFill
                0x00107368       0x74 C:/devkitPro/libctru/lib\libctru.a(gx.o)
                0x00107368                GX_MemoryFill
 .text.GX_DisplayTransfer
                0x001073dc       0x74 C:/devkitPro/libctru/lib\libctru.a(gx.o)
                0x001073dc                GX_DisplayTransfer
 .text.gxCmdQueueDoCommands.part.0
                0x00107450       0x64 C:/devkitPro/libctru/lib\libctru.a(gxqueue.o)
 .text.gxCmdQueueInterrupt
                0x001074b4       0xe4 C:/devkitPro/libctru/lib\libctru.a(gxqueue.o)
                0x001074b4                gxCmdQueueInterrupt
 .text.gxCmdQueueClear
                0x00107598       0x68 C:/devkitPro/libctru/lib\libctru.a(gxqueue.o)
                0x00107598                gxCmdQueueClear
 .text.gxCmdQueueAdd
                0x00107600      0x108 C:/devkitPro/libctru/lib\libctru.a(gxqueue.o)
                0x00107600                gxCmdQueueAdd
 .text.gxCmdQueueRun
                0x00107708       0x80 C:/devkitPro/libctru/lib\libctru.a(gxqueue.o)
                0x00107708                gxCmdQueueRun
 .text.gxCmdQueueStop
                0x00107788       0x64 C:/devkitPro/libctru/lib\libctru.a(gxqueue.o)
                0x00107788                gxCmdQueueStop
 .text.gxCmdQueueWait
                0x001077ec       0x8c C:/devkitPro/libctru/lib\libctru.a(gxqueue.o)
                0x001077ec                gxCmdQueueWait
 .text.shaderInstanceInit
                0x00107878      0x1e0 C:/devkitPro/libctru/lib\libctru.a(shaderProgram.o)
                0x00107878                shaderInstanceInit
 .text.shaderInstanceGetUniformLocation
                0x00107a58       0x18 C:/devkitPro/libctru/lib\libctru.a(shaderProgram.o)
                0x00107a58                shaderInstanceGetUniformLocation
 .text.shaderProgramInit
                0x00107a70       0x1c C:/devkitPro/libctru/lib\libctru.a(shaderProgram.o)
                0x00107a70                shaderProgramInit
 .text.shaderProgramFree
                0x00107a8c       0x74 C:/devkitPro/libctru/lib\libctru.a(shaderProgram.o)
                0x00107a8c                shaderProgramFree
 .text.shaderProgramSetVsh
                0x00107b00       0x94 C:/devkitPro/libctru/lib\libctru.a(shaderProgram.o)
                0x00107b00                shaderProgramSetVsh
 .text.shaderProgramConfigure
                0x00107b94      0x8d0 C:/devkitPro/libctru/lib\libctru.a(shaderProgram.o)
                0x00107b94                shaderProgramConfigure
 .text.DVLE_GenerateOutmap.part.0
                0x00108464      0x1dc C:/devkitPro/libctru/lib\libctru.a(shbin.o)
 .text.DVLB_ParseFile
                0x00108640      0x1ac C:/devkitPro/libctru/lib\libctru.a(shbin.o)
                0x00108640                DVLB_ParseFile
 .text.DVLB_Free
                0x001087ec       0x50 C:/devkitPro/libctru/lib\libctru.a(shbin.o)
                0x001087ec                DVLB_Free
 .text.DVLE_GetUniformRegister
                0x0010883c       0x74 C:/devkitPro/libctru/lib\libctru.a(shbin.o)
                0x0010883c                DVLE_GetUniformRegister
 .text.ndspUpdateMaster
                0x001088b0      0x158 C:/devkitPro/libctru/lib\libctru.a(ndsp.o)
 .text.ndspFinalize
                0x00108a08      0x108 C:/devkitPro/libctru/lib\libctru.a(ndsp.o)
 .text.ndspInitialize.part.0
                0x00108b10      0x254 C:/devkitPro/libctru/lib\libctru.a(ndsp.o)
 .text.ndspHookCallback
                0x00108d64      0x108 C:/devkitPro/libctru/lib\libctru.a(ndsp.o)
 *fill*         0x00108e6c        0x4 
 .text.ndspThreadMain
                0x00108e70      0x318 C:/devkitPro/libctru/lib\libctru.a(ndsp.o)
 .text.ndspInit
                0x00109188      0x3f0 C:/devkitPro/libctru/lib\libctru.a(ndsp.o)
                0x00109188                ndspInit
 .text.ndspExit
                0x00109578       0xd8 C:/devkitPro/libctru/lib\libctru.a(ndsp.o)
                0x00109578                ndspExit
 .text.ndspChnReset
                0x00109650       0xe0 C:/devkitPro/libctru/lib\libctru.a(ndsp-channel.o)
                0x00109650                ndspChnReset
 .text.ndspChnIsPlaying
                0x00109730       0x18 C:/devkitPro/libctru/lib\libctru.a(ndsp-channel.o)
                0x00109730                ndspChnIsPlaying
 .text.ndspChnSetFormat
                0x00109748       0x18 C:/devkitPro/libctru/lib\libctru.a(ndsp-channel.o)
                0x00109748                ndspChnSetFormat
 .text.ndspChnSetInterp
                0x00109760       0x50 C:/devkitPro/libctru/lib\libctru.a(ndsp-channel.o)
                0x00109760                ndspChnSetInterp
 .text.ndspChnSetRate
                0x001097b0       0x60 C:/devkitPro/libctru/lib\libctru.a(ndsp-channel.o)
                0x001097b0                ndspChnSetRate
 .text.ndspChnSetMix
                0x00109810       0x80 C:/devkitPro/libctru/lib\libctru.a(ndsp-channel.o)
                0x00109810                ndspChnSetMix
 .text.ndspChnWaveBufClear
                0x00109890       0xb0 C:/devkitPro/libctru/lib\libctru.a(ndsp-channel.o)
                0x00109890                ndspChnWaveBufClear
 .text.ndspChnWaveBufAdd
                0x00109940       0xc8 C:/devkitPro/libctru/lib\libctru.a(ndsp-channel.o)
                0x00109940                ndspChnWaveBufAdd
 .text.ndspiInitChn
                0x00109a08       0x40 C:/devkitPro/libctru/lib\libctru.a(ndsp-channel.o)
                0x00109a08                ndspiInitChn
 .text.ndspiDirtyChn
                0x00109a48       0x2c C:/devkitPro/libctru/lib\libctru.a(ndsp-channel.o)
                0x00109a48                ndspiDirtyChn
 .text.ndspiUpdateChn
                0x00109a74      0x43c C:/devkitPro/libctru/lib\libctru.a(ndsp-channel.o)
                0x00109a74                ndspiUpdateChn
 .text.ndspiReadChnState
                0x00109eb0      0x180 C:/devkitPro/libctru/lib\libctru.a(ndsp-channel.o)
                0x00109eb0                ndspiReadChnState
 .text.aptConvertScreenForCapture
                0x0010a030      0x180 C:/devkitPro/libctru/lib\libctru.a(apt.o)
 .text.aptSendCommand
                0x0010a1b0      0x138 C:/devkitPro/libctru/lib\libctru.a(apt.o)
                0x0010a1b0                aptSendCommand
 .text.aptExitProcess
                0x0010a2e8       0x44 C:/devkitPro/libctru/lib\libctru.a(apt.o)
 .text.aptExit  0x0010a32c      0x394 C:/devkitPro/libctru/lib\libctru.a(apt.o)
                0x0010a32c                aptExit
 .text.aptHandleSleep
                0x0010a6c0       0xd8 C:/devkitPro/libctru/lib\libctru.a(apt.o)
                0x0010a6c0                aptHandleSleep
 .text.aptHook  0x0010a798       0x34 C:/devkitPro/libctru/lib\libctru.a(apt.o)
                0x0010a798                aptHook
 .text.aptUnhook
                0x0010a7cc       0x30 C:/devkitPro/libctru/lib\libctru.a(apt.o)
                0x0010a7cc                aptUnhook
 .text.APT_SleepIfShellClosed
                0x0010a7fc       0x84 C:/devkitPro/libctru/lib\libctru.a(apt.o)
                0x0010a7fc                APT_SleepIfShellClosed
 .text.aptSetSleepAllowed
                0x0010a880       0x78 C:/devkitPro/libctru/lib\libctru.a(apt.o)
                0x0010a880                aptSetSleepAllowed
 .text.APT_UnlockTransition
                0x0010a8f8       0x84 C:/devkitPro/libctru/lib\libctru.a(apt.o)
                0x0010a8f8                APT_UnlockTransition
 *fill*         0x0010a97c        0x4 
 .text.aptEventHandler
                0x0010a980      0x470 C:/devkitPro/libctru/lib\libctru.a(apt.o)
 .text.APT_ReceiveParameter
                0x0010adf0       0xbc C:/devkitPro/libctru/lib\libctru.a(apt.o)
                0x0010adf0                APT_ReceiveParameter
 .text.aptReceiveParameter.constprop.0
                0x0010aeac       0xb0 C:/devkitPro/libctru/lib\libctru.a(apt.o)
 *fill*         0x0010af5c        0x4 
 .text.aptScreenTransfer
                0x0010af60      0x294 C:/devkitPro/libctru/lib\libctru.a(apt.o)
 .text.aptWaitForWakeUp.isra.0
                0x0010b1f4      0x2d0 C:/devkitPro/libctru/lib\libctru.a(apt.o)
 .text.aptJumpToHomeMenu
                0x0010b4c4       0xf4 C:/devkitPro/libctru/lib\libctru.a(apt.o)
                0x0010b4c4                aptJumpToHomeMenu
 .text.aptMainLoop
                0x0010b5b8       0x58 C:/devkitPro/libctru/lib\libctru.a(apt.o)
                0x0010b5b8                aptMainLoop
 .text.aptInit  0x0010b610      0x240 C:/devkitPro/libctru/lib\libctru.a(apt.o)
                0x0010b610                aptInit
 .text.APT_CheckNew3DS
                0x0010b850       0x90 C:/devkitPro/libctru/lib\libctru.a(apt.o)
                0x0010b850                APT_CheckNew3DS
 .text.cfguInit
                0x0010b8e0       0xa8 C:/devkitPro/libctru/lib\libctru.a(cfgu.o)
                0x0010b8e0                cfguInit
 .text.cfguExit
                0x0010b988       0x3c C:/devkitPro/libctru/lib\libctru.a(cfgu.o)
                0x0010b988                cfguExit
 .text.CFGU_GetConfigInfoBlk2
                0x0010b9c4       0x4c C:/devkitPro/libctru/lib\libctru.a(cfgu.o)
                0x0010b9c4                CFGU_GetConfigInfoBlk2
 .text.DSP_LoadComponent.part.0
                0x0010ba10       0xa4 C:/devkitPro/libctru/lib\libctru.a(dsp.o)
 .text.dspInit  0x0010bab4       0xfc C:/devkitPro/libctru/lib\libctru.a(dsp.o)
                0x0010bab4                dspInit
 .text.dspExit  0x0010bbb0       0x8c C:/devkitPro/libctru/lib\libctru.a(dsp.o)
                0x0010bbb0                dspExit
 .text.dspHook  0x0010bc3c       0x24 C:/devkitPro/libctru/lib\libctru.a(dsp.o)
                0x0010bc3c                dspHook
 .text.dspUnhook
                0x0010bc60       0x30 C:/devkitPro/libctru/lib\libctru.a(dsp.o)
                0x0010bc60                dspUnhook
 .text.aptDspSleep
                0x0010bc90       0xb4 C:/devkitPro/libctru/lib\libctru.a(dsp.o)
                0x0010bc90                aptDspSleep
 .text.aptDspWakeup
                0x0010bd44       0xb4 C:/devkitPro/libctru/lib\libctru.a(dsp.o)
                0x0010bd44                aptDspWakeup
 .text.aptDspCancel
                0x0010bdf8       0x44 C:/devkitPro/libctru/lib\libctru.a(dsp.o)
                0x0010bdf8                aptDspCancel
 .text.DSP_FlushDataCache
                0x0010be3c       0x50 C:/devkitPro/libctru/lib\libctru.a(dsp.o)
                0x0010be3c                DSP_FlushDataCache
 .text.DSP_SetSemaphore
                0x0010be8c       0x34 C:/devkitPro/libctru/lib\libctru.a(dsp.o)
                0x0010be8c                DSP_SetSemaphore
 .text.DSP_SetSemaphoreMask
                0x0010bec0       0x34 C:/devkitPro/libctru/lib\libctru.a(dsp.o)
                0x0010bec0                DSP_SetSemaphoreMask
 .text.DSP_GetSemaphoreHandle
                0x0010bef4       0x38 C:/devkitPro/libctru/lib\libctru.a(dsp.o)
                0x0010bef4                DSP_GetSemaphoreHandle
 .text.DSP_LoadComponent
                0x0010bf2c       0x3c C:/devkitPro/libctru/lib\libctru.a(dsp.o)
                0x0010bf2c                DSP_LoadComponent
 .text.DSP_RegisterInterruptEvents
                0x0010bf68       0x44 C:/devkitPro/libctru/lib\libctru.a(dsp.o)
                0x0010bf68                DSP_RegisterInterruptEvents
 .text.DSP_ReadPipeIfPossible
                0x0010bfac       0x78 C:/devkitPro/libctru/lib\libctru.a(dsp.o)
                0x0010bfac                DSP_ReadPipeIfPossible
 .text.DSP_WriteProcessPipe
                0x0010c024       0x4c C:/devkitPro/libctru/lib\libctru.a(dsp.o)
                0x0010c024                DSP_WriteProcessPipe
 .text.DSP_ConvertProcessAddressFromDspDram
                0x0010c070       0x44 C:/devkitPro/libctru/lib\libctru.a(dsp.o)
                0x0010c070                DSP_ConvertProcessAddressFromDspDram
 .text.DSP_RecvData
                0x0010c0b4       0x44 C:/devkitPro/libctru/lib\libctru.a(dsp.o)
                0x0010c0b4                DSP_RecvData
 .text.DSP_RecvDataIsReady
                0x0010c0f8       0x50 C:/devkitPro/libctru/lib\libctru.a(dsp.o)
                0x0010c0f8                DSP_RecvDataIsReady
 .text.fsInit   0x0010c148      0x104 C:/devkitPro/libctru/lib\libctru.a(fs.o)
                0x0010c148                fsInit
 .text.fsExit   0x0010c24c       0x3c C:/devkitPro/libctru/lib\libctru.a(fs.o)
                0x0010c24c                fsExit
 .text.fsExemptFromSession
                0x0010c288       0x68 C:/devkitPro/libctru/lib\libctru.a(fs.o)
                0x0010c288                fsExemptFromSession
 .text.fsUnexemptFromSession
                0x0010c2f0       0x50 C:/devkitPro/libctru/lib\libctru.a(fs.o)
                0x0010c2f0                fsUnexemptFromSession
 .text.FSUSER_OpenFile
                0x0010c340       0xcc C:/devkitPro/libctru/lib\libctru.a(fs.o)
                0x0010c340                FSUSER_OpenFile
 .text.FSUSER_OpenFileDirectly
                0x0010c40c       0xcc C:/devkitPro/libctru/lib\libctru.a(fs.o)
                0x0010c40c                FSUSER_OpenFileDirectly
 .text.FSUSER_DeleteFile
                0x0010c4d8       0xb8 C:/devkitPro/libctru/lib\libctru.a(fs.o)
                0x0010c4d8                FSUSER_DeleteFile
 .text.FSUSER_RenameFile
                0x0010c590       0xf4 C:/devkitPro/libctru/lib\libctru.a(fs.o)
                0x0010c590                FSUSER_RenameFile
 .text.FSUSER_DeleteDirectory
                0x0010c684       0xb8 C:/devkitPro/libctru/lib\libctru.a(fs.o)
                0x0010c684                FSUSER_DeleteDirectory
 .text.FSUSER_CreateFile
                0x0010c73c       0xd0 C:/devkitPro/libctru/lib\libctru.a(fs.o)
                0x0010c73c                FSUSER_CreateFile
 .text.FSUSER_CreateDirectory
                0x0010c80c       0xc0 C:/devkitPro/libctru/lib\libctru.a(fs.o)
                0x0010c80c                FSUSER_CreateDirectory
 .text.FSUSER_RenameDirectory
                0x0010c8cc       0xf4 C:/devkitPro/libctru/lib\libctru.a(fs.o)
                0x0010c8cc                FSUSER_RenameDirectory
 .text.FSUSER_OpenDirectory
                0x0010c9c0       0xb4 C:/devkitPro/libctru/lib\libctru.a(fs.o)
                0x0010c9c0                FSUSER_OpenDirectory
 .text.FSUSER_OpenArchive
                0x0010ca74       0x90 C:/devkitPro/libctru/lib\libctru.a(fs.o)
                0x0010ca74                FSUSER_OpenArchive
 .text.FSUSER_CloseArchive
                0x0010cb04       0x8c C:/devkitPro/libctru/lib\libctru.a(fs.o)
                0x0010cb04                FSUSER_CloseArchive
 .text.FSUSER_GetSdmcArchiveResource
                0x0010cb90       0x74 C:/devkitPro/libctru/lib\libctru.a(fs.o)
                0x0010cb90                FSUSER_GetSdmcArchiveResource
 .text.FSUSER_IsSdmcWritable
                0x0010cc04       0x64 C:/devkitPro/libctru/lib\libctru.a(fs.o)
                0x0010cc04                FSUSER_IsSdmcWritable
 .text.FSFILE_Read
                0x0010cc68       0x64 C:/devkitPro/libctru/lib\libctru.a(fs.o)
                0x0010cc68                FSFILE_Read
 .text.FSFILE_Write
                0x0010cccc       0x6c C:/devkitPro/libctru/lib\libctru.a(fs.o)
                0x0010cccc                FSFILE_Write
 .text.FSFILE_GetSize
                0x0010cd38       0x44 C:/devkitPro/libctru/lib\libctru.a(fs.o)
                0x0010cd38                FSFILE_GetSize
 .text.FSFILE_SetSize
                0x0010cd7c       0x28 C:/devkitPro/libctru/lib\libctru.a(fs.o)
                0x0010cd7c                FSFILE_SetSize
 .text.FSFILE_Close
                0x0010cda4       0x3c C:/devkitPro/libctru/lib\libctru.a(fs.o)
                0x0010cda4                FSFILE_Close
 .text.FSFILE_Flush
                0x0010cde0       0x24 C:/devkitPro/libctru/lib\libctru.a(fs.o)
                0x0010cde0                FSFILE_Flush
 .text.FSDIR_Read
                0x0010ce04       0x60 C:/devkitPro/libctru/lib\libctru.a(fs.o)
                0x0010ce04                FSDIR_Read
 .text.FSDIR_Close
                0x0010ce64       0x3c C:/devkitPro/libctru/lib\libctru.a(fs.o)
                0x0010ce64                FSDIR_Close
 .text.gspHardwareInit
                0x0010cea0      0xc70 C:/devkitPro/libctru/lib\libctru.a(gspgpu.o)
 .text.gspInit  0x0010db10      0x280 C:/devkitPro/libctru/lib\libctru.a(gspgpu.o)
                0x0010db10                gspInit
 .text.gspExit  0x0010dd90      0x110 C:/devkitPro/libctru/lib\libctru.a(gspgpu.o)
                0x0010dd90                gspExit
 .text.gspHasGpuRight
                0x0010dea0       0x10 C:/devkitPro/libctru/lib\libctru.a(gspgpu.o)
                0x0010dea0                gspHasGpuRight
 .text.gspPresentBuffer
                0x0010deb0       0xa4 C:/devkitPro/libctru/lib\libctru.a(gspgpu.o)
                0x0010deb0                gspPresentBuffer
 .text.gspSetEventCallback
                0x0010df54       0x30 C:/devkitPro/libctru/lib\libctru.a(gspgpu.o)
                0x0010df54                gspSetEventCallback
 .text.gspWaitForEvent
                0x0010df84       0x50 C:/devkitPro/libctru/lib\libctru.a(gspgpu.o)
                0x0010df84                gspWaitForEvent
 .text.gspWaitForAnyEvent
                0x0010dfd4       0x4c C:/devkitPro/libctru/lib\libctru.a(gspgpu.o)
                0x0010dfd4                gspWaitForAnyEvent
 .text.gspEventThreadMain
                0x0010e020      0x154 C:/devkitPro/libctru/lib\libctru.a(gspgpu.o)
 .text.gspSubmitGxCommand
                0x0010e174      0x12c C:/devkitPro/libctru/lib\libctru.a(gspgpu.o)
                0x0010e174                gspSubmitGxCommand
 .text.GSPGPU_FlushDataCache
                0x0010e2a0       0x50 C:/devkitPro/libctru/lib\libctru.a(gspgpu.o)
                0x0010e2a0                GSPGPU_FlushDataCache
 .text.GSPGPU_SetLcdForceBlack
                0x0010e2f0       0x34 C:/devkitPro/libctru/lib\libctru.a(gspgpu.o)
                0x0010e2f0                GSPGPU_SetLcdForceBlack
 .text.GSPGPU_AcquireRight
                0x0010e324       0x80 C:/devkitPro/libctru/lib\libctru.a(gspgpu.o)
                0x0010e324                GSPGPU_AcquireRight
 .text.GSPGPU_ReleaseRight
                0x0010e3a4       0x5c C:/devkitPro/libctru/lib\libctru.a(gspgpu.o)
                0x0010e3a4                GSPGPU_ReleaseRight
 .text.GSPGPU_ImportDisplayCaptureInfo
                0x0010e400       0x7c C:/devkitPro/libctru/lib\libctru.a(gspgpu.o)
                0x0010e400                GSPGPU_ImportDisplayCaptureInfo
 .text.GSPGPU_SaveVramSysArea
                0x0010e47c       0x2c C:/devkitPro/libctru/lib\libctru.a(gspgpu.o)
                0x0010e47c                GSPGPU_SaveVramSysArea
 .text.GSPGPU_RestoreVramSysArea
                0x0010e4a8       0x2c C:/devkitPro/libctru/lib\libctru.a(gspgpu.o)
                0x0010e4a8                GSPGPU_RestoreVramSysArea
 .text.hidShouldUseIrrst
                0x0010e4d4       0x24 C:/devkitPro/libctru/lib\libctru.a(hid.o)
                0x0010e4d4                hidShouldUseIrrst
 .text.hidInit  0x0010e4f8      0x1cc C:/devkitPro/libctru/lib\libctru.a(hid.o)
                0x0010e4f8                hidInit
 .text.hidExit  0x0010e6c4       0xe8 C:/devkitPro/libctru/lib\libctru.a(hid.o)
                0x0010e6c4                hidExit
 .text.hidScanInput
                0x0010e7ac      0x2a0 C:/devkitPro/libctru/lib\libctru.a(hid.o)
                0x0010e7ac                hidScanInput
 .text.hidKeysHeld
                0x0010ea4c       0x10 C:/devkitPro/libctru/lib\libctru.a(hid.o)
                0x0010ea4c                hidKeysHeld
 .text.hidKeysDown
                0x0010ea5c       0x10 C:/devkitPro/libctru/lib\libctru.a(hid.o)
                0x0010ea5c                hidKeysDown
 .text.hidKeysUp
                0x0010ea6c       0x10 C:/devkitPro/libctru/lib\libctru.a(hid.o)
                0x0010ea6c                hidKeysUp
 .text.hidTouchRead
                0x0010ea7c       0x18 C:/devkitPro/libctru/lib\libctru.a(hid.o)
                0x0010ea7c                hidTouchRead
 .text.irrstInit
                0x0010ea94      0x1a4 C:/devkitPro/libctru/lib\libctru.a(irrst.o)
                0x0010ea94                irrstInit
 .text.irrstExit
                0x0010ec38       0xdc C:/devkitPro/libctru/lib\libctru.a(irrst.o)
                0x0010ec38                irrstExit
 .text.irrstScanInput
                0x0010ed14       0xb4 C:/devkitPro/libctru/lib\libctru.a(irrst.o)
                0x0010ed14                irrstScanInput
 .text.irrstKeysHeld
                0x0010edc8       0x24 C:/devkitPro/libctru/lib\libctru.a(irrst.o)
                0x0010edc8                irrstKeysHeld
 .text.ptmSysmInit
                0x0010edec       0x78 C:/devkitPro/libctru/lib\libctru.a(ptmsysm.o)
                0x0010edec                ptmSysmInit
 .text.ptmSysmExit
                0x0010ee64       0x3c C:/devkitPro/libctru/lib\libctru.a(ptmsysm.o)
                0x0010ee64                ptmSysmExit
 .text.PTMSYSM_ConfigureNew3DSCPU
                0x0010eea0       0x34 C:/devkitPro/libctru/lib\libctru.a(ptmsysm.o)
                0x0010eea0                PTMSYSM_ConfigureNew3DSCPU
 .text.rbtree_find
                0x0010eed4       0x74 C:/devkitPro/libctru/lib\libctru.a(rbtree_find.o)
                0x0010eed4                rbtree_find
 .text.rbtree_init
                0x0010ef48       0x10 C:/devkitPro/libctru/lib\libctru.a(rbtree_init.o)
                0x0010ef48                rbtree_init
 .text.do_insert
                0x0010ef58      0x198 C:/devkitPro/libctru/lib\libctru.a(rbtree_insert.o)
 .text.rbtree_insert
                0x0010f0f0        0x8 C:/devkitPro/libctru/lib\libctru.a(rbtree_insert.o)
                0x0010f0f0                rbtree_insert
 .text.rbtree_remove
                0x0010f0f8      0x310 C:/devkitPro/libctru/lib\libctru.a(rbtree_remove.o)
                0x0010f0f8                rbtree_remove
 .text.rbtree_rotate
                0x0010f408       0x90 C:/devkitPro/libctru/lib\libctru.a(rbtree_rotate.o)
                0x0010f408                rbtree_rotate
 .text.__system_allocateHeaps
                0x0010f498      0x1e8 C:/devkitPro/libctru/lib\libctru.a(allocateHeaps.o)
                0x0010f498                __system_allocateHeaps
 .text.__libctru_init
                0x0010f680       0x38 C:/devkitPro/libctru/lib\libctru.a(ctru_init.o)
                0x0010f680                __libctru_init
 .text.__system_initArgv
                0x0010f6b8      0x16c C:/devkitPro/libctru/lib\libctru.a(initArgv.o)
                0x0010f6b8                __system_initArgv
 .text.__syscall_getreent
                0x0010f824       0x30 C:/devkitPro/libctru/lib\libctru.a(syscalls.o)
                0x0010f824                __syscall_getreent
 .text.__syscall_lock_acquire
                0x0010f854        0x4 C:/devkitPro/libctru/lib\libctru.a(syscalls.o)
                0x0010f854                __syscall_lock_acquire
 .text.__syscall_lock_release
                0x0010f858        0x4 C:/devkitPro/libctru/lib\libctru.a(syscalls.o)
                0x0010f858                __syscall_lock_release
 .text.__syscall_lock_acquire_recursive
                0x0010f85c        0x4 C:/devkitPro/libctru/lib\libctru.a(syscalls.o)
                0x0010f85c                __syscall_lock_acquire_recursive
 .text.__syscall_lock_release_recursive
                0x0010f860        0x4 C:/devkitPro/libctru/lib\libctru.a(syscalls.o)
                0x0010f860                __syscall_lock_release_recursive
 .text.__syscall_exit
                0x0010f864        0x4 C:/devkitPro/libctru/lib\libctru.a(syscalls.o)
                0x0010f864                __syscall_exit
 .text.initThreadVars
                0x0010f868       0x54 C:/devkitPro/libctru/lib\libctru.a(syscalls.o)
                0x0010f868                initThreadVars
 .text.__system_initSyscalls
                0x0010f8bc       0x80 C:/devkitPro/libctru/lib\libctru.a(syscalls.o)
                0x0010f8bc                __system_initSyscalls
 .text.svcControlMemory
                0x0010f93c       0x20 C:/devkitPro/libctru/lib\libctru.a(svc.o)
                0x0010f93c                svcControlMemory
 .text.svcQueryMemory
                0x0010f95c       0x30 C:/devkitPro/libctru/lib\libctru.a(svc.o)
                0x0010f95c                svcQueryMemory
 .text.svcExitProcess
                0x0010f98c        0x8 C:/devkitPro/libctru/lib\libctru.a(svc.o)
                0x0010f98c                svcExitProcess
 .text.svcCreateThread
                0x0010f994       0x20 C:/devkitPro/libctru/lib\libctru.a(svc.o)
                0x0010f994                svcCreateThread
 .text.svcExitThread
                0x0010f9b4        0x8 C:/devkitPro/libctru/lib\libctru.a(svc.o)
                0x0010f9b4                svcExitThread
 .text.svcSleepThread
                0x0010f9bc        0x8 C:/devkitPro/libctru/lib\libctru.a(svc.o)
                0x0010f9bc                svcSleepThread
 .text.svcReleaseMutex
                0x0010f9c4        0x8 C:/devkitPro/libctru/lib\libctru.a(svc.o)
                0x0010f9c4                svcReleaseMutex
 .text.svcCreateEvent
                0x0010f9cc       0x14 C:/devkitPro/libctru/lib\libctru.a(svc.o)
                0x0010f9cc                svcCreateEvent
 .text.svcSignalEvent
                0x0010f9e0        0x8 C:/devkitPro/libctru/lib\libctru.a(svc.o)
                0x0010f9e0                svcSignalEvent
 .text.svcClearEvent
                0x0010f9e8        0x8 C:/devkitPro/libctru/lib\libctru.a(svc.o)
                0x0010f9e8                svcClearEvent
 .text.svcMapMemoryBlock
                0x0010f9f0        0x8 C:/devkitPro/libctru/lib\libctru.a(svc.o)
                0x0010f9f0                svcMapMemoryBlock
 .text.svcUnmapMemoryBlock
                0x0010f9f8        0x8 C:/devkitPro/libctru/lib\libctru.a(svc.o)
                0x0010f9f8                svcUnmapMemoryBlock
 .text.svcCreateAddressArbiter
                0x0010fa00       0x14 C:/devkitPro/libctru/lib\libctru.a(svc.o)
                0x0010fa00                svcCreateAddressArbiter
 .text.svcArbitrateAddressNoTimeout
                0x0010fa14        0x8 C:/devkitPro/libctru/lib\libctru.a(svc.o)
                0x0010fa14                svcArbitrateAddressNoTimeout
 .text.svcCloseHandle
                0x0010fa1c        0x8 C:/devkitPro/libctru/lib\libctru.a(svc.o)
                0x0010fa1c                svcCloseHandle
 .text.svcWaitSynchronization
                0x0010fa24        0x8 C:/devkitPro/libctru/lib\libctru.a(svc.o)
                0x0010fa24                svcWaitSynchronization
 .text.svcWaitSynchronizationN
                0x0010fa2c       0x28 C:/devkitPro/libctru/lib\libctru.a(svc.o)
                0x0010fa2c                svcWaitSynchronizationN
 .text.svcDuplicateHandle
                0x0010fa54       0x14 C:/devkitPro/libctru/lib\libctru.a(svc.o)
                0x0010fa54                svcDuplicateHandle
 .text.svcGetSystemTick
                0x0010fa68        0x8 C:/devkitPro/libctru/lib\libctru.a(svc.o)
                0x0010fa68                svcGetSystemTick
 .text.svcConnectToPort
                0x0010fa70       0x14 C:/devkitPro/libctru/lib\libctru.a(svc.o)
                0x0010fa70                svcConnectToPort
 .text.svcSendSyncRequest
                0x0010fa84        0x8 C:/devkitPro/libctru/lib\libctru.a(svc.o)
                0x0010fa84                svcSendSyncRequest
 .text.svcGetResourceLimit
                0x0010fa8c       0x14 C:/devkitPro/libctru/lib\libctru.a(svc.o)
                0x0010fa8c                svcGetResourceLimit
 .text.svcGetResourceLimitLimitValues
                0x0010faa0        0x8 C:/devkitPro/libctru/lib\libctru.a(svc.o)
                0x0010faa0                svcGetResourceLimitLimitValues
 .text.svcGetResourceLimitCurrentValues
                0x0010faa8        0x8 C:/devkitPro/libctru/lib\libctru.a(svc.o)
                0x0010faa8                svcGetResourceLimitCurrentValues
 .text.svcBreak
                0x0010fab0        0x8 C:/devkitPro/libctru/lib\libctru.a(svc.o)
                0x0010fab0                svcBreak
 .text.initSystem
                0x0010fab8       0x50 C:/devkitPro/libctru/lib\libctru.a(stack_adjust.o)
                0x0010fab8                initSystem
 .text.__ctru_exit
                0x0010fb08       0x14 C:/devkitPro/libctru/lib\libctru.a(stack_adjust.o)
                0x0010fb08                __ctru_exit
 .text.envGetHandle
                0x0010fb1c       0x8c C:/devkitPro/libctru/lib\libctru.a(env.o)
                0x0010fb1c                envGetHandle
 .text.envDestroyHandles
                0x0010fba8       0x50 C:/devkitPro/libctru/lib\libctru.a(env.o)
                0x0010fba8                envDestroyHandles
 .text.srvInit  0x0010fbf8      0x164 C:/devkitPro/libctru/lib\libctru.a(srv.o)
                0x0010fbf8                srvInit
 .text.srvExit  0x0010fd5c       0x64 C:/devkitPro/libctru/lib\libctru.a(srv.o)
                0x0010fd5c                srvExit
 .text.srvEnableNotification
                0x0010fdc0       0x60 C:/devkitPro/libctru/lib\libctru.a(srv.o)
                0x0010fdc0                srvEnableNotification
 .text.srvGetServiceHandleDirect
                0x0010fe20       0xa0 C:/devkitPro/libctru/lib\libctru.a(srv.o)
                0x0010fe20                srvGetServiceHandleDirect
 .text.srvGetServiceHandle
                0x0010fec0       0x48 C:/devkitPro/libctru/lib\libctru.a(srv.o)
                0x0010fec0                srvGetServiceHandle
 .text.srvSubscribe
                0x0010ff08       0x34 C:/devkitPro/libctru/lib\libctru.a(srv.o)
                0x0010ff08                srvSubscribe
 .text.srvReceiveNotification
                0x0010ff3c       0x60 C:/devkitPro/libctru/lib\libctru.a(srv.o)
                0x0010ff3c                srvReceiveNotification
 .text.srvPublishToSubscriber
                0x0010ff9c       0x38 C:/devkitPro/libctru/lib\libctru.a(srv.o)
                0x0010ff9c                srvPublishToSubscriber
 .text.__sync_init
                0x0010ffd4        0xc C:/devkitPro/libctru/lib\libctru.a(synchronization.o)
                0x0010ffd4                __sync_init
 .text.__sync_fini
                0x0010ffe0       0x18 C:/devkitPro/libctru/lib\libctru.a(synchronization.o)
                0x0010ffe0                __sync_fini
 .text.syncArbitrateAddress
                0x0010fff8       0x28 C:/devkitPro/libctru/lib\libctru.a(synchronization.o)
                0x0010fff8                syncArbitrateAddress
 .text.LightLock_Init
                0x00110020       0x1c C:/devkitPro/libctru/lib\libctru.a(synchronization.o)
                0x00110020                LightLock_Init
 .text.LightLock_Lock
                0x0011003c       0xac C:/devkitPro/libctru/lib\libctru.a(synchronization.o)
                0x0011003c                LightLock_Lock
 .text.LightLock_Unlock
                0x001100e8       0x40 C:/devkitPro/libctru/lib\libctru.a(synchronization.o)
                0x001100e8                LightLock_Unlock
 .text.RecursiveLock_Lock
                0x00110128       0x54 C:/devkitPro/libctru/lib\libctru.a(synchronization.o)
                0x00110128                RecursiveLock_Lock
 .text.RecursiveLock_Unlock
                0x0011017c       0x54 C:/devkitPro/libctru/lib\libctru.a(synchronization.o)
                0x0011017c                RecursiveLock_Unlock
 .text.LightEvent_Init
                0x001101d0       0x44 C:/devkitPro/libctru/lib\libctru.a(synchronization.o)
                0x001101d0                LightEvent_Init
 .text.LightEvent_Clear
                0x00110214       0xb8 C:/devkitPro/libctru/lib\libctru.a(synchronization.o)
                0x00110214                LightEvent_Clear
 .text.LightEvent_Signal
                0x001102cc       0xdc C:/devkitPro/libctru/lib\libctru.a(synchronization.o)
                0x001102cc                LightEvent_Signal
 .text.LightEvent_TryWait
                0x001103a8       0x50 C:/devkitPro/libctru/lib\libctru.a(synchronization.o)
                0x001103a8                LightEvent_TryWait
 .text.LightEvent_Wait
                0x001103f8       0xac C:/devkitPro/libctru/lib\libctru.a(synchronization.o)
                0x001103f8                LightEvent_Wait
 .text.threadCreate
                0x001104a4      0x1fc C:/devkitPro/libctru/lib\libctru.a(thread.o)
                0x001104a4                threadCreate
 .text.threadFree
                0x001106a0       0x38 C:/devkitPro/libctru/lib\libctru.a(thread.o)
                0x001106a0                threadFree
 .text.threadJoin
                0x001106d8       0x24 C:/devkitPro/libctru/lib\libctru.a(thread.o)
                0x001106d8                threadJoin
 .text.threadGetCurrent
                0x001106fc       0x30 C:/devkitPro/libctru/lib\libctru.a(thread.o)
                0x001106fc                threadGetCurrent
 .text.threadExit
                0x0011072c       0x40 C:/devkitPro/libctru/lib\libctru.a(thread.o)
                0x0011072c                threadExit
 .text._thread_begin
                0x0011076c       0x20 C:/devkitPro/libctru/lib\libctru.a(thread.o)
 .text.mappableFindAddressWithin
                0x0011078c       0x90 C:/devkitPro/libctru/lib\libctru.a(mappable.o)
 .text.mappableInit
                0x0011081c       0x28 C:/devkitPro/libctru/lib\libctru.a(mappable.o)
                0x0011081c                mappableInit
 .text.mappableAlloc
                0x00110844       0x7c C:/devkitPro/libctru/lib\libctru.a(mappable.o)
                0x00110844                mappableAlloc
 .text.mappableFree
                0x001108c0        0x4 C:/devkitPro/libctru/lib\libctru.a(mappable.o)
                0x001108c0                mappableFree
 .text.srvPmGetSessionHandle
                0x001108c4        0xc C:/devkitPro/libctru/lib\libctru.a(srvpm.o)
                0x001108c4                srvPmGetSessionHandle
 .text.rbtree_node_next
                0x001108d0       0x60 C:/devkitPro/libctru/lib\libctru.a(rbtree_iterator.o)
                0x001108d0                rbtree_node_next
 .text.__appExit
                0x00110930       0x30 C:/devkitPro/libctru/lib\libctru.a(appExit.o)
                0x00110930                __appExit
 .text.__appInit
                0x00110960       0x30 C:/devkitPro/libctru/lib\libctru.a(appInit.o)
                0x00110960                __appInit
 .text.__libctru_exit
                0x00110990       0x90 C:/devkitPro/libctru/lib\libctru.a(ctru_exit.o)
                0x00110990                __libctru_exit
 .text.archive_link
                0x00110a20       0x14 C:/devkitPro/libctru/lib\libctru.a(archive_dev.o)
 .text.archive_dirreset
                0x00110a34       0x14 C:/devkitPro/libctru/lib\libctru.a(archive_dev.o)
 .text.archive_chmod
                0x00110a48       0x14 C:/devkitPro/libctru/lib\libctru.a(archive_dev.o)
 .text.error_cmp
                0x00110a5c       0x24 C:/devkitPro/libctru/lib\libctru.a(archive_dev.o)
 .text.archive_translate_error
                0x00110a80       0x50 C:/devkitPro/libctru/lib\libctru.a(archive_dev.o)
 .text.archive_seek
                0x00110ad0       0xc0 C:/devkitPro/libctru/lib\libctru.a(archive_dev.o)
 .text._archiveInit.part.0
                0x00110b90       0x78 C:/devkitPro/libctru/lib\libctru.a(archive_dev.o)
 .text.archiveFindDevice.part.0
                0x00110c08       0xd4 C:/devkitPro/libctru/lib\libctru.a(archive_dev.o)
 .text.archive_utf16path
                0x00110cdc      0x298 C:/devkitPro/libctru/lib\libctru.a(archive_dev.o)
 .text._archiveUnmountDeviceStruct.part.0
                0x00110f74       0x98 C:/devkitPro/libctru/lib\libctru.a(archive_dev.o)
 .text.archive_statvfs
                0x0011100c       0x14 C:/devkitPro/libctru/lib\libctru.a(archive_dev.o)
 .text.archive_fchmod
                0x00111020       0x14 C:/devkitPro/libctru/lib\libctru.a(archive_dev.o)
 .text._archiveMountDevice
                0x00111034      0x178 C:/devkitPro/libctru/lib\libctru.a(archive_dev.o)
 .text.archive_diropen
                0x001111ac       0xf8 C:/devkitPro/libctru/lib\libctru.a(archive_dev.o)
 .text.archive_fstat
                0x001112a4       0xac C:/devkitPro/libctru/lib\libctru.a(archive_dev.o)
 .text.archive_fsync
                0x00111350       0x74 C:/devkitPro/libctru/lib\libctru.a(archive_dev.o)
 .text.archive_close
                0x001113c4       0x74 C:/devkitPro/libctru/lib\libctru.a(archive_dev.o)
 .text.archive_dirclose
                0x00111438       0x78 C:/devkitPro/libctru/lib\libctru.a(archive_dev.o)
 .text.sdmc_statvfs
                0x001114b0       0xec C:/devkitPro/libctru/lib\libctru.a(archive_dev.o)
 .text.archive_chdir
                0x0011159c       0xf8 C:/devkitPro/libctru/lib\libctru.a(archive_dev.o)
 .text.archive_ftruncate
                0x00111694       0x8c C:/devkitPro/libctru/lib\libctru.a(archive_dev.o)
 .text.archive_read
                0x00111720       0xbc C:/devkitPro/libctru/lib\libctru.a(archive_dev.o)
 .text.archive_unlink
                0x001117dc       0xa8 C:/devkitPro/libctru/lib\libctru.a(archive_dev.o)
 .text.archive_rmdir
                0x00111884       0xc0 C:/devkitPro/libctru/lib\libctru.a(archive_dev.o)
 .text.archive_mkdir
                0x00111944       0xd8 C:/devkitPro/libctru/lib\libctru.a(archive_dev.o)
 .text.archive_stat
                0x00111a1c      0x1a0 C:/devkitPro/libctru/lib\libctru.a(archive_dev.o)
 .text.archive_dirnext
                0x00111bbc      0x164 C:/devkitPro/libctru/lib\libctru.a(archive_dev.o)
 .text.archive_write
                0x00111d20      0x13c C:/devkitPro/libctru/lib\libctru.a(archive_dev.o)
 *fill*         0x00111e5c        0x4 
 .text.archive_open
                0x00111e60      0x254 C:/devkitPro/libctru/lib\libctru.a(archive_dev.o)
 .text.archive_rename
                0x001120b4      0x270 C:/devkitPro/libctru/lib\libctru.a(archive_dev.o)
 .text.archiveMountSdmc
                0x00112324      0x1c8 C:/devkitPro/libctru/lib\libctru.a(archive_dev.o)
                0x00112324                archiveMountSdmc
 .text.archiveUnmountAll
                0x001124ec       0x54 C:/devkitPro/libctru/lib\libctru.a(archive_dev.o)
                0x001124ec                archiveUnmountAll
 .text.decode_utf8
                0x00112540      0x140 C:/devkitPro/libctru/lib\libctru.a(decode_utf8.o)
                0x00112540                decode_utf8
 .text.utf16_to_utf8
                0x00112680       0xe8 C:/devkitPro/libctru/lib\libctru.a(utf16_to_utf8.o)
                0x00112680                utf16_to_utf8
 .text.utf8_to_utf16
                0x00112768       0xc0 C:/devkitPro/libctru/lib\libctru.a(utf8_to_utf16.o)
                0x00112768                utf8_to_utf16
 .text.__aeabi_read_tp
                0x00112828        0xc C:/devkitPro/libctru/lib\libctru.a(readtp.o)
                0x00112828                __aeabi_read_tp
 .text.decode_utf16
                0x00112834       0x54 C:/devkitPro/libctru/lib\libctru.a(decode_utf16.o)
                0x00112834                decode_utf16
 .text.encode_utf16
                0x00112888       0x54 C:/devkitPro/libctru/lib\libctru.a(encode_utf16.o)
                0x00112888                encode_utf16
 .text.encode_utf8
                0x001128dc       0xe0 C:/devkitPro/libctru/lib\libctru.a(encode_utf8.o)
                0x001128dc                encode_utf8
 .text.__udivmoddi4
                0x001129bc      0x130 C:/devkitPro/devkitARM/bin/../lib/gcc/arm-none-eabi/15.1.0/armv6k/fpu\libgcc.a(_udivmoddi4.o)
                0x001129bc                __udivmoddi4
 .text.strncmp  0x00112aec       0xd8 C:/devkitPro/devkitARM/bin/../lib/gcc/arm-none-eabi/15.1.0/../../../../arm-none-eabi/lib/armv6k/fpu\libg.a(libc_a-strncmp.o)
                0x00112aec                strncmp
 .text._fclose_r
                0x00112bc4      0x144 C:/devkitPro/devkitARM/bin/../lib/gcc/arm-none-eabi/15.1.0/../../../../arm-none-eabi/lib/armv6k/fpu\libg.a(libc_a-fclose.o)
                0x00112bc4                _fclose_r
 .text.fclose   0x00112d08       0x20 C:/devkitPro/devkitARM/bin/../lib/gcc/arm-none-eabi/15.1.0/../../../../arm-none-eabi/lib/armv6k/fpu\libg.a(libc_a-fclose.o)
                0x00112d08                fclose
 .text.stat     0x00112d28       0x28 C:/devkitPro/devkitARM/bin/../lib/gcc/arm-none-eabi/15.1.0/../../../../arm-none-eabi/lib/armv6k/fpu\libg.a(libc_a-sysstat.o)
                0x00112d28                stat
 .text.strlen   0x00112d50       0x8c C:/devkitPro/devkitARM/bin/../lib/gcc/arm-none-eabi/15.1.0/../../../../arm-none-eabi/lib/armv6k/fpu\libg.a(libc_a-strlen.o)
                0x00112d50                strlen
 .text.stdio_exit_handler
                0x00112ddc       0x1c C:/devkitPro/devkitARM/bin/../lib/gcc/arm-none-eabi/15.1.0/../../../../arm-none-eabi/lib/armv6k/fpu\libg.a(libc_a-findfp.o)
 .text.cleanup_stdio
                0x00112df8       0x5c C:/devkitPro/devkitARM/bin/../lib/gcc/arm-none-eabi/15.1.0/../../../../arm-none-eabi/lib/armv6k/fpu\libg.a(libc_a-findfp.o)
 .text.global_stdio_init.part.0
                0x00112e54      0x154 C:/devkitPro/devkitARM/bin/../lib/gcc/arm-none-eabi/15.1.0/../../../../arm-none-eabi/lib/armv6k/fpu\libg.a(libc_a-findfp.o)
 .text.__sfp    0x00112fa8      0x138 C:/devkitPro/devkitARM/bin/../lib/gcc/arm-none-eabi/15.1.0/../../../../arm-none-eabi/lib/armv6k/fpu\libg.a(libc_a-findfp.o)
                0x00112fa8                __sfp
 .text.__sinit  0x001130e0       0x5c C:/devkitPro/devkitARM/bin/../lib/gcc/arm-none-eabi/15.1.0/../../../../arm-none-eabi/lib/armv6k/fpu\libg.a(libc_a-findfp.o)
                0x001130e0                __sinit
 .text.__sfp_lock_acquire
                0x0011313c        0xc C:/devkitPro/devkitARM/bin/../lib/gcc/arm-none-eabi/15.1.0/../../../../arm-none-eabi/lib/armv6k/fpu\libg.a(libc_a-findfp.o)
                0x0011313c                __sfp_lock_acquire
 .text.__sfp_lock_release
                0x00113148        0xc C:/devkitPro/devkitARM/bin/../lib/gcc/arm-none-eabi/15.1.0/../../../../arm-none-eabi/lib/armv6k/fpu\libg.a(libc_a-findfp.o)
                0x00113148                __sfp_lock_release
 .text._strtoul_l.isra.0
                0x00113154      0x1ec C:/devkitPro/devkitARM/bin/../lib/gcc/arm-none-eabi/15.1.0/../../../../arm-none-eabi/lib/armv6k/fpu\libg.a(libc_a-strtoul.o)
 .text.strtoul  0x00113340       0x3c C:/devkitPro/devkitARM/bin/../lib/gcc/arm-none-eabi/15.1.0/../../../../arm-none-eabi/lib/armv6k/fpu\libg.a(libc_a-strtoul.o)
                0x00113340                strtoul
 .text.__libc_init_array
                0x0011337c       0x84 C:/devkitPro/devkitARM/bin/../lib/gcc/arm-none-eabi/15.1.0/../../../../arm-none-eabi/lib/armv6k/fpu\libg.a(libc_a-init.o)
                0x0011337c                __libc_init_array
 .text.strncat  0x00113400       0x9c C:/devkitPro/devkitARM/bin/../lib/gcc/arm-none-eabi/15.1.0/../../../../arm-none-eabi/lib/armv6k/fpu\libg.a(libc_a-strncat.o)
                0x00113400                strncat
 .text._fwalk_sglue
                0x0011349c       0x70 C:/devkitPro/devkitARM/bin/../lib/gcc/arm-none-eabi/15.1.0/../../../../arm-none-eabi/lib/armv6k/fpu\libg.a(libc_a-fwalk.o)
                0x0011349c                _fwalk_sglue
 .text.bsearch  0x0011350c       0x78 C:/devkitPro/devkitARM/bin/../lib/gcc/arm-none-eabi/15.1.0/../../../../arm-none-eabi/lib/armv6k/fpu\libg.a(libc_a-bsearch.o)
                0x0011350c                bsearch
 .text.__errno  0x00113584        0xc C:/devkitPro/devkitARM/bin/../lib/gcc/arm-none-eabi/15.1.0/../../../../arm-none-eabi/lib/armv6k/fpu\libg.a(libc_a-errno.o)
                0x00113584                __errno
 .text.calloc   0x00113590       0x28 C:/devkitPro/devkitARM/bin/../lib/gcc/arm-none-eabi/15.1.0/../../../../arm-none-eabi/lib/armv6k/fpu\libg.a(libc_a-calloc.o)
                0x00113590                calloc
 .text.strrchr  0x001135b8       0x48 C:/devkitPro/devkitARM/bin/../lib/gcc/arm-none-eabi/15.1.0/../../../../arm-none-eabi/lib/armv6k/fpu\libg.a(libc_a-strrchr.o)
                0x001135b8                strrchr
 .text._puts_r  0x00113600       0xe0 C:/devkitPro/devkitARM/bin/../lib/gcc/arm-none-eabi/15.1.0/../../../../arm-none-eabi/lib/armv6k/fpu\libg.a(libc_a-puts.o)
                0x00113600                _puts_r
 .text.puts     0x001136e0       0x20 C:/devkitPro/devkitARM/bin/../lib/gcc/arm-none-eabi/15.1.0/../../../../arm-none-eabi/lib/armv6k/fpu\libg.a(libc_a-puts.o)
                0x001136e0                puts
 .text._calloc_r
                0x00113700       0xd8 C:/devkitPro/devkitARM/bin/../lib/gcc/arm-none-eabi/15.1.0/../../../../arm-none-eabi/lib/armv6k/fpu\libg.a(libc_a-callocr.o)
                0x00113700                _calloc_r
 .text._fseek_r
                0x001137d8       0x1c C:/devkitPro/devkitARM/bin/../lib/gcc/arm-none-eabi/15.1.0/../../../../arm-none-eabi/lib/armv6k/fpu\libg.a(libc_a-fseek.o)
                0x001137d8                _fseek_r
 .text.fseek    0x001137f4       0x34 C:/devkitPro/devkitARM/bin/../lib/gcc/arm-none-eabi/15.1.0/../../../../arm-none-eabi/lib/armv6k/fpu\libg.a(libc_a-fseek.o)
                0x001137f4                fseek
 .text.memalign
                0x00113828       0x28 C:/devkitPro/devkitARM/bin/../lib/gcc/arm-none-eabi/15.1.0/../../../../arm-none-eabi/lib/armv6k/fpu\libg.a(libc_a-malign.o)
                0x00113828                memalign
 .text._malloc_r
                0x00113850      0x82c C:/devkitPro/devkitARM/bin/../lib/gcc/arm-none-eabi/15.1.0/../../../../arm-none-eabi/lib/armv6k/fpu\libg.a(libc_a-mallocr.o)
                0x00113850                _malloc_r
 .text.strcpy   0x0011407c       0xf0 C:/devkitPro/devkitARM/bin/../lib/gcc/arm-none-eabi/15.1.0/../../../../arm-none-eabi/lib/armv6k/fpu\libg.a(libc_a-strcpy.o)
                0x0011407c                strcpy
 .text._malloc_trim_r
                0x0011416c      0x114 C:/devkitPro/devkitARM/bin/../lib/gcc/arm-none-eabi/15.1.0/../../../../arm-none-eabi/lib/armv6k/fpu\libg.a(libc_a-freer.o)
                0x0011416c                _malloc_trim_r
 .text._free_r  0x00114280      0x314 C:/devkitPro/devkitARM/bin/../lib/gcc/arm-none-eabi/15.1.0/../../../../arm-none-eabi/lib/armv6k/fpu\libg.a(libc_a-freer.o)
                0x00114280                _free_r
 .text.snprintf
                0x00114594       0xa0 C:/devkitPro/devkitARM/bin/../lib/gcc/arm-none-eabi/15.1.0/../../../../arm-none-eabi/lib/armv6k/fpu\libg.a(libc_a-snprintf.o)
                0x00114594                snprintf
 .text.get_arg  0x00114634      0x5e0 C:/devkitPro/devkitARM/bin/../lib/gcc/arm-none-eabi/15.1.0/../../../../arm-none-eabi/lib/armv6k/fpu\libg.a(libc_a-svfprintf.o)
 *fill*         0x00114c14        0x4 
 .text._svfprintf_r
                0x00114c18     0x345c C:/devkitPro/devkitARM/bin/../lib/gcc/arm-none-eabi/15.1.0/../../../../arm-none-eabi/lib/armv6k/fpu\libg.a(libc_a-svfprintf.o)
                0x00114c18                _svfprintf_r
 .text.printf   0x00118074       0x34 C:/devkitPro/devkitARM/bin/../lib/gcc/arm-none-eabi/15.1.0/../../../../arm-none-eabi/lib/armv6k/fpu\libg.a(libc_a-printf.o)
                0x00118074                printf
 .text.strnlen  0x001180a8       0x3c C:/devkitPro/devkitARM/bin/../lib/gcc/arm-none-eabi/15.1.0/../../../../arm-none-eabi/lib/armv6k/fpu\libg.a(libc_a-strnlen.o)
                0x001180a8                strnlen
 .text.malloc   0x001180e4       0x40 C:/devkitPro/devkitARM/bin/../lib/gcc/arm-none-eabi/15.1.0/../../../../arm-none-eabi/lib/armv6k/fpu\libg.a(libc_a-malloc.o)
                0x001180e4                malloc
 .text.free     0x00118124       0x20 C:/devkitPro/devkitARM/bin/../lib/gcc/arm-none-eabi/15.1.0/../../../../arm-none-eabi/lib/armv6k/fpu\libg.a(libc_a-malloc.o)
                0x00118124                free
 .text.__sflush_r
                0x00118144      0x22c C:/devkitPro/devkitARM/bin/../lib/gcc/arm-none-eabi/15.1.0/../../../../arm-none-eabi/lib/armv6k/fpu\libg.a(libc_a-fflush.o)
                0x00118144                __sflush_r
 .text._fflush_r
                0x00118370       0xc4 C:/devkitPro/devkitARM/bin/../lib/gcc/arm-none-eabi/15.1.0/../../../../arm-none-eabi/lib/armv6k/fpu\libg.a(libc_a-fflush.o)
                0x00118370                _fflush_r
 .text.memset   0x00118434       0xe4 C:/devkitPro/devkitARM/bin/../lib/gcc/arm-none-eabi/15.1.0/../../../../arm-none-eabi/lib/armv6k/fpu\libg.a(libc_a-memset.o)
                0x00118434                memset
 .text._fread_r
                0x00118518      0x334 C:/devkitPro/devkitARM/bin/../lib/gcc/arm-none-eabi/15.1.0/../../../../arm-none-eabi/lib/armv6k/fpu\libg.a(libc_a-fread.o)
                0x00118518                _fread_r
 .text.fread    0x0011884c       0x38 C:/devkitPro/devkitARM/bin/../lib/gcc/arm-none-eabi/15.1.0/../../../../arm-none-eabi/lib/armv6k/fpu\libg.a(libc_a-fread.o)
                0x0011884c                fread
 .text.__malloc_lock
                0x00118884        0xc C:/devkitPro/devkitARM/bin/../lib/gcc/arm-none-eabi/15.1.0/../../../../arm-none-eabi/lib/armv6k/fpu\libg.a(libc_a-mlock.o)
                0x00118884                __malloc_lock
 .text.__malloc_unlock
                0x00118890        0xc C:/devkitPro/devkitARM/bin/../lib/gcc/arm-none-eabi/15.1.0/../../../../arm-none-eabi/lib/armv6k/fpu\libg.a(libc_a-mlock.o)
                0x00118890                __malloc_unlock
 .text.__call_exitprocs
                0x0011889c        0x4 C:/devkitPro/devkitARM/bin/../lib/gcc/arm-none-eabi/15.1.0/../../../../arm-none-eabi/lib/armv6k/fpu\libg.a(libc_a-exit.o)
                0x0011889c                __call_exitprocs
 .text.exit     0x001188a0       0x30 C:/devkitPro/devkitARM/bin/../lib/gcc/arm-none-eabi/15.1.0/../../../../arm-none-eabi/lib/armv6k/fpu\libg.a(libc_a-exit.o)
                0x001188a0                exit
 .text.setvbuf  0x001188d0      0x294 C:/devkitPro/devkitARM/bin/../lib/gcc/arm-none-eabi/15.1.0/../../../../arm-none-eabi/lib/armv6k/fpu\libg.a(libc_a-setvbuf.o)
                0x001188d0                setvbuf
 .text._fopen_r
                0x00118b64      0x134 C:/devkitPro/devkitARM/bin/../lib/gcc/arm-none-eabi/15.1.0/../../../../arm-none-eabi/lib/armv6k/fpu\libg.a(libc_a-fopen.o)
                0x00118b64                _fopen_r
 .text.fopen    0x00118c98       0x28 C:/devkitPro/devkitARM/bin/../lib/gcc/arm-none-eabi/15.1.0/../../../../arm-none-eabi/lib/armv6k/fpu\libg.a(libc_a-fopen.o)
                0x00118c98                fopen
 .text.strncpy  0x00118cc0       0xd4 C:/devkitPro/devkitARM/bin/../lib/gcc/arm-none-eabi/15.1.0/../../../../arm-none-eabi/lib/armv6k/fpu\libg.a(libc_a-strncpy.o)
                0x00118cc0                strncpy
 .text.memcpy   0x00118d94      0x12c C:/devkitPro/devkitARM/bin/../lib/gcc/arm-none-eabi/15.1.0/../../../../arm-none-eabi/lib/armv6k/fpu\libg.a(libc_a-memcpy-stub.o)
                0x00118d94                memcpy
 .text._wcsrtombs_r
                0x00118ec0       0x28 C:/devkitPro/devkitARM/bin/../lib/gcc/arm-none-eabi/15.1.0/../../../../arm-none-eabi/lib/armv6k/fpu\libg.a(libc_a-wcsrtombs.o)
                0x00118ec0                _wcsrtombs_r
 .text.frexp    0x00118ee8       0x88 C:/devkitPro/devkitARM/bin/../lib/gcc/arm-none-eabi/15.1.0/../../../../arm-none-eabi/lib/armv6k/fpu\libg.a(libm_a-s_frexp.o)
                0x00118ee8                frexp
 .text.__sfvwrite_r
                0x00118f70      0x4a4 C:/devkitPro/devkitARM/bin/../lib/gcc/arm-none-eabi/15.1.0/../../../../arm-none-eabi/lib/armv6k/fpu\libg.a(libc_a-fvwrite.o)
                0x00118f70                __sfvwrite_r
 .text.strchr   0x00119414      0x140 C:/devkitPro/devkitARM/bin/../lib/gcc/arm-none-eabi/15.1.0/../../../../arm-none-eabi/lib/armv6k/fpu\libg.a(libc_a-strchr.o)
                0x00119414                strchr
 .text.__sread  0x00119554       0x44 C:/devkitPro/devkitARM/bin/../lib/gcc/arm-none-eabi/15.1.0/../../../../arm-none-eabi/lib/armv6k/fpu\libg.a(libc_a-stdio.o)
                0x00119554                __sread
 .text.__swrite
                0x00119598       0x68 C:/devkitPro/devkitARM/bin/../lib/gcc/arm-none-eabi/15.1.0/../../../../arm-none-eabi/lib/armv6k/fpu\libg.a(libc_a-stdio.o)
                0x00119598                __swrite
 .text.__sseek  0x00119600       0x40 C:/devkitPro/devkitARM/bin/../lib/gcc/arm-none-eabi/15.1.0/../../../../arm-none-eabi/lib/armv6k/fpu\libg.a(libc_a-stdio.o)
                0x00119600                __sseek
 .text.__sclose
                0x00119640        0x8 C:/devkitPro/devkitARM/bin/../lib/gcc/arm-none-eabi/15.1.0/../../../../arm-none-eabi/lib/armv6k/fpu\libg.a(libc_a-stdio.o)
                0x00119640                __sclose
 .text.memmove  0x00119648      0x16c C:/devkitPro/devkitARM/bin/../lib/gcc/arm-none-eabi/15.1.0/../../../../arm-none-eabi/lib/armv6k/fpu\libg.a(libc_a-memmove.o)
                0x00119648                memmove
 .text.__locale_mb_cur_max
                0x001197b4       0x24 C:/devkitPro/devkitARM/bin/../lib/gcc/arm-none-eabi/15.1.0/../../../../arm-none-eabi/lib/armv6k/fpu\libg.a(libc_a-locale.o)
                0x001197b4                __locale_mb_cur_max
 .text.__ssprint_r
                0x001197d8       0xa4 C:/devkitPro/devkitARM/bin/../lib/gcc/arm-none-eabi/15.1.0/../../../../arm-none-eabi/lib/armv6k/fpu\libg.a(libc_a-ssprint_r.o)
                0x001197d8                __ssprint_r
 .text._memalign_r
                0x0011987c      0x16c C:/devkitPro/devkitARM/bin/../lib/gcc/arm-none-eabi/15.1.0/../../../../arm-none-eabi/lib/armv6k/fpu\libg.a(libc_a-malignr.o)
                0x0011987c                _memalign_r
 .text._wcsnrtombs_l
                0x001199e8      0x15c C:/devkitPro/devkitARM/bin/../lib/gcc/arm-none-eabi/15.1.0/../../../../arm-none-eabi/lib/armv6k/fpu\libg.a(libc_a-wcsnrtombs.o)
                0x001199e8                _wcsnrtombs_l
 .text._wcsnrtombs_r
                0x00119b44       0x64 C:/devkitPro/devkitARM/bin/../lib/gcc/arm-none-eabi/15.1.0/../../../../arm-none-eabi/lib/armv6k/fpu\libg.a(libc_a-wcsnrtombs.o)
                0x00119b44                _wcsnrtombs_r
 .text.__utf8_mbtowc
                0x00119ba8      0x340 C:/devkitPro/devkitARM/bin/../lib/gcc/arm-none-eabi/15.1.0/../../../../arm-none-eabi/lib/armv6k/fpu\libg.a(libc_a-mbtowc_r.o)
                0x00119ba8                __utf8_mbtowc
 .text._fseeko_r
                0x00119ee8      0x588 C:/devkitPro/devkitARM/bin/../lib/gcc/arm-none-eabi/15.1.0/../../../../arm-none-eabi/lib/armv6k/fpu\libg.a(libc_a-fseeko.o)
                0x00119ee8                _fseeko_r
 .text._localeconv_r
                0x0011a470       0x24 C:/devkitPro/devkitARM/bin/../lib/gcc/arm-none-eabi/15.1.0/../../../../arm-none-eabi/lib/armv6k/fpu\libg.a(libc_a-localeconv.o)
                0x0011a470                _localeconv_r
 .text.get_arg  0x0011a494      0x5e0 C:/devkitPro/devkitARM/bin/../lib/gcc/arm-none-eabi/15.1.0/../../../../arm-none-eabi/lib/armv6k/fpu\libg.a(libc_a-vfprintf.o)
 *fill*         0x0011aa74        0x4 
 .text._vfprintf_r
                0x0011aa78     0x3554 C:/devkitPro/devkitARM/bin/../lib/gcc/arm-none-eabi/15.1.0/../../../../arm-none-eabi/lib/armv6k/fpu\libg.a(libc_a-vfprintf.o)
                0x0011aa78                _vfprintf_r
 .text.__sbprintf
                0x0011dfcc       0xb4 C:/devkitPro/devkitARM/bin/../lib/gcc/arm-none-eabi/15.1.0/../../../../arm-none-eabi/lib/armv6k/fpu\libg.a(libc_a-vfprintf.o)
 .text.memchr   0x0011e080       0xe8 C:/devkitPro/devkitARM/bin/../lib/gcc/arm-none-eabi/15.1.0/../../../../arm-none-eabi/lib/armv6k/fpu\libg.a(libc_a-memchr-stub.o)
                0x0011e080                memchr
 .text.quorem   0x0011e168      0x1c0 C:/devkitPro/devkitARM/bin/../lib/gcc/arm-none-eabi/15.1.0/../../../../arm-none-eabi/lib/armv6k/fpu\libg.a(libc_a-dtoa.o)
 .text._dtoa_r  0x0011e328     0x13f0 C:/devkitPro/devkitARM/bin/../lib/gcc/arm-none-eabi/15.1.0/../../../../arm-none-eabi/lib/armv6k/fpu\libg.a(libc_a-dtoa.o)
                0x0011e328                _dtoa_r
 .text._wcrtomb_r
                0x0011f718       0xa0 C:/devkitPro/devkitARM/bin/../lib/gcc/arm-none-eabi/15.1.0/../../../../arm-none-eabi/lib/armv6k/fpu\libg.a(libc_a-wcrtomb.o)
                0x0011f718                _wcrtomb_r
 .text.__sflags
                0x0011f7b8       0xb8 C:/devkitPro/devkitARM/bin/../lib/gcc/arm-none-eabi/15.1.0/../../../../arm-none-eabi/lib/armv6k/fpu\libg.a(libc_a-flags.o)
                0x0011f7b8                __sflags
 .text.__libc_fini_array
                0x0011f870       0x3c C:/devkitPro/devkitARM/bin/../lib/gcc/arm-none-eabi/15.1.0/../../../../arm-none-eabi/lib/armv6k/fpu\libg.a(libc_a-fini.o)
                0x0011f870                __libc_fini_array
 .text.lflush   0x0011f8ac       0x38 C:/devkitPro/devkitARM/bin/../lib/gcc/arm-none-eabi/15.1.0/../../../../arm-none-eabi/lib/armv6k/fpu\libg.a(libc_a-refill.o)
 .text.__srefill_r
                0x0011f8e4      0x1a8 C:/devkitPro/devkitARM/bin/../lib/gcc/arm-none-eabi/15.1.0/../../../../arm-none-eabi/lib/armv6k/fpu\libg.a(libc_a-refill.o)
                0x0011f8e4                __srefill_r
 .text.__smakebuf_r
                0x0011fa8c      0x164 C:/devkitPro/devkitARM/bin/../lib/gcc/arm-none-eabi/15.1.0/../../../../arm-none-eabi/lib/armv6k/fpu\libg.a(libc_a-makebuf.o)
                0x0011fa8c                __smakebuf_r
 .text.__swhatbuf_r
                0x0011fbf0       0x90 C:/devkitPro/devkitARM/bin/../lib/gcc/arm-none-eabi/15.1.0/../../../../arm-none-eabi/lib/armv6k/fpu\libg.a(libc_a-makebuf.o)
                0x0011fbf0                __swhatbuf_r
 .text._realloc_r
                0x0011fc80      0x4f0 C:/devkitPro/devkitARM/bin/../lib/gcc/arm-none-eabi/15.1.0/../../../../arm-none-eabi/lib/armv6k/fpu\libg.a(libc_a-reallocr.o)
                0x0011fc80                _realloc_r
 .text.__ssputs_r
                0x00120170      0x12c C:/devkitPro/devkitARM/bin/../lib/gcc/arm-none-eabi/15.1.0/../../../../arm-none-eabi/lib/armv6k/fpu\libg.a(libc_a-ssputs_r.o)
                0x00120170                __ssputs_r
 .text.__utf8_wctomb
                0x0012029c       0xf8 C:/devkitPro/devkitARM/bin/../lib/gcc/arm-none-eabi/15.1.0/../../../../arm-none-eabi/lib/armv6k/fpu\libg.a(libc_a-wctomb_r.o)
                0x0012029c                __utf8_wctomb
 .text.__swsetup_r
                0x00120394      0x140 C:/devkitPro/devkitARM/bin/../lib/gcc/arm-none-eabi/15.1.0/../../../../arm-none-eabi/lib/armv6k/fpu\libg.a(libc_a-wsetup.o)
                0x00120394                __swsetup_r
 .text.__assert_func
                0x001204d4       0x5c C:/devkitPro/devkitARM/bin/../lib/gcc/arm-none-eabi/15.1.0/../../../../arm-none-eabi/lib/armv6k/fpu\libg.a(libc_a-assert.o)
                0x001204d4                __assert_func
 .text._Balloc  0x00120530       0x88 C:/devkitPro/devkitARM/bin/../lib/gcc/arm-none-eabi/15.1.0/../../../../arm-none-eabi/lib/armv6k/fpu\libg.a(libc_a-mprec.o)
                0x00120530                _Balloc
 .text._Bfree   0x001205b8       0x1c C:/devkitPro/devkitARM/bin/../lib/gcc/arm-none-eabi/15.1.0/../../../../arm-none-eabi/lib/armv6k/fpu\libg.a(libc_a-mprec.o)
                0x001205b8                _Bfree
 .text.__multadd
                0x001205d4       0xf4 C:/devkitPro/devkitARM/bin/../lib/gcc/arm-none-eabi/15.1.0/../../../../arm-none-eabi/lib/armv6k/fpu\libg.a(libc_a-mprec.o)
                0x001205d4                __multadd
 .text.__hi0bits
                0x001206c8       0x80 C:/devkitPro/devkitARM/bin/../lib/gcc/arm-none-eabi/15.1.0/../../../../arm-none-eabi/lib/armv6k/fpu\libg.a(libc_a-mprec.o)
                0x001206c8                __hi0bits
 .text.__lo0bits
                0x00120748       0xf0 C:/devkitPro/devkitARM/bin/../lib/gcc/arm-none-eabi/15.1.0/../../../../arm-none-eabi/lib/armv6k/fpu\libg.a(libc_a-mprec.o)
                0x00120748                __lo0bits
 .text.__i2b    0x00120838       0xa4 C:/devkitPro/devkitARM/bin/../lib/gcc/arm-none-eabi/15.1.0/../../../../arm-none-eabi/lib/armv6k/fpu\libg.a(libc_a-mprec.o)
                0x00120838                __i2b
 .text.__multiply
                0x001208dc      0x230 C:/devkitPro/devkitARM/bin/../lib/gcc/arm-none-eabi/15.1.0/../../../../arm-none-eabi/lib/armv6k/fpu\libg.a(libc_a-mprec.o)
                0x001208dc                __multiply
 .text.__pow5mult
                0x00120b0c      0x130 C:/devkitPro/devkitARM/bin/../lib/gcc/arm-none-eabi/15.1.0/../../../../arm-none-eabi/lib/armv6k/fpu\libg.a(libc_a-mprec.o)
                0x00120b0c                __pow5mult
 .text.__lshift
                0x00120c3c      0x138 C:/devkitPro/devkitARM/bin/../lib/gcc/arm-none-eabi/15.1.0/../../../../arm-none-eabi/lib/armv6k/fpu\libg.a(libc_a-mprec.o)
                0x00120c3c                __lshift
 .text.__mcmp   0x00120d74       0x58 C:/devkitPro/devkitARM/bin/../lib/gcc/arm-none-eabi/15.1.0/../../../../arm-none-eabi/lib/armv6k/fpu\libg.a(libc_a-mprec.o)
                0x00120d74                __mcmp
 .text.__mdiff  0x00120dcc      0x218 C:/devkitPro/devkitARM/bin/../lib/gcc/arm-none-eabi/15.1.0/../../../../arm-none-eabi/lib/armv6k/fpu\libg.a(libc_a-mprec.o)
                0x00120dcc                __mdiff
 .text.__d2b    0x00120fe4      0x120 C:/devkitPro/devkitARM/bin/../lib/gcc/arm-none-eabi/15.1.0/../../../../arm-none-eabi/lib/armv6k/fpu\libg.a(libc_a-mprec.o)
                0x00120fe4                __d2b
 .text.fiprintf
                0x00121104       0x3c C:/devkitPro/devkitARM/bin/../lib/gcc/arm-none-eabi/15.1.0/../../../../arm-none-eabi/lib/armv6k/fpu\libg.a(libc_a-fiprintf.o)
                0x00121104                fiprintf
 .text.__sprint_r
                0x00121140       0x30 C:/devkitPro/devkitARM/bin/../lib/gcc/arm-none-eabi/15.1.0/../../../../arm-none-eabi/lib/armv6k/fpu\libg.a(libc_a-sprint_r.o)
                0x00121140                __sprint_r
 .text.abort    0x00121170       0x14 C:/devkitPro/devkitARM/bin/../lib/gcc/arm-none-eabi/15.1.0/../../../../arm-none-eabi/lib/armv6k/fpu\libg.a(libc_a-abort.o)
                0x00121170                abort
 .text._raise_r
                0x00121184       0x9c C:/devkitPro/devkitARM/bin/../lib/gcc/arm-none-eabi/15.1.0/../../../../arm-none-eabi/lib/armv6k/fpu\libg.a(libc_a-signal.o)
                0x00121184                _raise_r
 .text.raise    0x00121220       0x20 C:/devkitPro/devkitARM/bin/../lib/gcc/arm-none-eabi/15.1.0/../../../../arm-none-eabi/lib/armv6k/fpu\libg.a(libc_a-signal.o)
                0x00121220                raise
 .text.get_arg  0x00121240      0x5e0 C:/devkitPro/devkitARM/bin/../lib/gcc/arm-none-eabi/15.1.0/../../../../arm-none-eabi/lib/armv6k/fpu\libg.a(libc_a-vfiprintf.o)
 .text._vfiprintf_r
                0x00121820     0x22f8 C:/devkitPro/devkitARM/bin/../lib/gcc/arm-none-eabi/15.1.0/../../../../arm-none-eabi/lib/armv6k/fpu\libg.a(libc_a-vfiprintf.o)
                0x00121820                _vfiprintf_r
 .text.__sbprintf
                0x00123b18       0xb4 C:/devkitPro/devkitARM/bin/../lib/gcc/arm-none-eabi/15.1.0/../../../../arm-none-eabi/lib/armv6k/fpu\libg.a(libc_a-vfiprintf.o)
 .text._exit    0x00123bcc       0x20 C:/devkitPro/devkitARM/bin/../lib/gcc/arm-none-eabi/15.1.0/../../../../arm-none-eabi/lib/armv6k/fpu\libsysbase.a(libsysbase_libsysbase_a-_exit.o)
                0x00123bcc                _exit
 .text.chdir    0x00123bec      0x140 C:/devkitPro/devkitARM/bin/../lib/gcc/arm-none-eabi/15.1.0/../../../../arm-none-eabi/lib/armv6k/fpu\libsysbase.a(libsysbase_libsysbase_a-chdir.o)
                0x00123bec                chdir
 .text._concatenate_path
                0x00123d2c      0x1c8 C:/devkitPro/devkitARM/bin/../lib/gcc/arm-none-eabi/15.1.0/../../../../arm-none-eabi/lib/armv6k/fpu\libsysbase.a(libsysbase_libsysbase_a-concatenate.o)
                0x00123d2c                _concatenate_path
 .text.__dirnext
                0x00123ef4       0x70 C:/devkitPro/devkitARM/bin/../lib/gcc/arm-none-eabi/15.1.0/../../../../arm-none-eabi/lib/armv6k/fpu\libsysbase.a(libsysbase_libsysbase_a-dirent.o)
 .text.opendir  0x00123f64      0x114 C:/devkitPro/devkitARM/bin/../lib/gcc/arm-none-eabi/15.1.0/../../../../arm-none-eabi/lib/armv6k/fpu\libsysbase.a(libsysbase_libsysbase_a-dirent.o)
                0x00123f64                opendir
 .text.closedir
                0x00124078       0x98 C:/devkitPro/devkitARM/bin/../lib/gcc/arm-none-eabi/15.1.0/../../../../arm-none-eabi/lib/armv6k/fpu\libsysbase.a(libsysbase_libsysbase_a-dirent.o)
                0x00124078                closedir
 .text.readdir_r
                0x00124110       0xf8 C:/devkitPro/devkitARM/bin/../lib/gcc/arm-none-eabi/15.1.0/../../../../arm-none-eabi/lib/armv6k/fpu\libsysbase.a(libsysbase_libsysbase_a-dirent.o)
                0x00124110                readdir_r
 .text.readdir  0x00124208       0x48 C:/devkitPro/devkitARM/bin/../lib/gcc/arm-none-eabi/15.1.0/../../../../arm-none-eabi/lib/armv6k/fpu\libsysbase.a(libsysbase_libsysbase_a-dirent.o)
                0x00124208                readdir
 .text._fstat_r
                0x00124250       0x9c C:/devkitPro/devkitARM/bin/../lib/gcc/arm-none-eabi/15.1.0/../../../../arm-none-eabi/lib/armv6k/fpu\libsysbase.a(libsysbase_libsysbase_a-fstat.o)
                0x00124250                _fstat_r
 .text._getpid_r
                0x001242ec       0x14 C:/devkitPro/devkitARM/bin/../lib/gcc/arm-none-eabi/15.1.0/../../../../arm-none-eabi/lib/armv6k/fpu\libsysbase.a(libsysbase_libsysbase_a-getpid.o)
                0x001242ec                _getpid_r
 .text.__getreent
                0x00124300       0x2c C:/devkitPro/devkitARM/bin/../lib/gcc/arm-none-eabi/15.1.0/../../../../arm-none-eabi/lib/armv6k/fpu\libsysbase.a(libsysbase_libsysbase_a-getreent.o)
                0x00124300                __getreent
 .text.__release_handle
                0x0012432c       0xa0 C:/devkitPro/devkitARM/bin/../lib/gcc/arm-none-eabi/15.1.0/../../../../arm-none-eabi/lib/armv6k/fpu\libsysbase.a(libsysbase_libsysbase_a-handle_manager.o)
                0x0012432c                __release_handle
 .text.__alloc_handle
                0x001243cc       0xb0 C:/devkitPro/devkitARM/bin/../lib/gcc/arm-none-eabi/15.1.0/../../../../arm-none-eabi/lib/armv6k/fpu\libsysbase.a(libsysbase_libsysbase_a-handle_manager.o)
                0x001243cc                __alloc_handle
 .text.__get_handle
                0x0012447c       0x58 C:/devkitPro/devkitARM/bin/../lib/gcc/arm-none-eabi/15.1.0/../../../../arm-none-eabi/lib/armv6k/fpu\libsysbase.a(libsysbase_libsysbase_a-handle_manager.o)
                0x0012447c                __get_handle
 .text._close_r
                0x001244d4      0x110 C:/devkitPro/devkitARM/bin/../lib/gcc/arm-none-eabi/15.1.0/../../../../arm-none-eabi/lib/armv6k/fpu\libsysbase.a(libsysbase_libsysbase_a-handle_manager.o)
                0x001244d4                _close_r
 .text.null_write
                0x001245e4        0x8 C:/devkitPro/devkitARM/bin/../lib/gcc/arm-none-eabi/15.1.0/../../../../arm-none-eabi/lib/armv6k/fpu\libsysbase.a(libsysbase_libsysbase_a-iosupport.o)
 .text.setDefaultDevice
                0x001245ec       0x18 C:/devkitPro/devkitARM/bin/../lib/gcc/arm-none-eabi/15.1.0/../../../../arm-none-eabi/lib/armv6k/fpu\libsysbase.a(libsysbase_libsysbase_a-iosupport.o)
                0x001245ec                setDefaultDevice
 .text.FindDevice
                0x00124604       0xc4 C:/devkitPro/devkitARM/bin/../lib/gcc/arm-none-eabi/15.1.0/../../../../arm-none-eabi/lib/armv6k/fpu\libsysbase.a(libsysbase_libsysbase_a-iosupport.o)
                0x00124604                FindDevice
 .text.RemoveDevice
                0x001246c8       0x28 C:/devkitPro/devkitARM/bin/../lib/gcc/arm-none-eabi/15.1.0/../../../../arm-none-eabi/lib/armv6k/fpu\libsysbase.a(libsysbase_libsysbase_a-iosupport.o)
                0x001246c8                RemoveDevice
 .text.AddDevice
                0x001246f0       0x98 C:/devkitPro/devkitARM/bin/../lib/gcc/arm-none-eabi/15.1.0/../../../../arm-none-eabi/lib/armv6k/fpu\libsysbase.a(libsysbase_libsysbase_a-iosupport.o)
                0x001246f0                AddDevice
 .text.GetDeviceOpTab
                0x00124788       0x20 C:/devkitPro/devkitARM/bin/../lib/gcc/arm-none-eabi/15.1.0/../../../../arm-none-eabi/lib/armv6k/fpu\libsysbase.a(libsysbase_libsysbase_a-iosupport.o)
                0x00124788                GetDeviceOpTab
 .text._isatty_r
                0x001247a8        0x8 C:/devkitPro/devkitARM/bin/../lib/gcc/arm-none-eabi/15.1.0/../../../../arm-none-eabi/lib/armv6k/fpu\libsysbase.a(libsysbase_libsysbase_a-isatty.o)
                0x001247a8                _isatty_r
 .text._kill_r  0x001247b0       0x14 C:/devkitPro/devkitARM/bin/../lib/gcc/arm-none-eabi/15.1.0/../../../../arm-none-eabi/lib/armv6k/fpu\libsysbase.a(libsysbase_libsysbase_a-kill.o)
                0x001247b0                _kill_r
 .text._lseek_r
                0x001247c4       0x94 C:/devkitPro/devkitARM/bin/../lib/gcc/arm-none-eabi/15.1.0/../../../../arm-none-eabi/lib/armv6k/fpu\libsysbase.a(libsysbase_libsysbase_a-lseek.o)
                0x001247c4                _lseek_r
 .text._open_r  0x00124858       0xc0 C:/devkitPro/devkitARM/bin/../lib/gcc/arm-none-eabi/15.1.0/../../../../arm-none-eabi/lib/armv6k/fpu\libsysbase.a(libsysbase_libsysbase_a-open.o)
                0x00124858                _open_r
 .text._read_r  0x00124918       0x94 C:/devkitPro/devkitARM/bin/../lib/gcc/arm-none-eabi/15.1.0/../../../../arm-none-eabi/lib/armv6k/fpu\libsysbase.a(libsysbase_libsysbase_a-read.o)
                0x00124918                _read_r
 .text._sbrk_r  0x001249ac       0x78 C:/devkitPro/devkitARM/bin/../lib/gcc/arm-none-eabi/15.1.0/../../../../arm-none-eabi/lib/armv6k/fpu\libsysbase.a(libsysbase_libsysbase_a-sbrk.o)
                0x001249ac                _sbrk_r
 .text._stat_r  0x00124a24       0x80 C:/devkitPro/devkitARM/bin/../lib/gcc/arm-none-eabi/15.1.0/../../../../arm-none-eabi/lib/armv6k/fpu\libsysbase.a(libsysbase_libsysbase_a-stat.o)
                0x00124a24                _stat_r
 .text.__libc_lock_acquire
                0x00124aa4       0x1c C:/devkitPro/devkitARM/bin/../lib/gcc/arm-none-eabi/15.1.0/../../../../arm-none-eabi/lib/armv6k/fpu\libsysbase.a(libsysbase_libsysbase_a-syscall_support.o)
                0x00124aa4                __libc_lock_acquire
 .text.__libc_lock_release
                0x00124ac0       0x1c C:/devkitPro/devkitARM/bin/../lib/gcc/arm-none-eabi/15.1.0/../../../../arm-none-eabi/lib/armv6k/fpu\libsysbase.a(libsysbase_libsysbase_a-syscall_support.o)
                0x00124ac0                __libc_lock_release
 .text.__libc_lock_acquire_recursive
                0x00124adc       0x1c C:/devkitPro/devkitARM/bin/../lib/gcc/arm-none-eabi/15.1.0/../../../../arm-none-eabi/lib/armv6k/fpu\libsysbase.a(libsysbase_libsysbase_a-syscall_support.o)
                0x00124adc                __libc_lock_acquire_recursive
 .text.__libc_lock_release_recursive