Archive member included to satisfy reference by file (symbol)

C:/devkitPro/libctru/lib\libcitro2d.a(base.o)
                              main.o (C2D_Init)
C:/devkitPro/libctru/lib\libcitro2d.a(render2d.shbin.o)
                              C:/devkitPro/libctru/lib\libcitro2d.a(base.o) (render2d_shbin)
C:/devkitPro/libctru/lib\libcitro3d.a(attribs.o)
                              C:/devkitPro/libctru/lib\libcitro2d.a(base.o) (AttrInfo_Init)
C:/devkitPro/libctru/lib\libcitro3d.a(base.o)
                              C:/devkitPro/libctru/lib\libcitro3d.a(attribs.o) (__C3D_Context)
C:/devkitPro/libctru/lib\libcitro3d.a(buffers.o)
                              C:/devkitPro/libctru/lib\libcitro2d.a(base.o) (BufInfo_Init)
C:/devkitPro/libctru/lib\libcitro3d.a(drawElements.o)
                              C:/devkitPro/libctru/lib\libcitro2d.a(base.o) (C3D_DrawElements)
C:/devkitPro/libctru/lib\libcitro3d.a(effect.o)
                              C:/devkitPro/libctru/lib\libcitro3d.a(base.o) (C3D_DepthMap)
C:/devkitPro/libctru/lib\libcitro3d.a(framebuffer.o)
                              C:/devkitPro/libctru/lib\libcitro3d.a(base.o) (C3Di_FrameBufBind)
C:/devkitPro/libctru/lib\libcitro3d.a(immediate.o)
                              C:/devkitPro/libctru/lib\libcitro3d.a(base.o) (C3D_ImmSendAttrib)
C:/devkitPro/libctru/lib\libcitro3d.a(proctex.o)
                              C:/devkitPro/libctru/lib\libcitro2d.a(base.o) (C3D_ProcTexInit)
C:/devkitPro/libctru/lib\libcitro3d.a(renderqueue.o)
                              C:/devkitPro/libctru/lib\libcitro3d.a(base.o) (C3Di_RenderQueueEnableVBlank)
C:/devkitPro/libctru/lib\libcitro3d.a(texenv.o)
                              C:/devkitPro/libctru/lib\libcitro2d.a(base.o) (C3D_GetTexEnv)
C:/devkitPro/libctru/lib\libcitro3d.a(texture.o)
                              C:/devkitPro/libctru/lib\libcitro2d.a(base.o) (C3D_TexBind)
C:/devkitPro/libctru/lib\libcitro3d.a(uniforms.o)
                              C:/devkitPro/libctru/lib\libcitro3d.a(base.o) (C3D_UpdateUniforms)
C:/devkitPro/libctru/lib\libcitro3d.a(mtx_multiply.o)
                              C:/devkitPro/libctru/lib\libcitro2d.a(base.o) (Mtx_Multiply)
C:/devkitPro/libctru/lib\libcitro3d.a(mtx_ortho.o)
                              C:/devkitPro/libctru/lib\libcitro2d.a(base.o) (Mtx_Ortho)
C:/devkitPro/libctru/lib\libcitro3d.a(mtx_orthotilt.o)
                              C:/devkitPro/libctru/lib\libcitro2d.a(base.o) (Mtx_OrthoTilt)
C:/devkitPro/libctru/lib\libcitro3d.a(mtx_rotatez.o)
                              C:/devkitPro/libctru/lib\libcitro2d.a(base.o) (Mtx_RotateZ)
C:/devkitPro/libctru/lib\libcitro3d.a(mtx_scale.o)
                              C:/devkitPro/libctru/lib\libcitro2d.a(base.o) (Mtx_Scale)
C:/devkitPro/libctru/lib\libcitro3d.a(mtx_translate.o)
                              C:/devkitPro/libctru/lib\libcitro2d.a(base.o) (Mtx_Translate)
C:/devkitPro/libctru/lib\libctru.a(linear.o)
                              main.o (linearAlloc)
C:/devkitPro/libctru/lib\libctru.a(mem_pool.o)
                              C:/devkitPro/libctru/lib\libctru.a(linear.o) (MemPool::Allocate(MemChunk&, unsigned long, int))
C:/devkitPro/libctru/lib\libctru.a(vram.o)
                              C:/devkitPro/libctru/lib\libcitro3d.a(renderqueue.o) (vramAlloc)
C:/devkitPro/libctru/lib\libctru.a(console.o)
                              main.o (consoleInit)
C:/devkitPro/libctru/lib\libctru.a(gfx.o)
                              C:/devkitPro/libctru/lib\libcitro2d.a(base.o) (gfxIsWide)
C:/devkitPro/libctru/lib\libctru.a(os.o)
                              C:/devkitPro/libctru/lib\libcitro3d.a(buffers.o) (osConvertVirtToPhys)
C:/devkitPro/libctru/lib\libctru.a(gpu.o)
                              C:/devkitPro/libctru/lib\libcitro3d.a(renderqueue.o) (gpuCmdBuf)
C:/devkitPro/libctru/lib\libctru.a(gx.o)
                              C:/devkitPro/libctru/lib\libcitro3d.a(renderqueue.o) (GX_BindQueue)
C:/devkitPro/libctru/lib\libctru.a(gxqueue.o)
                              C:/devkitPro/libctru/lib\libcitro3d.a(renderqueue.o) (gxCmdQueueClear)
C:/devkitPro/libctru/lib\libctru.a(shaderProgram.o)
                              C:/devkitPro/libctru/lib\libcitro2d.a(base.o) (shaderInstanceGetUniformLocation)
C:/devkitPro/libctru/lib\libctru.a(shbin.o)
                              C:/devkitPro/libctru/lib\libcitro2d.a(base.o) (DVLB_ParseFile)
C:/devkitPro/libctru/lib\libctru.a(ndsp.o)
                              main.o (ndspInit)
C:/devkitPro/libctru/lib\libctru.a(ndsp-channel.o)
                              main.o (ndspChnReset)
C:/devkitPro/libctru/lib\libctru.a(apt.o)
                              C:/devkitPro/libctru/lib\libcitro3d.a(base.o) (aptHook)
C:/devkitPro/libctru/lib\libctru.a(cfgu.o)
                              C:/devkitPro/libctru/lib\libctru.a(ndsp.o) (cfguInit)
C:/devkitPro/libctru/lib\libctru.a(dsp.o)
                              C:/devkitPro/libctru/lib\libctru.a(ndsp.o) (dspInit)
[...]
Memory Configuration

Name             Origin             Length             Attributes
*default*        0x00000000         0xffffffff

Linker script and memory map

                0x00000000                        __sync_synchronize = __sync_synchronize_dmb
                0x00100000                        PROVIDE (__start__ = 0x100000)
                0x00100000                        . = __start__

.text           0x00100000    0x20520
 *(.crt0)
 .crt0          0x00100000       0x94 C:/devkitPro/devkitARM/bin/../lib/gcc/arm-none-eabi/15.1.0/../../../../arm-none-eabi/lib/armv6k/fpu/3dsx_crt0.o
                0x00100000                _start
                0x00100008                __service_ptr
                0x0010000c                __apt_appid
                0x00100010                __heap_size
                0x00100014                __linear_heap_size
                0x00100018                __system_arglist
                0x0010001c                __system_runflags
 *(.init)
 .init          0x00100094        0xc C:/devkitPro/devkitARM/bin/../lib/gcc/arm-none-eabi/15.1.0/armv6k/fpu/crti.o
                0x00100094                _init
 .init          0x001000a0        0xc C:/devkitPro/devkitARM/bin/../lib/gcc/arm-none-eabi/15.1.0/armv6k/fpu/crtn.o
                0x001000ac                        . = ALIGN (0x4)
 *(.text)
 .text          0x001000ac      0x20c C:/devkitPro/devkitARM/bin/../lib/gcc/arm-none-eabi/15.1.0/armv6k/fpu\libgcc.a(_udivsi3.o)
                0x001000ac                __aeabi_uidiv
                0x001000ac                __udivsi3
                0x00100298                __aeabi_uidivmod
 .text          0x001002b8      0x240 C:/devkitPro/devkitARM/bin/../lib/gcc/arm-none-eabi/15.1.0/armv6k/fpu\libgcc.a(_divsi3.o)
                0x001002b8                __divsi3
                0x001002b8                __aeabi_idiv
                0x001004d8                __aeabi_idivmod
 .text          0x001004f8        0x4 C:/devkitPro/devkitARM/bin/../lib/gcc/arm-none-eabi/15.1.0/armv6k/fpu\libgcc.a(_dvmd_tls.o)
                0x001004f8                __aeabi_idiv0
                0x001004f8                __aeabi_ldiv0
 .text          0x001004fc       0x3c C:/devkitPro/devkitARM/bin/../lib/gcc/arm-none-eabi/15.1.0/armv6k/fpu\libgcc.a(_aeabi_uldivmod.o)
                0x001004fc                __aeabi_uldivmod
 *fill*         0x00100538        0x8 
 .text          0x00100540      0x390 C:/devkitPro/devkitARM/bin/../lib/gcc/arm-none-eabi/15.1.0/../../../../arm-none-eabi/lib/armv6k/fpu\libg.a(libc_a-strcmp.o)
                0x00100548                strcmp
 *(.text.*)
 .text.__do_global_dtors_aux
                0x001008d0       0x50 C:/devkitPro/devkitARM/bin/../lib/gcc/arm-none-eabi/15.1.0/armv6k/fpu/crtbegin.o
 .text.frame_dummy
                0x00100920       0x2c C:/devkitPro/devkitARM/bin/../lib/gcc/arm-none-eabi/15.1.0/armv6k/fpu/crtbegin.o
 .text.load_wav
                0x0010094c      0x280 main.o
                0x0010094c                load_wav
 .text.play_sample
                0x00100bcc      0x12c main.o
                0x00100bcc                play_sample
 .text.startup.main
                0x00100cf8      0x484 main.o
                0x00100cf8                main
 .text.C2Di_FrameEndHook
                0x0010117c       0x44 C:/devkitPro/libctru/lib\libcitro2d.a(base.o)
 .text.C2D_Init
                0x001011c0      0x36c C:/devkitPro/libctru/lib\libcitro2d.a(base.o)
                0x001011c0                C2D_Init
 .text.C2D_Fini
                0x0010152c       0x4c C:/devkitPro/libctru/lib\libcitro2d.a(base.o)
                0x0010152c                C2D_Fini
 .text.C2D_Prepare
                0x00101578       0xb8 C:/devkitPro/libctru/lib\libcitro2d.a(base.o)
                0x00101578                C2D_Prepare
 .text.C2D_Flush
                0x00101630       0x48 C:/devkitPro/libctru/lib\libcitro2d.a(base.o)
                0x00101630                C2D_Flush
 .text.C2D_SceneSize
                0x00101678      0x104 C:/devkitPro/libctru/lib\libcitro2d.a(base.o)
                0x00101678                C2D_SceneSize
 .text.C2D_CreateScreenTarget
                0x0010177c       0x58 C:/devkitPro/libctru/lib\libcitro2d.a(base.o)
                0x0010177c                C2D_CreateScreenTarget
 .text.C2D_TargetClear
                0x001017d4       0x64 C:/devkitPro/libctru/lib\libcitro2d.a(base.o)
                0x001017d4                C2D_TargetClear
 .text.C2Di_AppendQuad
                0x00101838       0x58 C:/devkitPro/libctru/lib\libcitro2d.a(base.o)
                0x00101838                C2Di_AppendQuad
 .text.C2Di_Update
                0x00101890      0x550 C:/devkitPro/libctru/lib\libcitro2d.a(base.o)
                0x00101890                C2Di_Update
 .text.C2D_DrawRectangle
                0x00101de0      0x158 C:/devkitPro/libctru/lib\libcitro2d.a(base.o)
                0x00101de0                C2D_DrawRectangle
 .text.AttrInfo_Init
                0x00101f38       0x28 C:/devkitPro/libctru/lib\libcitro3d.a(attribs.o)
                0x00101f38                AttrInfo_Init
 .text.AttrInfo_AddLoader
                0x00101f60       0x94 C:/devkitPro/libctru/lib\libcitro3d.a(attribs.o)
                0x00101f60                AttrInfo_AddLoader
 .text.C3D_SetAttrInfo
                0x00101ff4       0x54 C:/devkitPro/libctru/lib\libcitro3d.a(attribs.o)
                0x00101ff4                C3D_SetAttrInfo
 .text.C3Di_AttrInfoBind
                0x00102048       0x80 C:/devkitPro/libctru/lib\libcitro3d.a(attribs.o)
                0x00102048                C3Di_AttrInfoBind
 .text.C3Di_LightEnvUpdate
                0x001020c8        0x4 C:/devkitPro/libctru/lib\libcitro3d.a(base.o)
                0x001020c8                C3Di_LightEnvUpdate
 .text.C3Di_LightEnvDirty
                0x001020cc        0x4 C:/devkitPro/libctru/lib\libcitro3d.a(base.o)
                0x001020cc                C3Di_LightEnvDirty
 .text.C3Di_AptEventHook
                0x001020d0       0xb4 C:/devkitPro/libctru/lib\libcitro3d.a(base.o)
 .text.C3Di_GasUpdate
                0x00102184        0x4 C:/devkitPro/libctru/lib\libcitro3d.a(base.o)
                0x00102184                C3Di_GasUpdate
 .text.C3D_Init
                0x00102188      0x1d0 C:/devkitPro/libctru/lib\libcitro3d.a(base.o)
                0x00102188                C3D_Init
 .text.C3D_SetViewport
                0x00102358       0x98 C:/devkitPro/libctru/lib\libcitro3d.a(base.o)
                0x00102358                C3D_SetViewport
 .text.C3Di_UpdateContext
                0x001023f0      0x4e8 C:/devkitPro/libctru/lib\libcitro3d.a(base.o)
                0x001023f0                C3Di_UpdateContext
 .text.C3Di_SplitFrame
                0x001028d8       0xe0 C:/devkitPro/libctru/lib\libcitro3d.a(base.o)
                0x001028d8                C3Di_SplitFrame
 .text.C3D_Fini
                0x001029b8       0x44 C:/devkitPro/libctru/lib\libcitro3d.a(base.o)
                0x001029b8                C3D_Fini
 .text.C3D_BindProgram
                0x001029fc      0x194 C:/devkitPro/libctru/lib\libcitro3d.a(base.o)
                0x001029fc                C3D_BindProgram
 .text.BufInfo_Init
                0x00102b90       0x24 C:/devkitPro/libctru/lib\libcitro3d.a(buffers.o)
                0x00102b90                BufInfo_Init
 .text.BufInfo_Add
                0x00102bb4       0x80 C:/devkitPro/libctru/lib\libcitro3d.a(buffers.o)
                0x00102bb4                BufInfo_Add
 .text.C3D_SetBufInfo
                0x00102c34       0x3c C:/devkitPro/libctru/lib\libcitro3d.a(buffers.o)
                0x00102c34                C3D_SetBufInfo
 .text.C3Di_BufInfoBind
                0x00102c70       0x48 C:/devkitPro/libctru/lib\libcitro3d.a(buffers.o)
                0x00102c70                C3Di_BufInfoBind
 .text.C3D_DrawElements
                0x00102cb8      0x21c C:/devkitPro/libctru/lib\libcitro3d.a(drawElements.o)
                0x00102cb8                C3D_DrawElements
 .text.C3D_DepthMap
                0x00102ed4       0x40 C:/devkitPro/libctru/lib\libcitro3d.a(effect.o)
                0x00102ed4                C3D_DepthMap
 .text.C3D_CullFace
                0x00102f14       0x1c C:/devkitPro/libctru/lib\libcitro3d.a(effect.o)
                0x00102f14                C3D_CullFace
 .text.C3D_StencilTest
                0x00102f30       0x40 C:/devkitPro/libctru/lib\libcitro3d.a(effect.o)
                0x00102f30                C3D_StencilTest
 .text.C3D_StencilOp
                0x00102f70       0x24 C:/devkitPro/libctru/lib\libcitro3d.a(effect.o)
                0x00102f70                C3D_StencilOp
 .text.C3D_BlendingColor
                0x00102f94       0x1c C:/devkitPro/libctru/lib\libcitro3d.a(effect.o)
                0x00102f94                C3D_BlendingColor
 .text.C3D_EarlyDepthTest
                0x00102fb0       0x24 C:/devkitPro/libctru/lib\libcitro3d.a(effect.o)
                0x00102fb0                C3D_EarlyDepthTest
 .text.C3D_DepthTest
                0x00102fd4       0x2c C:/devkitPro/libctru/lib\libcitro3d.a(effect.o)
                0x00102fd4                C3D_DepthTest
 .text.C3D_AlphaTest
                0x00103000       0x2c C:/devkitPro/libctru/lib\libcitro3d.a(effect.o)
                0x00103000                C3D_AlphaTest
 .text.C3D_AlphaBlend
                0x0010302c       0x50 C:/devkitPro/libctru/lib\libcitro3d.a(effect.o)
                0x0010302c                C3D_AlphaBlend
 .text.C3D_FragOpMode
                0x0010307c       0x30 C:/devkitPro/libctru/lib\libcitro3d.a(effect.o)
                0x0010307c                C3D_FragOpMode
 .text.C3D_FragOpShadow
                0x001030ac       0x44 C:/devkitPro/libctru/lib\libcitro3d.a(effect.o)
                0x001030ac                C3D_FragOpShadow
 .text.C3Di_EffectBind
                0x001030f0      0x1ac C:/devkitPro/libctru/lib\libcitro3d.a(effect.o)
                0x001030f0                C3Di_EffectBind
 .text.C3D_CalcColorBufSize
                0x0010329c       0x1c C:/devkitPro/libctru/lib\libcitro3d.a(framebuffer.o)
                0x0010329c                C3D_CalcColorBufSize
 .text.C3D_CalcDepthBufSize
                0x001032b8       0x1c C:/devkitPro/libctru/lib\libcitro3d.a(framebuffer.o)
                0x001032b8                C3D_CalcDepthBufSize
 .text.C3D_SetFrameBuf
                0x001032d4       0x44 C:/devkitPro/libctru/lib\libcitro3d.a(framebuffer.o)
                0x001032d4                C3D_SetFrameBuf
 .text.C3Di_FrameBufBind
                0x00103318      0x16c C:/devkitPro/libctru/lib\libcitro3d.a(framebuffer.o)
                0x00103318                C3Di_FrameBufBind
 .text.C3D_FrameBufClear
                0x00103484       0xc8 C:/devkitPro/libctru/lib\libcitro3d.a(framebuffer.o)
                0x00103484                C3D_FrameBufClear
 .text.C3D_FrameBufTransfer
                0x0010354c       0x44 C:/devkitPro/libctru/lib\libcitro3d.a(framebuffer.o)
                0x0010354c                C3D_FrameBufTransfer
 .text.C3D_ImmSendAttrib
                0x00103590       0xa8 C:/devkitPro/libctru/lib\libcitro3d.a(immediate.o)
                0x00103590                C3D_ImmSendAttrib
 .text.C3D_ProcTexInit
                0x00103638       0x70 C:/devkitPro/libctru/lib\libcitro3d.a(proctex.o)
                0x00103638                C3D_ProcTexInit
 .text.C3D_ProcTexBind
                0x001036a8       0x54 C:/devkitPro/libctru/lib\libcitro3d.a(proctex.o)
                0x001036a8                C3D_ProcTexBind
 .text.C3D_ProcTexLutBind
                0x001036fc       0x5c C:/devkitPro/libctru/lib\libcitro3d.a(proctex.o)
                0x001036fc                C3D_ProcTexLutBind
 .text.ProcTexLut_FromArray
                0x00103758       0xa4 C:/devkitPro/libctru/lib\libcitro3d.a(proctex.o)
                0x00103758                ProcTexLut_FromArray
 .text.C3Di_ProcTexUpdate
                0x001037fc      0x178 C:/devkitPro/libctru/lib\libcitro3d.a(proctex.o)
                0x001037fc                C3Di_ProcTexUpdate
 .text.C3Di_ProcTexDirty
                0x00103974       0x68 C:/devkitPro/libctru/lib\libcitro3d.a(proctex.o)
                0x00103974                C3Di_ProcTexDirty
 .text.onVBlank0
                0x001039dc       0x4c C:/devkitPro/libctru/lib\libcitro3d.a(renderqueue.o)
 .text.onVBlank1
                0x00103a28       0x4c C:/devkitPro/libctru/lib\libcitro3d.a(renderqueue.o)
 .text.C3Di_RenderTargetDestroy
                0x00103a74       0x80 C:/devkitPro/libctru/lib\libcitro3d.a(renderqueue.o)
 .text.onQueueFinish
                0x00103af4       0xf4 C:/devkitPro/libctru/lib\libcitro3d.a(renderqueue.o)
 .text.C3Di_RenderQueueEnableVBlank
                0x00103be8       0x38 C:/devkitPro/libctru/lib\libcitro3d.a(renderqueue.o)
                0x00103be8                C3Di_RenderQueueEnableVBlank
 .text.C3Di_RenderQueueDisableVBlank
                0x00103c20       0x30 C:/devkitPro/libctru/lib\libcitro3d.a(renderqueue.o)
                0x00103c20                C3Di_RenderQueueDisableVBlank
 .text.C3Di_RenderQueueInit
                0x00103c50       0x60 C:/devkitPro/libctru/lib\libcitro3d.a(renderqueue.o)
                0x00103c50                C3Di_RenderQueueInit
 .text.C3Di_RenderQueueExit
                0x00103cb0       0xb4 C:/devkitPro/libctru/lib\libcitro3d.a(renderqueue.o)
                0x00103cb0                C3Di_RenderQueueExit
 .text.C3Di_RenderQueueWaitDone
                0x00103d64       0x34 C:/devkitPro/libctru/lib\libcitro3d.a(renderqueue.o)
                0x00103d64                C3Di_RenderQueueWaitDone
 .text.C3D_FrameBegin
                0x00103d98       0xe8 C:/devkitPro/libctru/lib\libcitro3d.a(renderqueue.o)
                0x00103d98                C3D_FrameBegin
 .text.C3D_FrameDrawOn
                0x00103e80       0x48 C:/devkitPro/libctru/lib\libcitro3d.a(renderqueue.o)
                0x00103e80                C3D_FrameDrawOn
 .text.C3D_FrameSplit
                0x00103ec8       0x58 C:/devkitPro/libctru/lib\libcitro3d.a(renderqueue.o)
                0x00103ec8                C3D_FrameSplit
 .text.C3D_FrameEnd
                0x00103f20      0x1d0 C:/devkitPro/libctru/lib\libcitro3d.a(renderqueue.o)
                0x00103f20                C3D_FrameEnd
 .text.C3D_FrameEndHook
                0x001040f0       0x1c C:/devkitPro/libctru/lib\libcitro3d.a(renderqueue.o)
                0x001040f0                C3D_FrameEndHook
 .text.C3D_RenderTargetCreate
                0x0010410c      0x170 C:/devkitPro/libctru/lib\libcitro3d.a(renderqueue.o)
                0x0010410c                C3D_RenderTargetCreate
 .text.C3D_RenderTargetSetOutput
                0x0010427c       0xa8 C:/devkitPro/libctru/lib\libcitro3d.a(renderqueue.o)
                0x0010427c                C3D_RenderTargetSetOutput
 .text.C3D_GetTexEnv
                0x00104324       0x34 C:/devkitPro/libctru/lib\libcitro3d.a(texenv.o)
                0x00104324                C3D_GetTexEnv
 .text.C3Di_TexEnvBind
                0x00104358       0x24 C:/devkitPro/libctru/lib\libcitro3d.a(texenv.o)
                0x00104358                C3Di_TexEnvBind
 .text.C3D_TexBind
                0x0010437c       0x44 C:/devkitPro/libctru/lib\libcitro3d.a(texture.o)
                0x0010437c                C3D_TexBind
 .text.C3Di_SetTex
                0x001043c0      0x14c C:/devkitPro/libctru/lib\libcitro3d.a(texture.o)
                0x001043c0                C3Di_SetTex
 .text.C3D_UpdateUniforms
                0x0010450c      0x290 C:/devkitPro/libctru/lib\libcitro3d.a(uniforms.o)
                0x0010450c                C3D_UpdateUniforms
 .text.C3Di_DirtyUniforms
                0x0010479c       0xc0 C:/devkitPro/libctru/lib\libcitro3d.a(uniforms.o)
                0x0010479c                C3Di_DirtyUniforms
 .text.C3Di_LoadShaderUniforms
                0x0010485c       0xd8 C:/devkitPro/libctru/lib\libcitro3d.a(uniforms.o)
                0x0010485c                C3Di_LoadShaderUniforms
 .text.C3Di_ClearShaderUniforms
                0x00104934       0x28 C:/devkitPro/libctru/lib\libcitro3d.a(uniforms.o)
                0x00104934                C3Di_ClearShaderUniforms
 .text.Mtx_Ortho
                0x0010495c       0xcc C:/devkitPro/libctru/lib\libcitro3d.a(mtx_ortho.o)
                0x0010495c                Mtx_Ortho
 .text.Mtx_OrthoTilt
                0x00104a28       0xcc C:/devkitPro/libctru/lib\libcitro3d.a(mtx_orthotilt.o)
                0x00104a28                Mtx_OrthoTilt
 .text._ZL21addrMapNodeComparatorPK11rbtree_nodeS1_
                0x00104af4       0x24 C:/devkitPro/libctru/lib\libctru.a(linear.o)
 .text._ZL21addrMapNodeDestructorP11rbtree_node
                0x00104b18        0x4 C:/devkitPro/libctru/lib\libctru.a(linear.o)
 .text.linearMemAlign
                0x00104b1c      0x12c C:/devkitPro/libctru/lib\libctru.a(linear.o)
                0x00104b1c                linearMemAlign
 .text.linearAlloc
                0x00104c48        0x8 C:/devkitPro/libctru/lib\libctru.a(linear.o)
                0x00104c48                linearAlloc
 .text.linearFree
                0x00104c50       0x5c C:/devkitPro/libctru/lib\libctru.a(linear.o)
                0x00104c50                linearFree
 .text._ZN7MemPool13CoalesceRightEP8MemBlock
                0x00104cac       0x88 C:/devkitPro/libctru/lib\libctru.a(mem_pool.o)
                0x00104cac                MemPool::CoalesceRight(MemBlock*)
 .text._ZN7MemPool8AllocateER8MemChunkmi
                0x00104d34      0x178 C:/devkitPro/libctru/lib\libctru.a(mem_pool.o)
                0x00104d34                MemPool::Allocate(MemChunk&, unsigned long, int)
 .text._ZN7MemPool10DeallocateERK8MemChunk
                0x00104eac      0x118 C:/devkitPro/libctru/lib\libctru.a(mem_pool.o)
                0x00104eac                MemPool::Deallocate(MemChunk const&)
 .text._ZN7MemPool12GetFreeSpaceEv
                0x00104fc4       0x30 C:/devkitPro/libctru/lib\libctru.a(mem_pool.o)
                0x00104fc4                MemPool::GetFreeSpace()
 .text._ZL21addrMapNodeComparatorPK11rbtree_nodeS1_
                0x00104ff4       0x24 C:/devkitPro/libctru/lib\libctru.a(vram.o)
 .text._ZL21addrMapNodeDestructorP11rbtree_node
                0x00105018        0x4 C:/devkitPro/libctru/lib\libctru.a(vram.o)
 .text.vramMemAlignAt
                0x0010501c      0x248 C:/devkitPro/libctru/lib\libctru.a(vram.o)
                0x0010501c                vramMemAlignAt
 .text.vramAlloc
                0x00105264        0xc C:/devkitPro/libctru/lib\libctru.a(vram.o)
                0x00105264                vramAlloc
 .text.vramAllocAt
                0x00105270        0xc C:/devkitPro/libctru/lib\libctru.a(vram.o)
                0x00105270                vramAllocAt
 .text.vramFree
                0x0010527c       0x94 C:/devkitPro/libctru/lib\libctru.a(vram.o)
                0x0010527c                vramFree
 .text.consoleDrawChar
                0x00105310      0x1c8 C:/devkitPro/libctru/lib\libctru.a(console.o)
                0x00105310                consoleDrawChar
 .text.consolePrintChar
                0x001054d8      0x170 C:/devkitPro/libctru/lib\libctru.a(console.o)
                0x001054d8                consolePrintChar
 .text.con_write
                0x00105648      0xc40 C:/devkitPro/libctru/lib\libctru.a(console.o)
                0x00105648                con_write
 .text.newRow   0x00106288      0x110 C:/devkitPro/libctru/lib\libctru.a(console.o)
 .text.consoleInit
                0x00106398      0x180 C:/devkitPro/libctru/lib\libctru.a(console.o)
                0x00106398                consoleInit
 .text.gfxPresentFramebuffer
                0x00106518       0xcc C:/devkitPro/libctru/lib\libctru.a(gfx.o)
 .text.gfxIsWide
                0x001065e4       0x1c C:/devkitPro/libctru/lib\libctru.a(gfx.o)
                0x001065e4                gfxIsWide
 .text.gfxSetScreenFormat
                0x00106600       0xf8 C:/devkitPro/libctru/lib\libctru.a(gfx.o)
                0x00106600                gfxSetScreenFormat
 .text.gfxSetDoubleBuffering
                0x001066f8       0x10 C:/devkitPro/libctru/lib\libctru.a(gfx.o)
                0x001066f8                gfxSetDoubleBuffering
 .text.gfxInit  0x00106708       0xd8 C:/devkitPro/libctru/lib\libctru.a(gfx.o)
                0x00106708                gfxInit
 .text.gfxInitDefault
                0x001067e0       0x10 C:/devkitPro/libctru/lib\libctru.a(gfx.o)
                0x001067e0                gfxInitDefault
 .text.gfxExit  0x001067f0       0xb8 C:/devkitPro/libctru/lib\libctru.a(gfx.o)
                0x001067f0                gfxExit
 .text.gfxGetFramebuffer
                0x001068a8       0xa0 C:/devkitPro/libctru/lib\libctru.a(gfx.o)
                0x001068a8                gfxGetFramebuffer
 .text.gfxFlushBuffers
                0x00106948      0x100 C:/devkitPro/libctru/lib\libctru.a(gfx.o)
                0x00106948                gfxFlushBuffers
 .text.gfxScreenSwapBuffers
                0x00106a48       0x28 C:/devkitPro/libctru/lib\libctru.a(gfx.o)
                0x00106a48                gfxScreenSwapBuffers
 .text.gfxSwapBuffersGpu
                0x00106a70       0x50 C:/devkitPro/libctru/lib\libctru.a(gfx.o)
                0x00106a70                gfxSwapBuffersGpu
 .text.osConvertVirtToPhys
                0x00106ac0       0x74 C:/devkitPro/libctru/lib\libctru.a(os.o)
                0x00106ac0                osConvertVirtToPhys
 .text.__ctru_speedup_config
                0x00106b34       0x34 C:/devkitPro/libctru/lib\libctru.a(os.o)
                0x00106b34                __ctru_speedup_config
 .text.GPUCMD_Add
                0x00106b68      0x13c C:/devkitPro/libctru/lib\libctru.a(gpu.o)
                0x00106b68                GPUCMD_Add
 .text.GPUCMD_Split
                0x00106ca4       0xb0 C:/devkitPro/libctru/lib\libctru.a(gpu.o)
                0x00106ca4                GPUCMD_Split
 .text.f32tof16
                0x00106d54       0x34 C:/devkitPro/libctru/lib\libctru.a(gpu.o)
                0x00106d54                f32tof16
 .text.f32tof24
                0x00106d88       0x34 C:/devkitPro/libctru/lib\libctru.a(gpu.o)
                0x00106d88                f32tof24
 .text.f32tof31
                0x00106dbc       0x38 C:/devkitPro/libctru/lib\libctru.a(gpu.o)
                0x00106dbc                f32tof31
 .text.GX_BindQueue
                0x00106df4       0x10 C:/devkitPro/libctru/lib\libctru.a(gx.o)
                0x00106df4                GX_BindQueue
 .text.GX_ProcessCommandList
                0x00106e04       0x7c C:/devkitPro/libctru/lib\libctru.a(gx.o)
                0x00106e04                GX_ProcessCommandList
 .text.GX_MemoryFill
                0x00106e80       0x74 C:/devkitPro/libctru/lib\libctru.a(gx.o)
                0x00106e80                GX_MemoryFill
 .text.GX_DisplayTransfer
                0x00106ef4       0x74 C:/devkitPro/libctru/lib\libctru.a(gx.o)
                0x00106ef4                GX_DisplayTransfer
 .text.gxCmdQueueDoCommands.part.0
                0x00106f68       0x64 C:/devkitPro/libctru/lib\libctru.a(gxqueue.o)
 .text.gxCmdQueueInterrupt
                0x00106fcc       0xe4 C:/devkitPro/libctru/lib\libctru.a(gxqueue.o)
                0x00106fcc                gxCmdQueueInterrupt
 .text.gxCmdQueueClear
                0x001070b0       0x68 C:/devkitPro/libctru/lib\libctru.a(gxqueue.o)
                0x001070b0                gxCmdQueueClear
 .text.gxCmdQueueAdd
                0x00107118      0x108 C:/devkitPro/libctru/lib\libctru.a(gxqueue.o)
                0x00107118                gxCmdQueueAdd
 .text.gxCmdQueueRun
                0x00107220       0x80 C:/devkitPro/libctru/lib\libctru.a(gxqueue.o)
                0x00107220                gxCmdQueueRun
 .text.gxCmdQueueStop
                0x001072a0       0x64 C:/devkitPro/libctru/lib\libctru.a(gxqueue.o)
                0x001072a0                gxCmdQueueStop
 .text.gxCmdQueueWait
                0x00107304       0x8c C:/devkitPro/libctru/lib\libctru.a(gxqueue.o)
                0x00107304                gxCmdQueueWait
 .text.shaderInstanceInit
                0x00107390      0x1e0 C:/devkitPro/libctru/lib\libctru.a(shaderProgram.o)
                0x00107390                shaderInstanceInit
 .text.shaderInstanceGetUniformLocation
                0x00107570       0x18 C:/devkitPro/libctru/lib\libctru.a(shaderProgram.o)
                0x00107570                shaderInstanceGetUniformLocation
 .text.shaderProgramInit
                0x00107588       0x1c C:/devkitPro/libctru/lib\libctru.a(shaderProgram.o)
                0x00107588                shaderProgramInit
 .text.shaderProgramFree
                0x001075a4       0x74 C:/devkitPro/libctru/lib\libctru.a(shaderProgram.o)
                0x001075a4                shaderProgramFree
 .text.shaderProgramSetVsh
                0x00107618       0x94 C:/devkitPro/libctru/lib\libctru.a(shaderProgram.o)
                0x00107618                shaderProgramSetVsh
 .text.shaderProgramConfigure
                0x001076ac      0x8d0 C:/devkitPro/libctru/lib\libctru.a(shaderProgram.o)
                0x001076ac                shaderProgramConfigure
 .text.DVLE_GenerateOutmap.part.0
                0x00107f7c      0x1dc C:/devkitPro/libctru/lib\libctru.a(shbin.o)
 .text.DVLB_ParseFile
                0x00108158      0x1ac C:/devkitPro/libctru/lib\libctru.a(shbin.o)
                0x00108158                DVLB_ParseFile
 .text.DVLB_Free
                0x00108304       0x50 C:/devkitPro/libctru/lib\libctru.a(shbin.o)
                0x00108304                DVLB_Free
 .text.DVLE_GetUniformRegister
                0x00108354       0x74 C:/devkitPro/libctru/lib\libctru.a(shbin.o)
                0x00108354                DVLE_GetUniformRegister
 .text.ndspUpdateMaster
                0x001083c8      0x158 C:/devkitPro/libctru/lib\libctru.a(ndsp.o)
 .text.ndspFinalize
                0x00108520      0x108 C:/devkitPro/libctru/lib\libctru.a(ndsp.o)
 .text.ndspInitialize.part.0
                0x00108628      0x254 C:/devkitPro/libctru/lib\libctru.a(ndsp.o)
 .text.ndspHookCallback
                0x0010887c      0x108 C:/devkitPro/libctru/lib\libctru.a(ndsp.o)
 *fill*         0x00108984        0x4 
 .text.ndspThreadMain
                0x00108988      0x318 C:/devkitPro/libctru/lib\libctru.a(ndsp.o)
 .text.ndspInit
                0x00108ca0      0x3f0 C:/devkitPro/libctru/lib\libctru.a(ndsp.o)
                0x00108ca0                ndspInit
 .text.ndspExit
                0x00109090       0xd8 C:/devkitPro/libctru/lib\libctru.a(ndsp.o)
                0x00109090                ndspExit
 .text.ndspChnReset
                0x00109168       0xe0 C:/devkitPro/libctru/lib\libctru.a(ndsp-channel.o)
                0x00109168                ndspChnReset
 .text.ndspChnIsPlaying
                0x00109248       0x18 C:/devkitPro/libctru/lib\libctru.a(ndsp-channel.o)
                0x00109248                ndspChnIsPlaying
 .text.ndspChnSetFormat
                0x00109260       0x18 C:/devkitPro/libctru/lib\libctru.a(ndsp-channel.o)
                0x00109260                ndspChnSetFormat
 .text.ndspChnSetInterp
                0x00109278       0x50 C:/devkitPro/libctru/lib\libctru.a(ndsp-channel.o)
                0x00109278                ndspChnSetInterp
 .text.ndspChnSetRate
                0x001092c8       0x60 C:/devkitPro/libctru/lib\libctru.a(ndsp-channel.o)
                0x001092c8                ndspChnSetRate
 .text.ndspChnSetMix
                0x00109328       0x80 C:/devkitPro/libctru/lib\libctru.a(ndsp-channel.o)
                0x00109328                ndspChnSetMix
 .text.ndspChnWaveBufClear
                0x001093a8       0xb0 C:/devkitPro/libctru/lib\libctru.a(ndsp-channel.o)
                0x001093a8                ndspChnWaveBufClear
 .text.ndspChnWaveBufAdd
                0x00109458       0xc8 C:/devkitPro/libctru/lib\libctru.a(ndsp-channel.o)
                0x00109458                ndspChnWaveBufAdd
 .text.ndspiInitChn
                0x00109520       0x40 C:/devkitPro/libctru/lib\libctru.a(ndsp-channel.o)
                0x00109520                ndspiInitChn
 .text.ndspiDirtyChn
                0x00109560       0x2c C:/devkitPro/libctru/lib\libctru.a(ndsp-channel.o)
                0x00109560                ndspiDirtyChn
 .text.ndspiUpdateChn
                0x0010958c      0x43c C:/devkitPro/libctru/lib\libctru.a(ndsp-channel.o)
                0x0010958c                ndspiUpdateChn
 .text.ndspiReadChnState
                0x001099c8      0x180 C:/devkitPro/libctru/lib\libctru.a(ndsp-channel.o)
                0x001099c8                ndspiReadChnState
 .text.aptConvertScreenForCapture
                0x00109b48      0x180 C:/devkitPro/libctru/lib\libctru.a(apt.o)
 .text.aptSendCommand
                0x00109cc8      0x138 C:/devkitPro/libctru/lib\libctru.a(apt.o)
                0x00109cc8                aptSendCommand
 .text.aptExitProcess
                0x00109e00       0x44 C:/devkitPro/libctru/lib\libctru.a(apt.o)
 .text.aptExit  0x00109e44      0x394 C:/devkitPro/libctru/lib\libctru.a(apt.o)
                0x00109e44                aptExit
 .text.aptHandleSleep
                0x0010a1d8       0xd8 C:/devkitPro/libctru/lib\libctru.a(apt.o)
                0x0010a1d8                aptHandleSleep
 .text.aptHook  0x0010a2b0       0x34 C:/devkitPro/libctru/lib\libctru.a(apt.o)
                0x0010a2b0                aptHook
 .text.aptUnhook
                0x0010a2e4       0x30 C:/devkitPro/libctru/lib\libctru.a(apt.o)
                0x0010a2e4                aptUnhook
 .text.APT_SleepIfShellClosed
                0x0010a314       0x84 C:/devkitPro/libctru/lib\libctru.a(apt.o)
                0x0010a314                APT_SleepIfShellClosed
 .text.aptSetSleepAllowed
                0x0010a398       0x78 C:/devkitPro/libctru/lib\libctru.a(apt.o)
                0x0010a398                aptSetSleepAllowed
 .text.APT_UnlockTransition
                0x0010a410       0x84 C:/devkitPro/libctru/lib\libctru.a(apt.o)
                0x0010a410                APT_UnlockTransition
 *fill*         0x0010a494        0x4 
 .text.aptEventHandler
                0x0010a498      0x470 C:/devkitPro/libctru/lib\libctru.a(apt.o)
 .text.APT_ReceiveParameter
                0x0010a908       0xbc C:/devkitPro/libctru/lib\libctru.a(apt.o)
                0x0010a908                APT_ReceiveParameter
 .text.aptReceiveParameter.constprop.0
                0x0010a9c4       0xb0 C:/devkitPro/libctru/lib\libctru.a(apt.o)
 *fill*         0x0010aa74        0x4 
 .text.aptScreenTransfer
                0x0010aa78      0x294 C:/devkitPro/libctru/lib\libctru.a(apt.o)
 .text.aptWaitForWakeUp.isra.0
                0x0010ad0c      0x2d0 C:/devkitPro/libctru/lib\libctru.a(apt.o)
 .text.aptJumpToHomeMenu
                0x0010afdc       0xf4 C:/devkitPro/libctru/lib\libctru.a(apt.o)
                0x0010afdc                aptJumpToHomeMenu
 .text.aptMainLoop
                0x0010b0d0       0x58 C:/devkitPro/libctru/lib\libctru.a(apt.o)
                0x0010b0d0                aptMainLoop
 .text.aptInit  0x0010b128      0x240 C:/devkitPro/libctru/lib\libctru.a(apt.o)
                0x0010b128                aptInit
 .text.APT_CheckNew3DS
                0x0010b368       0x90 C:/devkitPro/libctru/lib\libctru.a(apt.o)
                0x0010b368                APT_CheckNew3DS
 .text.cfguInit
                0x0010b3f8       0xa8 C:/devkitPro/libctru/lib\libctru.a(cfgu.o)
                0x0010b3f8                cfguInit
 .text.cfguExit
                0x0010b4a0       0x3c C:/devkitPro/libctru/lib\libctru.a(cfgu.o)
                0x0010b4a0                cfguExit
 .text.CFGU_GetConfigInfoBlk2
                0x0010b4dc       0x4c C:/devkitPro/libctru/lib\libctru.a(cfgu.o)
                0x0010b4dc                CFGU_GetConfigInfoBlk2
 .text.DSP_LoadComponent.part.0
                0x0010b528       0xa4 C:/devkitPro/libctru/lib\libctru.a(dsp.o)
 .text.dspInit  0x0010b5cc       0xfc C:/devkitPro/libctru/lib\libctru.a(dsp.o)
                0x0010b5cc                dspInit
 .text.dspExit  0x0010b6c8       0x8c C:/devkitPro/libctru/lib\libctru.a(dsp.o)
                0x0010b6c8                dspExit
 .text.dspHook  0x0010b754       0x24 C:/devkitPro/libctru/lib\libctru.a(dsp.o)
                0x0010b754                dspHook
 .text.dspUnhook
                0x0010b778       0x30 C:/devkitPro/libctru/lib\libctru.a(dsp.o)
                0x0010b778                dspUnhook
 .text.aptDspSleep
                0x0010b7a8       0xb4 C:/devkitPro/libctru/lib\libctru.a(dsp.o)
                0x0010b7a8                aptDspSleep
 .text.aptDspWakeup
                0x0010b85c       0xb4 C:/devkitPro/libctru/lib\libctru.a(dsp.o)
                0x0010b85c                aptDspWakeup
 .text.aptDspCancel
                0x0010b910       0x44 C:/devkitPro/libctru/lib\libctru.a(dsp.o)
                0x0010b910                aptDspCancel
 .text.DSP_FlushDataCache
                0x0010b954       0x50 C:/devkitPro/libctru/lib\libctru.a(dsp.o)
                0x0010b954                DSP_FlushDataCache
 .text.DSP_SetSemaphore
                0x0010b9a4       0x34 C:/devkitPro/libctru/lib\libctru.a(dsp.o)
                0x0010b9a4                DSP_SetSemaphore
 .text.DSP_SetSemaphoreMask
                0x0010b9d8       0x34 C:/devkitPro/libctru/lib\libctru.a(dsp.o)
                0x0010b9d8                DSP_SetSemaphoreMask
 .text.DSP_GetSemaphoreHandle
                0x0010ba0c       0x38 C:/devkitPro/libctru/lib\libctru.a(dsp.o)
                0x0010ba0c                DSP_GetSemaphoreHandle
 .text.DSP_LoadComponent
                0x0010ba44       0x3c C:/devkitPro/libctru/lib\libctru.a(dsp.o)
                0x0010ba44                DSP_LoadComponent
 .text.DSP_RegisterInterruptEvents
                0x0010ba80       0x44 C:/devkitPro/libctru/lib\libctru.a(dsp.o)
                0x0010ba80                DSP_RegisterInterruptEvents
 .text.DSP_ReadPipeIfPossible
                0x0010bac4       0x78 C:/devkitPro/libctru/lib\libctru.a(dsp.o)
                0x0010bac4                DSP_ReadPipeIfPossible
 .text.DSP_WriteProcessPipe
                0x0010bb3c       0x4c C:/devkitPro/libctru/lib\libctru.a(dsp.o)
                0x0010bb3c                DSP_WriteProcessPipe
 .text.DSP_ConvertProcessAddressFromDspDram
                0x0010bb88       0x44 C:/devkitPro/libctru/lib\libctru.a(dsp.o)
                0x0010bb88                DSP_ConvertProcessAddressFromDspDram
 .text.DSP_RecvData
                0x0010bbcc       0x44 C:/devkitPro/libctru/lib\libctru.a(dsp.o)
                0x0010bbcc                DSP_RecvData
 .text.DSP_RecvDataIsReady
                0x0010bc10       0x50 C:/devkitPro/libctru/lib\libctru.a(dsp.o)
                0x0010bc10                DSP_RecvDataIsReady
 .text.fsInit   0x0010bc60      0x104 C:/devkitPro/libctru/lib\libctru.a(fs.o)
                0x0010bc60                fsInit
 .text.fsExit   0x0010bd64       0x3c C:/devkitPro/libctru/lib\libctru.a(fs.o)
                0x0010bd64                fsExit
 .text.fsExemptFromSession
                0x0010bda0       0x68 C:/devkitPro/libctru/lib\libctru.a(fs.o)
                0x0010bda0                fsExemptFromSession
 .text.fsUnexemptFromSession
                0x0010be08       0x50 C:/devkitPro/libctru/lib\libctru.a(fs.o)
                0x0010be08                fsUnexemptFromSession
 .text.FSUSER_OpenFile
                0x0010be58       0xcc C:/devkitPro/libctru/lib\libctru.a(fs.o)
                0x0010be58                FSUSER_OpenFile
 .text.FSUSER_OpenFileDirectly
                0x0010bf24       0xcc C:/devkitPro/libctru/lib\libctru.a(fs.o)
                0x0010bf24                FSUSER_OpenFileDirectly
 .text.FSUSER_DeleteFile
                0x0010bff0       0xb8 C:/devkitPro/libctru/lib\libctru.a(fs.o)
                0x0010bff0                FSUSER_DeleteFile
 .text.FSUSER_RenameFile
                0x0010c0a8       0xf4 C:/devkitPro/libctru/lib\libctru.a(fs.o)
                0x0010c0a8                FSUSER_RenameFile
 .text.FSUSER_DeleteDirectory
                0x0010c19c       0xb8 C:/devkitPro/libctru/lib\libctru.a(fs.o)
                0x0010c19c                FSUSER_DeleteDirectory
 .text.FSUSER_CreateFile
                0x0010c254       0xd0 C:/devkitPro/libctru/lib\libctru.a(fs.o)
                0x0010c254                FSUSER_CreateFile
 .text.FSUSER_CreateDirectory
                0x0010c324       0xc0 C:/devkitPro/libctru/lib\libctru.a(fs.o)
                0x0010c324                FSUSER_CreateDirectory
 .text.FSUSER_RenameDirectory
                0x0010c3e4       0xf4 C:/devkitPro/libctru/lib\libctru.a(fs.o)
                0x0010c3e4                FSUSER_RenameDirectory
 .text.FSUSER_OpenDirectory
                0x0010c4d8       0xb4 C:/devkitPro/libctru/lib\libctru.a(fs.o)
                0x0010c4d8                FSUSER_OpenDirectory
 .text.FSUSER_OpenArchive
                0x0010c58c       0x90 C:/devkitPro/libctru/lib\libctru.a(fs.o)
                0x0010c58c                FSUSER_OpenArchive
 .text.FSUSER_CloseArchive
                0x0010c61c       0x8c C:/devkitPro/libctru/lib\libctru.a(fs.o)
                0x0010c61c                FSUSER_CloseArchive
 .text.FSUSER_GetSdmcArchiveResource
                0x0010c6a8       0x74 C:/devkitPro/libctru/lib\libctru.a(fs.o)
                0x0010c6a8                FSUSER_GetSdmcArchiveResource
 .text.FSUSER_IsSdmcWritable
                0x0010c71c       0x64 C:/devkitPro/libctru/lib\libctru.a(fs.o)
                0x0010c71c                FSUSER_IsSdmcWritable
 .text.FSFILE_Read
                0x0010c780       0x64 C:/devkitPro/libctru/lib\libctru.a(fs.o)
                0x0010c780                FSFILE_Read
 .text.FSFILE_Write
                0x0010c7e4       0x6c C:/devkitPro/libctru/lib\libctru.a(fs.o)
                0x0010c7e4                FSFILE_Write
 .text.FSFILE_GetSize
                0x0010c850       0x44 C:/devkitPro/libctru/lib\libctru.a(fs.o)
                0x0010c850                FSFILE_GetSize
 .text.FSFILE_SetSize
                0x0010c894       0x28 C:/devkitPro/libctru/lib\libctru.a(fs.o)
                0x0010c894                FSFILE_SetSize
 .text.FSFILE_Close
                0x0010c8bc       0x3c C:/devkitPro/libctru/lib\libctru.a(fs.o)
                0x0010c8bc                FSFILE_Close
 .text.FSFILE_Flush
                0x0010c8f8       0x24 C:/devkitPro/libctru/lib\libctru.a(fs.o)
                0x0010c8f8                FSFILE_Flush
 .text.FSDIR_Read
                0x0010c91c       0x60 C:/devkitPro/libctru/lib\libctru.a(fs.o)
                0x0010c91c                FSDIR_Read
 .text.FSDIR_Close
                0x0010c97c       0x3c C:/devkitPro/libctru/lib\libctru.a(fs.o)
                0x0010c97c                FSDIR_Close
 .text.gspHardwareInit
                0x0010c9b8      0xc70 C:/devkitPro/libctru/lib\libctru.a(gspgpu.o)
 .text.gspInit  0x0010d628      0x280 C:/devkitPro/libctru/lib\libctru.a(gspgpu.o)
                0x0010d628                gspInit
 .text.gspExit  0x0010d8a8      0x110 C:/devkitPro/libctru/lib\libctru.a(gspgpu.o)
                0x0010d8a8                gspExit
 .text.gspHasGpuRight
                0x0010d9b8       0x10 C:/devkitPro/libctru/lib\libctru.a(gspgpu.o)
                0x0010d9b8                gspHasGpuRight
 .text.gspPresentBuffer
                0x0010d9c8       0xa4 C:/devkitPro/libctru/lib\libctru.a(gspgpu.o)
                0x0010d9c8                gspPresentBuffer
 .text.gspSetEventCallback
                0x0010da6c       0x30 C:/devkitPro/libctru/lib\libctru.a(gspgpu.o)
                0x0010da6c                gspSetEventCallback
 .text.gspWaitForEvent
                0x0010da9c       0x50 C:/devkitPro/libctru/lib\libctru.a(gspgpu.o)
                0x0010da9c                gspWaitForEvent
 .text.gspWaitForAnyEvent
                0x0010daec       0x4c C:/devkitPro/libctru/lib\libctru.a(gspgpu.o)
                0x0010daec                gspWaitForAnyEvent
 .text.gspEventThreadMain
                0x0010db38      0x154 C:/devkitPro/libctru/lib\libctru.a(gspgpu.o)
 .text.gspSubmitGxCommand
                0x0010dc8c      0x12c C:/devkitPro/libctru/lib\libctru.a(gspgpu.o)
                0x0010dc8c                gspSubmitGxCommand
 .text.GSPGPU_FlushDataCache
                0x0010ddb8       0x50 C:/devkitPro/libctru/lib\libctru.a(gspgpu.o)
                0x0010ddb8                GSPGPU_FlushDataCache
 .text.GSPGPU_SetLcdForceBlack
                0x0010de08       0x34 C:/devkitPro/libctru/lib\libctru.a(gspgpu.o)
                0x0010de08                GSPGPU_SetLcdForceBlack
 .text.GSPGPU_AcquireRight
                0x0010de3c       0x80 C:/devkitPro/libctru/lib\libctru.a(gspgpu.o)
                0x0010de3c                GSPGPU_AcquireRight
 .text.GSPGPU_ReleaseRight
                0x0010debc       0x5c C:/devkitPro/libctru/lib\libctru.a(gspgpu.o)
                0x0010debc                GSPGPU_ReleaseRight
 .text.GSPGPU_ImportDisplayCaptureInfo
                0x0010df18       0x7c C:/devkitPro/libctru/lib\libctru.a(gspgpu.o)
                0x0010df18                GSPGPU_ImportDisplayCaptureInfo
 .text.GSPGPU_SaveVramSysArea
                0x0010df94       0x2c C:/devkitPro/libctru/lib\libctru.a(gspgpu.o)
                0x0010df94                GSPGPU_SaveVramSysArea
 .text.GSPGPU_RestoreVramSysArea
                0x0010dfc0       0x2c C:/devkitPro/libctru/lib\libctru.a(gspgpu.o)
                0x0010dfc0                GSPGPU_RestoreVramSysArea
 .text.hidShouldUseIrrst
                0x0010dfec       0x24 C:/devkitPro/libctru/lib\libctru.a(hid.o)
                0x0010dfec                hidShouldUseIrrst
 .text.hidInit  0x0010e010      0x1cc C:/devkitPro/libctru/lib\libctru.a(hid.o)
                0x0010e010                hidInit
 .text.hidExit  0x0010e1dc       0xe8 C:/devkitPro/libctru/lib\libctru.a(hid.o)
                0x0010e1dc                hidExit
 .text.hidScanInput
                0x0010e2c4      0x2a0 C:/devkitPro/libctru/lib\libctru.a(hid.o)
                0x0010e2c4                hidScanInput
 .text.hidKeysHeld
                0x0010e564       0x10 C:/devkitPro/libctru/lib\libctru.a(hid.o)
                0x0010e564                hidKeysHeld
 .text.hidKeysDown
                0x0010e574       0x10 C:/devkitPro/libctru/lib\libctru.a(hid.o)
                0x0010e574                hidKeysDown
 .text.hidTouchRead
                0x0010e584       0x18 C:/devkitPro/libctru/lib\libctru.a(hid.o)
                0x0010e584                hidTouchRead
 .text.irrstInit
                0x0010e59c      0x1a4 C:/devkitPro/libctru/lib\libctru.a(irrst.o)
                0x0010e59c                irrstInit
 .text.irrstExit
                0x0010e740       0xdc C:/devkitPro/libctru/lib\libctru.a(irrst.o)
                0x0010e740                irrstExit
 .text.irrstScanInput
                0x0010e81c       0xb4 C:/devkitPro/libctru/lib\libctru.a(irrst.o)
                0x0010e81c                irrstScanInput
 .text.irrstKeysHeld
                0x0010e8d0       0x24 C:/devkitPro/libctru/lib\libctru.a(irrst.o)
                0x0010e8d0                irrstKeysHeld
 .text.ptmSysmInit
                0x0010e8f4       0x78 C:/devkitPro/libctru/lib\libctru.a(ptmsysm.o)
                0x0010e8f4                ptmSysmInit
 .text.ptmSysmExit
                0x0010e96c       0x3c C:/devkitPro/libctru/lib\libctru.a(ptmsysm.o)
                0x0010e96c                ptmSysmExit
 .text.PTMSYSM_ConfigureNew3DSCPU
                0x0010e9a8       0x34 C:/devkitPro/libctru/lib\libctru.a(ptmsysm.o)
                0x0010e9a8                PTMSYSM_ConfigureNew3DSCPU
 .text.rbtree_find
                0x0010e9dc       0x74 C:/devkitPro/libctru/lib\libctru.a(rbtree_find.o)
                0x0010e9dc                rbtree_find
 .text.rbtree_init
                0x0010ea50       0x10 C:/devkitPro/libctru/lib\libctru.a(rbtree_init.o)
                0x0010ea50                rbtree_init
 .text.do_insert
                0x0010ea60      0x198 C:/devkitPro/libctru/lib\libctru.a(rbtree_insert.o)
 .text.rbtree_insert
                0x0010ebf8        0x8 C:/devkitPro/libctru/lib\libctru.a(rbtree_insert.o)
                0x0010ebf8                rbtree_insert
 .text.rbtree_remove
                0x0010ec00      0x310 C:/devkitPro/libctru/lib\libctru.a(rbtree_remove.o)
                0x0010ec00                rbtree_remove
 .text.rbtree_rotate
                0x0010ef10       0x90 C:/devkitPro/libctru/lib\libctru.a(rbtree_rotate.o)
                0x0010ef10                rbtree_rotate
 .text.__system_allocateHeaps
                0x0010efa0      0x1e8 C:/devkitPro/libctru/lib\libctru.a(allocateHeaps.o)
                0x0010efa0                __system_allocateHeaps
 .text.__libctru_init
                0x0010f188       0x38 C:/devkitPro/libctru/lib\libctru.a(ctru_init.o)
                0x0010f188                __libctru_init
 .text.__system_initArgv
                0x0010f1c0      0x16c C:/devkitPro/libctru/lib\libctru.a(initArgv.o)
                0x0010f1c0                __system_initArgv
 .text.__syscall_getreent
                0x0010f32c       0x30 C:/devkitPro/libctru/lib\libctru.a(syscalls.o)
                0x0010f32c                __syscall_getreent
 .text.__syscall_lock_acquire
                0x0010f35c        0x4 C:/devkitPro/libctru/lib\libctru.a(syscalls.o)
                0x0010f35c                __syscall_lock_acquire
 .text.__syscall_lock_release
                0x0010f360        0x4 C:/devkitPro/libctru/lib\libctru.a(syscalls.o)
                0x0010f360                __syscall_lock_release
 .text.__syscall_lock_acquire_recursive
                0x0010f364        0x4 C:/devkitPro/libctru/lib\libctru.a(syscalls.o)
                0x0010f364                __syscall_lock_acquire_recursive
 .text.__syscall_lock_release_recursive
                0x0010f368        0x4 C:/devkitPro/libctru/lib\libctru.a(syscalls.o)
                0x0010f368                __syscall_lock_release_recursive
 .text.__syscall_exit
                0x0010f36c        0x4 C:/devkitPro/libctru/lib\libctru.a(syscalls.o)
                0x0010f36c                __syscall_exit
 .text.initThreadVars
                0x0010f370       0x54 C:/devkitPro/libctru/lib\libctru.a(syscalls.o)
                0x0010f370                initThreadVars
 .text.__system_initSyscalls
                0x0010f3c4       0x80 C:/devkitPro/libctru/lib\libctru.a(syscalls.o)
                0x0010f3c4                __system_initSyscalls
 .text.svcControlMemory
                0x0010f444       0x20 C:/devkitPro/libctru/lib\libctru.a(svc.o)
                0x0010f444                svcControlMemory
 .text.svcQueryMemory
                0x0010f464       0x30 C:/devkitPro/libctru/lib\libctru.a(svc.o)
                0x0010f464                svcQueryMemory
 .text.svcExitProcess
                0x0010f494        0x8 C:/devkitPro/libctru/lib\libctru.a(svc.o)
                0x0010f494                svcExitProcess
 .text.svcCreateThread
                0x0010f49c       0x20 C:/devkitPro/libctru/lib\libctru.a(svc.o)
                0x0010f49c                svcCreateThread
 .text.svcExitThread
                0x0010f4bc        0x8 C:/devkitPro/libctru/lib\libctru.a(svc.o)
                0x0010f4bc                svcExitThread
 .text.svcSleepThread
                0x0010f4c4        0x8 C:/devkitPro/libctru/lib\libctru.a(svc.o)
                0x0010f4c4                svcSleepThread
 .text.svcReleaseMutex
                0x0010f4cc        0x8 C:/devkitPro/libctru/lib\libctru.a(svc.o)
                0x0010f4cc                svcReleaseMutex
 .text.svcCreateEvent
                0x0010f4d4       0x14 C:/devkitPro/libctru/lib\libctru.a(svc.o)
                0x0010f4d4                svcCreateEvent
 .text.svcSignalEvent
                0x0010f4e8        0x8 C:/devkitPro/libctru/lib\libctru.a(svc.o)
                0x0010f4e8                svcSignalEvent
 .text.svcClearEvent
                0x0010f4f0        0x8 C:/devkitPro/libctru/lib\libctru.a(svc.o)
                0x0010f4f0                svcClearEvent
 .text.svcMapMemoryBlock
                0x0010f4f8        0x8 C:/devkitPro/libctru/lib\libctru.a(svc.o)
                0x0010f4f8                svcMapMemoryBlock
 .text.svcUnmapMemoryBlock
                0x0010f500        0x8 C:/devkitPro/libctru/lib\libctru.a(svc.o)
                0x0010f500                svcUnmapMemoryBlock
 .text.svcCreateAddressArbiter
                0x0010f508       0x14 C:/devkitPro/libctru/lib\libctru.a(svc.o)
                0x0010f508                svcCreateAddressArbiter
 .text.svcArbitrateAddressNoTimeout
                0x0010f51c        0x8 C:/devkitPro/libctru/lib\libctru.a(svc.o)
                0x0010f51c                svcArbitrateAddressNoTimeout
 .text.svcCloseHandle
                0x0010f524        0x8 C:/devkitPro/libctru/lib\libctru.a(svc.o)
                0x0010f524                svcCloseHandle
 .text.svcWaitSynchronization
                0x0010f52c        0x8 C:/devkitPro/libctru/lib\libctru.a(svc.o)
                0x0010f52c                svcWaitSynchronization
 .text.svcWaitSynchronizationN
                0x0010f534       0x28 C:/devkitPro/libctru/lib\libctru.a(svc.o)
                0x0010f534                svcWaitSynchronizationN
 .text.svcDuplicateHandle
                0x0010f55c       0x14 C:/devkitPro/libctru/lib\libctru.a(svc.o)
                0x0010f55c                svcDuplicateHandle
 .text.svcGetSystemTick
                0x0010f570        0x8 C:/devkitPro/libctru/lib\libctru.a(svc.o)
                0x0010f570                svcGetSystemTick
 .text.svcConnectToPort
                0x0010f578       0x14 C:/devkitPro/libctru/lib\libctru.a(svc.o)
                0x0010f578                svcConnectToPort
 .text.svcSendSyncRequest
                0x0010f58c        0x8 C:/devkitPro/libctru/lib\libctru.a(svc.o)
                0x0010f58c                svcSendSyncRequest
 .text.svcGetResourceLimit
                0x0010f594       0x14 C:/devkitPro/libctru/lib\libctru.a(svc.o)
                0x0010f594                svcGetResourceLimit
 .text.svcGetResourceLimitLimitValues
                0x0010f5a8        0x8 C:/devkitPro/libctru/lib\libctru.a(svc.o)
                0x0010f5a8                svcGetResourceLimitLimitValues
 .text.svcGetResourceLimitCurrentValues
                0x0010f5b0        0x8 C:/devkitPro/libctru/lib\libctru.a(svc.o)
                0x0010f5b0                svcGetResourceLimitCurrentValues
 .text.svcBreak
                0x0010f5b8        0x8 C:/devkitPro/libctru/lib\libctru.a(svc.o)
                0x0010f5b8                svcBreak
 .text.initSystem
                0x0010f5c0       0x50 C:/devkitPro/libctru/lib\libctru.a(stack_adjust.o)
                0x0010f5c0                initSystem
 .text.__ctru_exit
                0x0010f610       0x14 C:/devkitPro/libctru/lib\libctru.a(stack_adjust.o)
                0x0010f610                __ctru_exit
 .text.envGetHandle
                0x0010f624       0x8c C:/devkitPro/libctru/lib\libctru.a(env.o)
                0x0010f624                envGetHandle
 .text.envDestroyHandles
                0x0010f6b0       0x50 C:/devkitPro/libctru/lib\libctru.a(env.o)
                0x0010f6b0                envDestroyHandles
 .text.srvInit  0x0010f700      0x164 C:/devkitPro/libctru/lib\libctru.a(srv.o)
                0x0010f700                srvInit
 .text.srvExit  0x0010f864       0x64 C:/devkitPro/libctru/lib\libctru.a(srv.o)
                0x0010f864                srvExit
 .text.srvEnableNotification
                0x0010f8c8       0x60 C:/devkitPro/libctru/lib\libctru.a(srv.o)
                0x0010f8c8                srvEnableNotification
 .text.srvGetServiceHandleDirect
                0x0010f928       0xa0 C:/devkitPro/libctru/lib\libctru.a(srv.o)
                0x0010f928                srvGetServiceHandleDirect
 .text.srvGetServiceHandle
                0x0010f9c8       0x48 C:/devkitPro/libctru/lib\libctru.a(srv.o)
                0x0010f9c8                srvGetServiceHandle
 .text.srvSubscribe
                0x0010fa10       0x34 C:/devkitPro/libctru/lib\libctru.a(srv.o)
                0x0010fa10                srvSubscribe
 .text.srvReceiveNotification
                0x0010fa44       0x60 C:/devkitPro/libctru/lib\libctru.a(srv.o)
                0x0010fa44                srvReceiveNotification
 .text.srvPublishToSubscriber
                0x0010faa4       0x38 C:/devkitPro/libctru/lib\libctru.a(srv.o)
                0x0010faa4                srvPublishToSubscriber
 .text.__sync_init
                0x0010fadc        0xc C:/devkitPro/libctru/lib\libctru.a(synchronization.o)
                0x0010fadc                __sync_init
 .text.__sync_fini
                0x0010fae8       0x18 C:/devkitPro/libctru/lib\libctru.a(synchronization.o)
                0x0010fae8                __sync_fini
 .text.syncArbitrateAddress
                0x0010fb00       0x28 C:/devkitPro/libctru/lib\libctru.a(synchronization.o)
                0x0010fb00                syncArbitrateAddress
 .text.LightLock_Init
                0x0010fb28       0x1c C:/devkitPro/libctru/lib\libctru.a(synchronization.o)
                0x0010fb28                LightLock_Init
 .text.LightLock_Lock
                0x0010fb44       0xac C:/devkitPro/libctru/lib\libctru.a(synchronization.o)
                0x0010fb44                LightLock_Lock
 .text.LightLock_Unlock
                0x0010fbf0       0x40 C:/devkitPro/libctru/lib\libctru.a(synchronization.o)
                0x0010fbf0                LightLock_Unlock
 .text.RecursiveLock_Lock
                0x0010fc30       0x54 C:/devkitPro/libctru/lib\libctru.a(synchronization.o)
                0x0010fc30                RecursiveLock_Lock
 .text.RecursiveLock_Unlock
                0x0010fc84       0x54 C:/devkitPro/libctru/lib\libctru.a(synchronization.o)
                0x0010fc84                RecursiveLock_Unlock
 .text.LightEvent_Init
                0x0010fcd8       0x44 C:/devkitPro/libctru/lib\libctru.a(synchronization.o)
                0x0010fcd8                LightEvent_Init
 .text.LightEvent_Clear
                0x0010fd1c       0xb8 C:/devkitPro/libctru/lib\libctru.a(synchronization.o)
                0x0010fd1c                LightEvent_Clear
 .text.LightEvent_Signal
                0x0010fdd4       0xdc C:/devkitPro/libctru/lib\libctru.a(synchronization.o)
                0x0010fdd4                LightEvent_Signal
 .text.LightEvent_TryWait
                0x0010feb0       0x50 C:/devkitPro/libctru/lib\libctru.a(synchronization.o)
                0x0010feb0                LightEvent_TryWait
 .text.LightEvent_Wait
                0x0010ff00       0xac C:/devkitPro/libctru/lib\libctru.a(synchronization.o)
                0x0010ff00                LightEvent_Wait
 .text.threadCreate
                0x0010ffac      0x1fc C:/devkitPro/libctru/lib\libctru.a(thread.o)
                0x0010ffac                threadCreate
 .text.threadFree
                0x001101a8       0x38 C:/devkitPro/libctru/lib\libctru.a(thread.o)
                0x001101a8                threadFree
 .text.threadJoin
                0x001101e0       0x24 C:/devkitPro/libctru/lib\libctru.a(thread.o)
                0x001101e0                threadJoin
 .text.threadGetCurrent
                0x00110204       0x30 C:/devkitPro/libctru/lib\libctru.a(thread.o)
                0x00110204                threadGetCurrent
 .text.threadExit
                0x00110234       0x40 C:/devkitPro/libctru/lib\libctru.a(thread.o)
                0x00110234                threadExit
 .text._thread_begin
                0x00110274       0x20 C:/devkitPro/libctru/lib\libctru.a(thread.o)
 .text.mappableFindAddressWithin
                0x00110294       0x90 C:/devkitPro/libctru/lib\libctru.a(mappable.o)
 .text.mappableInit
                0x00110324       0x28 C:/devkitPro/libctru/lib\libctru.a(mappable.o)
                0x00110324                mappableInit
 .text.mappableAlloc
                0x0011034c       0x7c C:/devkitPro/libctru/lib\libctru.a(mappable.o)
                0x0011034c                mappableAlloc
 .text.mappableFree
                0x001103c8        0x4 C:/devkitPro/libctru/lib\libctru.a(mappable.o)
                0x001103c8                mappableFree
 .text.srvPmGetSessionHandle
                0x001103cc        0xc C:/devkitPro/libctru/lib\libctru.a(srvpm.o)
                0x001103cc                srvPmGetSessionHandle
 .text.rbtree_node_next
                0x001103d8       0x60 C:/devkitPro/libctru/lib\libctru.a(rbtree_iterator.o)
                0x001103d8                rbtree_node_next
 .text.__appExit
                0x00110438       0x30 C:/devkitPro/libctru/lib\libctru.a(appExit.o)
                0x00110438                __appExit
 .text.__appInit
                0x00110468       0x30 C:/devkitPro/libctru/lib\libctru.a(appInit.o)
                0x00110468                __appInit
 .text.__libctru_exit
                0x00110498       0x90 C:/devkitPro/libctru/lib\libctru.a(ctru_exit.o)
                0x00110498                __libctru_exit
 .text.archive_link
                0x00110528       0x14 C:/devkitPro/libctru/lib\libctru.a(archive_dev.o)
 .text.archive_dirreset
                0x0011053c       0x14 C:/devkitPro/libctru/lib\libctru.a(archive_dev.o)
 .text.archive_chmod
                0x00110550       0x14 C:/devkitPro/libctru/lib\libctru.a(archive_dev.o)
 .text.error_cmp
                0x00110564       0x24 C:/devkitPro/libctru/lib\libctru.a(archive_dev.o)
 .text.archive_translate_error
                0x00110588       0x50 C:/devkitPro/libctru/lib\libctru.a(archive_dev.o)
 .text.archive_seek
                0x001105d8       0xc0 C:/devkitPro/libctru/lib\libctru.a(archive_dev.o)
 .text._archiveInit.part.0
                0x00110698       0x78 C:/devkitPro/libctru/lib\libctru.a(archive_dev.o)
 .text.archiveFindDevice.part.0
                0x00110710       0xd4 C:/devkitPro/libctru/lib\libctru.a(archive_dev.o)
 .text.archive_utf16path
                0x001107e4      0x298 C:/devkitPro/libctru/lib\libctru.a(archive_dev.o)
 .text._archiveUnmountDeviceStruct.part.0
                0x00110a7c       0x98 C:/devkitPro/libctru/lib\libctru.a(archive_dev.o)
 .text.archive_statvfs
                0x00110b14       0x14 C:/devkitPro/libctru/lib\libctru.a(archive_dev.o)
 .text.archive_fchmod
                0x00110b28       0x14 C:/devkitPro/libctru/lib\libctru.a(archive_dev.o)
 .text._archiveMountDevice
                0x00110b3c      0x178 C:/devkitPro/libctru/lib\libctru.a(archive_dev.o)
 .text.archive_diropen
                0x00110cb4       0xf8 C:/devkitPro/libctru/lib\libctru.a(archive_dev.o)
 .text.archive_fstat
                0x00110dac       0xac C:/devkitPro/libctru/lib\libctru.a(archive_dev.o)
 .text.archive_fsync
                0x00110e58       0x74 C:/devkitPro/libctru/lib\libctru.a(archive_dev.o)
 .text.archive_close
                0x00110ecc       0x74 C:/devkitPro/libctru/lib\libctru.a(archive_dev.o)
 .text.archive_dirclose
                0x00110f40       0x78 C:/devkitPro/libctru/lib\libctru.a(archive_dev.o)
 .text.sdmc_statvfs
                0x00110fb8       0xec C:/devkitPro/libctru/lib\libctru.a(archive_dev.o)
 .text.archive_chdir
                0x001110a4       0xf8 C:/devkitPro/libctru/lib\libctru.a(archive_dev.o)
 .text.archive_ftruncate
                0x0011119c       0x8c C:/devkitPro/libctru/lib\libctru.a(archive_dev.o)
 .text.archive_read
                0x00111228       0xbc C:/devkitPro/libctru/lib\libctru.a(archive_dev.o)
 .text.archive_unlink
                0x001112e4       0xa8 C:/devkitPro/libctru/lib\libctru.a(archive_dev.o)
 .text.archive_rmdir
                0x0011138c       0xc0 C:/devkitPro/libctru/lib\libctru.a(archive_dev.o)
 .text.archive_mkdir
                0x0011144c       0xd8 C:/devkitPro/libctru/lib\libctru.a(archive_dev.o)
 .text.archive_stat
                0x00111524      0x1a0 C:/devkitPro/libctru/lib\libctru.a(archive_dev.o)
 .text.archive_dirnext
                0x001116c4      0x164 C:/devkitPro/libctru/lib\libctru.a(archive_dev.o)
 .text.archive_write
                0x00111828      0x13c C:/devkitPro/libctru/lib\libctru.a(archive_dev.o)
 *fill*         0x00111964        0x4 
 .text.archive_open
                0x00111968      0x254 C:/devkitPro/libctru/lib\libctru.a(archive_dev.o)
 .text.archive_rename
                0x00111bbc      0x270 C:/devkitPro/libctru/lib\libctru.a(archive_dev.o)
 .text.archiveMountSdmc
                0x00111e2c      0x1c8 C:/devkitPro/libctru/lib\libctru.a(archive_dev.o)
                0x00111e2c                archiveMountSdmc
 .text.archiveUnmountAll
                0x00111ff4       0x54 C:/devkitPro/libctru/lib\libctru.a(archive_dev.o)
                0x00111ff4                archiveUnmountAll
 .text.decode_utf8
                0x00112048      0x140 C:/devkitPro/libctru/lib\libctru.a(decode_utf8.o)
                0x00112048                decode_utf8
 .text.utf16_to_utf8
                0x00112188       0xe8 C:/devkitPro/libctru/lib\libctru.a(utf16_to_utf8.o)
                0x00112188                utf16_to_utf8
 .text.utf8_to_utf16
                0x00112270       0xc0 C:/devkitPro/libctru/lib\libctru.a(utf8_to_utf16.o)
                0x00112270                utf8_to_utf16
 .text.__aeabi_read_tp
                0x00112330        0xc C:/devkitPro/libctru/lib\libctru.a(readtp.o)
                0x00112330                __aeabi_read_tp
 .text.decode_utf16
                0x0011233c       0x54 C:/devkitPro/libctru/lib\libctru.a(decode_utf16.o)
                0x0011233c                decode_utf16
 .text.encode_utf16
                0x00112390       0x54 C:/devkitPro/libctru/lib\libctru.a(encode_utf16.o)
                0x00112390                encode_utf16
 .text.encode_utf8
                0x001123e4       0xe0 C:/devkitPro/libctru/lib\libctru.a(encode_utf8.o)
                0x001123e4                encode_utf8
 .text.__udivmoddi4
                0x001124c4      0x130 C:/devkitPro/devkitARM/bin/../lib/gcc/arm-none-eabi/15.1.0/armv6k/fpu\libgcc.a(_udivmoddi4.o)
                0x001124c4                __udivmoddi4
 .text.strncmp  0x001125f4       0xd8 C:/devkitPro/devkitARM/bin/../lib/gcc/arm-none-eabi/15.1.0/../../../../arm-none-eabi/lib/armv6k/fpu\libg.a(libc_a-strncmp.o)
                0x001125f4                strncmp
 .text._fclose_r
                0x001126cc      0x144 C:/devkitPro/devkitARM/bin/../lib/gcc/arm-none-eabi/15.1.0/../../../../arm-none-eabi/lib/armv6k/fpu\libg.a(libc_a-fclose.o)
                0x001126cc                _fclose_r
 .text.fclose   0x00112810       0x20 C:/devkitPro/devkitARM/bin/../lib/gcc/arm-none-eabi/15.1.0/../../../../arm-none-eabi/lib/armv6k/fpu\libg.a(libc_a-fclose.o)
                0x00112810                fclose
 .text.strlen   0x00112830       0x8c C:/devkitPro/devkitARM/bin/../lib/gcc/arm-none-eabi/15.1.0/../../../../arm-none-eabi/lib/armv6k/fpu\libg.a(libc_a-strlen.o)
                0x00112830                strlen
 .text.stdio_exit_handler
                0x001128bc       0x1c C:/devkitPro/devkitARM/bin/../lib/gcc/arm-none-eabi/15.1.0/../../../../arm-none-eabi/lib/armv6k/fpu\libg.a(libc_a-findfp.o)
 .text.cleanup_stdio
                0x001128d8       0x5c C:/devkitPro/devkitARM/bin/../lib/gcc/arm-none-eabi/15.1.0/../../../../arm-none-eabi/lib/armv6k/fpu\libg.a(libc_a-findfp.o)
 .text.global_stdio_init.part.0
                0x00112934      0x154 C:/devkitPro/devkitARM/bin/../lib/gcc/arm-none-eabi/15.1.0/../../../../arm-none-eabi/lib/armv6k/fpu\libg.a(libc_a-findfp.o)
 .text.__sfp    0x00112a88      0x138 C:/devkitPro/devkitARM/bin/../lib/gcc/arm-none-eabi/15.1.0/../../../../arm-none-eabi/lib/armv6k/fpu\libg.a(libc_a-findfp.o)
                0x00112a88                __sfp
 .text.__sinit  0x00112bc0       0x5c C:/devkitPro/devkitARM/bin/../lib/gcc/arm-none-eabi/15.1.0/../../../../arm-none-eabi/lib/armv6k/fpu\libg.a(libc_a-findfp.o)
                0x00112bc0                __sinit
 .text.__sfp_lock_acquire
                0x00112c1c        0xc C:/devkitPro/devkitARM/bin/../lib/gcc/arm-none-eabi/15.1.0/../../../../arm-none-eabi/lib/armv6k/fpu\libg.a(libc_a-findfp.o)
                0x00112c1c                __sfp_lock_acquire
 .text.__sfp_lock_release
                0x00112c28        0xc C:/devkitPro/devkitARM/bin/../lib/gcc/arm-none-eabi/15.1.0/../../../../arm-none-eabi/lib/armv6k/fpu\libg.a(libc_a-findfp.o)
                0x00112c28                __sfp_lock_release
 .text._strtoul_l.isra.0
                0x00112c34      0x1ec C:/devkitPro/devkitARM/bin/../lib/gcc/arm-none-eabi/15.1.0/../../../../arm-none-eabi/lib/armv6k/fpu\libg.a(libc_a-strtoul.o)
 .text.strtoul  0x00112e20       0x3c C:/devkitPro/devkitARM/bin/../lib/gcc/arm-none-eabi/15.1.0/../../../../arm-none-eabi/lib/armv6k/fpu\libg.a(libc_a-strtoul.o)
                0x00112e20                strtoul
 .text.__libc_init_array
                0x00112e5c       0x84 C:/devkitPro/devkitARM/bin/../lib/gcc/arm-none-eabi/15.1.0/../../../../arm-none-eabi/lib/armv6k/fpu\libg.a(libc_a-init.o)
                0x00112e5c                __libc_init_array
 .text.strncat  0x00112ee0       0x9c C:/devkitPro/devkitARM/bin/../lib/gcc/arm-none-eabi/15.1.0/../../../../arm-none-eabi/lib/armv6k/fpu\libg.a(libc_a-strncat.o)
                0x00112ee0                strncat
 .text._fwalk_sglue
                0x00112f7c       0x70 C:/devkitPro/devkitARM/bin/../lib/gcc/arm-none-eabi/15.1.0/../../../../arm-none-eabi/lib/armv6k/fpu\libg.a(libc_a-fwalk.o)
                0x00112f7c                _fwalk_sglue
 .text.bsearch  0x00112fec       0x78 C:/devkitPro/devkitARM/bin/../lib/gcc/arm-none-eabi/15.1.0/../../../../arm-none-eabi/lib/armv6k/fpu\libg.a(libc_a-bsearch.o)
                0x00112fec                bsearch
 .text.__errno  0x00113064        0xc C:/devkitPro/devkitARM/bin/../lib/gcc/arm-none-eabi/15.1.0/../../../../arm-none-eabi/lib/armv6k/fpu\libg.a(libc_a-errno.o)
                0x00113064                __errno
 .text.calloc   0x00113070       0x28 C:/devkitPro/devkitARM/bin/../lib/gcc/arm-none-eabi/15.1.0/../../../../arm-none-eabi/lib/armv6k/fpu\libg.a(libc_a-calloc.o)
                0x00113070                calloc
 .text._puts_r  0x00113098       0xe0 C:/devkitPro/devkitARM/bin/../lib/gcc/arm-none-eabi/15.1.0/../../../../arm-none-eabi/lib/armv6k/fpu\libg.a(libc_a-puts.o)
                0x00113098                _puts_r
 .text.puts     0x00113178       0x20 C:/devkitPro/devkitARM/bin/../lib/gcc/arm-none-eabi/15.1.0/../../../../arm-none-eabi/lib/armv6k/fpu\libg.a(libc_a-puts.o)
                0x00113178                puts
 .text._calloc_r
                0x00113198       0xd8 C:/devkitPro/devkitARM/bin/../lib/gcc/arm-none-eabi/15.1.0/../../../../arm-none-eabi/lib/armv6k/fpu\libg.a(libc_a-callocr.o)
                0x00113198                _calloc_r
 .text._fseek_r
                0x00113270       0x1c C:/devkitPro/devkitARM/bin/../lib/gcc/arm-none-eabi/15.1.0/../../../../arm-none-eabi/lib/armv6k/fpu\libg.a(libc_a-fseek.o)
                0x00113270                _fseek_r
 .text.fseek    0x0011328c       0x34 C:/devkitPro/devkitARM/bin/../lib/gcc/arm-none-eabi/15.1.0/../../../../arm-none-eabi/lib/armv6k/fpu\libg.a(libc_a-fseek.o)
                0x0011328c                fseek
 .text.memalign
                0x001132c0       0x28 C:/devkitPro/devkitARM/bin/../lib/gcc/arm-none-eabi/15.1.0/../../../../arm-none-eabi/lib/armv6k/fpu\libg.a(libc_a-malign.o)
                0x001132c0                memalign
 .text._malloc_r
                0x001132e8      0x82c C:/devkitPro/devkitARM/bin/../lib/gcc/arm-none-eabi/15.1.0/../../../../arm-none-eabi/lib/armv6k/fpu\libg.a(libc_a-mallocr.o)
                0x001132e8                _malloc_r
 .text._malloc_trim_r
                0x00113b14      0x114 C:/devkitPro/devkitARM/bin/../lib/gcc/arm-none-eabi/15.1.0/../../../../arm-none-eabi/lib/armv6k/fpu\libg.a(libc_a-freer.o)
                0x00113b14                _malloc_trim_r
 .text._free_r  0x00113c28      0x314 C:/devkitPro/devkitARM/bin/../lib/gcc/arm-none-eabi/15.1.0/../../../../arm-none-eabi/lib/armv6k/fpu\libg.a(libc_a-freer.o)
                0x00113c28                _free_r
 .text.printf   0x00113f3c       0x34 C:/devkitPro/devkitARM/bin/../lib/gcc/arm-none-eabi/15.1.0/../../../../arm-none-eabi/lib/armv6k/fpu\libg.a(libc_a-printf.o)
                0x00113f3c                printf
 .text.strnlen  0x00113f70       0x3c C:/devkitPro/devkitARM/bin/../lib/gcc/arm-none-eabi/15.1.0/../../../../arm-none-eabi/lib/armv6k/fpu\libg.a(libc_a-strnlen.o)
                0x00113f70                strnlen
 .text.malloc   0x00113fac       0x40 C:/devkitPro/devkitARM/bin/../lib/gcc/arm-none-eabi/15.1.0/../../../../arm-none-eabi/lib/armv6k/fpu\libg.a(libc_a-malloc.o)
                0x00113fac                malloc
 .text.free     0x00113fec       0x20 C:/devkitPro/devkitARM/bin/../lib/gcc/arm-none-eabi/15.1.0/../../../../arm-none-eabi/lib/armv6k/fpu\libg.a(libc_a-malloc.o)
                0x00113fec                free
 .text.__sflush_r
                0x0011400c      0x22c C:/devkitPro/devkitARM/bin/../lib/gcc/arm-none-eabi/15.1.0/../../../../arm-none-eabi/lib/armv6k/fpu\libg.a(libc_a-fflush.o)
                0x0011400c                __sflush_r
 .text._fflush_r
                0x00114238       0xc4 C:/devkitPro/devkitARM/bin/../lib/gcc/arm-none-eabi/15.1.0/../../../../arm-none-eabi/lib/armv6k/fpu\libg.a(libc_a-fflush.o)
                0x00114238                _fflush_r
 .text.memset   0x001142fc       0xe4 C:/devkitPro/devkitARM/bin/../lib/gcc/arm-none-eabi/15.1.0/../../../../arm-none-eabi/lib/armv6k/fpu\libg.a(libc_a-memset.o)
                0x001142fc                memset
 .text._fread_r
                0x001143e0      0x334 C:/devkitPro/devkitARM/bin/../lib/gcc/arm-none-eabi/15.1.0/../../../../arm-none-eabi/lib/armv6k/fpu\libg.a(libc_a-fread.o)
                0x001143e0                _fread_r
 .text.fread    0x00114714       0x38 C:/devkitPro/devkitARM/bin/../lib/gcc/arm-none-eabi/15.1.0/../../../../arm-none-eabi/lib/armv6k/fpu\libg.a(libc_a-fread.o)
                0x00114714                fread
 .text.__malloc_lock
                0x0011474c        0xc C:/devkitPro/devkitARM/bin/../lib/gcc/arm-none-eabi/15.1.0/../../../../arm-none-eabi/lib/armv6k/fpu\libg.a(libc_a-mlock.o)
                0x0011474c                __malloc_lock
 .text.__malloc_unlock
                0x00114758        0xc C:/devkitPro/devkitARM/bin/../lib/gcc/arm-none-eabi/15.1.0/../../../../arm-none-eabi/lib/armv6k/fpu\libg.a(libc_a-mlock.o)
                0x00114758                __malloc_unlock
 .text.__call_exitprocs
                0x00114764        0x4 C:/devkitPro/devkitARM/bin/../lib/gcc/arm-none-eabi/15.1.0/../../../../arm-none-eabi/lib/armv6k/fpu\libg.a(libc_a-exit.o)
                0x00114764                __call_exitprocs
 .text.exit     0x00114768       0x30 C:/devkitPro/devkitARM/bin/../lib/gcc/arm-none-eabi/15.1.0/../../../../arm-none-eabi/lib/armv6k/fpu\libg.a(libc_a-exit.o)
                0x00114768                exit
 .text.setvbuf  0x00114798      0x294 C:/devkitPro/devkitARM/bin/../lib/gcc/arm-none-eabi/15.1.0/../../../../arm-none-eabi/lib/armv6k/fpu\libg.a(libc_a-setvbuf.o)
                0x00114798                setvbuf
 .text._fopen_r
                0x00114a2c      0x134 C:/devkitPro/devkitARM/bin/../lib/gcc/arm-none-eabi/15.1.0/../../../../arm-none-eabi/lib/armv6k/fpu\libg.a(libc_a-fopen.o)
                0x00114a2c                _fopen_r
 .text.fopen    0x00114b60       0x28 C:/devkitPro/devkitARM/bin/../lib/gcc/arm-none-eabi/15.1.0/../../../../arm-none-eabi/lib/armv6k/fpu\libg.a(libc_a-fopen.o)
                0x00114b60                fopen
 .text.strncpy  0x00114b88       0xd4 C:/devkitPro/devkitARM/bin/../lib/gcc/arm-none-eabi/15.1.0/../../../../arm-none-eabi/lib/armv6k/fpu\libg.a(libc_a-strncpy.o)
                0x00114b88                strncpy
 .text.memcpy   0x00114c5c      0x12c C:/devkitPro/devkitARM/bin/../lib/gcc/arm-none-eabi/15.1.0/../../../../arm-none-eabi/lib/armv6k/fpu\libg.a(libc_a-memcpy-stub.o)
                0x00114c5c                memcpy
 .text.__sfvwrite_r
                0x00114d88      0x4a4 C:/devkitPro/devkitARM/bin/../lib/gcc/arm-none-eabi/15.1.0/../../../../arm-none-eabi/lib/armv6k/fpu\libg.a(libc_a-fvwrite.o)
                0x00114d88                __sfvwrite_r
 .text.__sread  0x0011522c       0x44 C:/devkitPro/devkitARM/bin/../lib/gcc/arm-none-eabi/15.1.0/../../../../arm-none-eabi/lib/armv6k/fpu\libg.a(libc_a-stdio.o)
                0x0011522c                __sread
 .text.__swrite
                0x00115270       0x68 C:/devkitPro/devkitARM/bin/../lib/gcc/arm-none-eabi/15.1.0/../../../../arm-none-eabi/lib/armv6k/fpu\libg.a(libc_a-stdio.o)
                0x00115270                __swrite
 .text.__sseek  0x001152d8       0x40 C:/devkitPro/devkitARM/bin/../lib/gcc/arm-none-eabi/15.1.0/../../../../arm-none-eabi/lib/armv6k/fpu\libg.a(libc_a-stdio.o)
                0x001152d8                __sseek
 .text.__sclose
                0x00115318        0x8 C:/devkitPro/devkitARM/bin/../lib/gcc/arm-none-eabi/15.1.0/../../../../arm-none-eabi/lib/armv6k/fpu\libg.a(libc_a-stdio.o)
                0x00115318                __sclose
 .text.memmove  0x00115320      0x16c C:/devkitPro/devkitARM/bin/../lib/gcc/arm-none-eabi/15.1.0/../../../../arm-none-eabi/lib/armv6k/fpu\libg.a(libc_a-memmove.o)
                0x00115320                memmove
 .text._memalign_r
                0x0011548c      0x16c C:/devkitPro/devkitARM/bin/../lib/gcc/arm-none-eabi/15.1.0/../../../../arm-none-eabi/lib/armv6k/fpu\libg.a(libc_a-malignr.o)
                0x0011548c                _memalign_r
 .text._fseeko_r
                0x001155f8      0x588 C:/devkitPro/devkitARM/bin/../lib/gcc/arm-none-eabi/15.1.0/../../../../arm-none-eabi/lib/armv6k/fpu\libg.a(libc_a-fseeko.o)
                0x001155f8                _fseeko_r
 .text.get_arg  0x00115b80      0x5e0 C:/devkitPro/devkitARM/bin/../lib/gcc/arm-none-eabi/15.1.0/../../../../arm-none-eabi/lib/armv6k/fpu\libg.a(libc_a-vfprintf.o)
 .text._vfprintf_r
                0x00116160     0x3554 C:/devkitPro/devkitARM/bin/../lib/gcc/arm-none-eabi/15.1.0/../../../../arm-none-eabi/lib/armv6k/fpu\libg.a(libc_a-vfprintf.o)
                0x00116160                _vfprintf_r
 .text.__sbprintf
                0x001196b4       0xb4 C:/devkitPro/devkitARM/bin/../lib/gcc/arm-none-eabi/15.1.0/../../../../arm-none-eabi/lib/armv6k/fpu\libg.a(libc_a-vfprintf.o)
 .text.memchr   0x00119768       0xe8 C:/devkitPro/devkitARM/bin/../lib/gcc/arm-none-eabi/15.1.0/../../../../arm-none-eabi/lib/armv6k/fpu\libg.a(libc_a-memchr-stub.o)
                0x00119768                memchr
 .text.quorem   0x00119850      0x1c0 C:/devkitPro/devkitARM/bin/../lib/gcc/arm-none-eabi/15.1.0/../../../../arm-none-eabi/lib/armv6k/fpu\libg.a(libc_a-dtoa.o)
 .text._dtoa_r  0x00119a10     0x13f0 C:/devkitPro/devkitARM/bin/../lib/gcc/arm-none-eabi/15.1.0/../../../../arm-none-eabi/lib/armv6k/fpu\libg.a(libc_a-dtoa.o)
                0x00119a10                _dtoa_r
 .text._wcrtomb_r
                0x0011ae00       0xa0 C:/devkitPro/devkitARM/bin/../lib/gcc/arm-none-eabi/15.1.0/../../../../arm-none-eabi/lib/armv6k/fpu\libg.a(libc_a-wcrtomb.o)
                0x0011ae00                _wcrtomb_r
 .text.__sflags
                0x0011aea0       0xb8 C:/devkitPro/devkitARM/bin/../lib/gcc/arm-none-eabi/15.1.0/../../../../arm-none-eabi/lib/armv6k/fpu\libg.a(libc_a-flags.o)
                0x0011aea0                __sflags
 .text.__libc_fini_array
                0x0011af58       0x3c C:/devkitPro/devkitARM/bin/../lib/gcc/arm-none-eabi/15.1.0/../../../../arm-none-eabi/lib/armv6k/fpu\libg.a(libc_a-fini.o)
                0x0011af58                __libc_fini_array
 .text.lflush   0x0011af94       0x38 C:/devkitPro/devkitARM/bin/../lib/gcc/arm-none-eabi/15.1.0/../../../../arm-none-eabi/lib/armv6k/fpu\libg.a(libc_a-refill.o)
 .text.__srefill_r
                0x0011afcc      0x1a8 C:/devkitPro/devkitARM/bin/../lib/gcc/arm-none-eabi/15.1.0/../../../../arm-none-eabi/lib/armv6k/fpu\libg.a(libc_a-refill.o)
                0x0011afcc                __srefill_r
 .text.__smakebuf_r
                0x0011b174      0x164 C:/devkitPro/devkitARM/bin/../lib/gcc/arm-none-eabi/15.1.0/../../../../arm-none-eabi/lib/armv6k/fpu\libg.a(libc_a-makebuf.o)
                0x0011b174                __smakebuf_r
 .text.__swhatbuf_r
                0x0011b2d8       0x90 C:/devkitPro/devkitARM/bin/../lib/gcc/arm-none-eabi/15.1.0/../../../../arm-none-eabi/lib/armv6k/fpu\libg.a(libc_a-makebuf.o)
                0x0011b2d8                __swhatbuf_r
 .text._realloc_r
                0x0011b368      0x4f0 C:/devkitPro/devkitARM/bin/../lib/gcc/arm-none-eabi/15.1.0/../../../../arm-none-eabi/lib/armv6k/fpu\libg.a(libc_a-reallocr.o)
                0x0011b368                _realloc_r
 .text._wcsrtombs_r
                0x0011b858       0x28 C:/devkitPro/devkitARM/bin/../lib/gcc/arm-none-eabi/15.1.0/../../../../arm-none-eabi/lib/armv6k/fpu\libg.a(libc_a-wcsrtombs.o)
                0x0011b858                _wcsrtombs_r
 .text.__swsetup_r
                0x0011b880      0x140 C:/devkitPro/devkitARM/bin/../lib/gcc/arm-none-eabi/15.1.0/../../../../arm-none-eabi/lib/armv6k/fpu\libg.a(libc_a-wsetup.o)
                0x0011b880                __swsetup_r
 .text.frexp    0x0011b9c0       0x88 C:/devkitPro/devkitARM/bin/../lib/gcc/arm-none-eabi/15.1.0/../../../../arm-none-eabi/lib/armv6k/fpu\libg.a(libm_a-s_frexp.o)
                0x0011b9c0                frexp
 .text.__assert_func
                0x0011ba48       0x5c C:/devkitPro/devkitARM/bin/../lib/gcc/arm-none-eabi/15.1.0/../../../../arm-none-eabi/lib/armv6k/fpu\libg.a(libc_a-assert.o)
                0x0011ba48                __assert_func
 .text._Balloc  0x0011baa4       0x88 C:/devkitPro/devkitARM/bin/../lib/gcc/arm-none-eabi/15.1.0/../../../../arm-none-eabi/lib/armv6k/fpu\libg.a(libc_a-mprec.o)
                0x0011baa4                _Balloc
 .text._Bfree   0x0011bb2c       0x1c C:/devkitPro/devkitARM/bin/../lib/gcc/arm-none-eabi/15.1.0/../../../../arm-none-eabi/lib/armv6k/fpu\libg.a(libc_a-mprec.o)
                0x0011bb2c                _Bfree
 .text.__multadd
                0x0011bb48       0xf4 C:/devkitPro/devkitARM/bin/../lib/gcc/arm-none-eabi/15.1.0/../../../../arm-none-eabi/lib/armv6k/fpu\libg.a(libc_a-mprec.o)
                0x0011bb48                __multadd
 .text.__hi0bits
                0x0011bc3c       0x80 C:/devkitPro/devkitARM/bin/../lib/gcc/arm-none-eabi/15.1.0/../../../../arm-none-eabi/lib/armv6k/fpu\libg.a(libc_a-mprec.o)
                0x0011bc3c                __hi0bits
 .text.__lo0bits
                0x0011bcbc       0xf0 C:/devkitPro/devkitARM/bin/../lib/gcc/arm-none-eabi/15.1.0/../../../../arm-none-eabi/lib/armv6k/fpu\libg.a(libc_a-mprec.o)
                0x0011bcbc                __lo0bits
 .text.__i2b    0x0011bdac       0xa4 C:/devkitPro/devkitARM/bin/../lib/gcc/arm-none-eabi/15.1.0/../../../../arm-none-eabi/lib/armv6k/fpu\libg.a(libc_a-mprec.o)
                0x0011bdac                __i2b
 .text.__multiply
                0x0011be50      0x230 C:/devkitPro/devkitARM/bin/../lib/gcc/arm-none-eabi/15.1.0/../../../../arm-none-eabi/lib/armv6k/fpu\libg.a(libc_a-mprec.o)
                0x0011be50                __multiply
 .text.__pow5mult
                0x0011c080      0x130 C:/devkitPro/devkitARM/bin/../lib/gcc/arm-none-eabi/15.1.0/../../../../arm-none-eabi/lib/armv6k/fpu\libg.a(libc_a-mprec.o)
                0x0011c080                __pow5mult
 .text.__lshift
                0x0011c1b0      0x138 C:/devkitPro/devkitARM/bin/../lib/gcc/arm-none-eabi/15.1.0/../../../../arm-none-eabi/lib/armv6k/fpu\libg.a(libc_a-mprec.o)
                0x0011c1b0                __lshift
 .text.__mcmp   0x0011c2e8       0x58 C:/devkitPro/devkitARM/bin/../lib/gcc/arm-none-eabi/15.1.0/../../../../arm-none-eabi/lib/armv6k/fpu\libg.a(libc_a-mprec.o)
                0x0011c2e8                __mcmp
 .text.__mdiff  0x0011c340      0x218 C:/devkitPro/devkitARM/bin/../lib/gcc/arm-none-eabi/15.1.0/../../../../arm-none-eabi/lib/armv6k/fpu\libg.a(libc_a-mprec.o)
                0x0011c340                __mdiff
 .text.__d2b    0x0011c558      0x120 C:/devkitPro/devkitARM/bin/../lib/gcc/arm-none-eabi/15.1.0/../../../../arm-none-eabi/lib/armv6k/fpu\libg.a(libc_a-mprec.o)
                0x0011c558                __d2b
 .text.__locale_mb_cur_max
                0x0011c678       0x24 C:/devkitPro/devkitARM/bin/../lib/gcc/arm-none-eabi/15.1.0/../../../../arm-none-eabi/lib/armv6k/fpu\libg.a(libc_a-locale.o)
                0x0011c678                __locale_mb_cur_max
 .text.fiprintf
                0x0011c69c       0x3c C:/devkitPro/devkitARM/bin/../lib/gcc/arm-none-eabi/15.1.0/../../../../arm-none-eabi/lib/armv6k/fpu\libg.a(libc_a-fiprintf.o)
                0x0011c69c                fiprintf
 .text._wcsnrtombs_l
                0x0011c6d8      0x15c C:/devkitPro/devkitARM/bin/../lib/gcc/arm-none-eabi/15.1.0/../../../../arm-none-eabi/lib/armv6k/fpu\libg.a(libc_a-wcsnrtombs.o)
                0x0011c6d8                _wcsnrtombs_l
 .text._wcsnrtombs_r
                0x0011c834       0x64 C:/devkitPro/devkitARM/bin/../lib/gcc/arm-none-eabi/15.1.0/../../../../arm-none-eabi/lib/armv6k/fpu\libg.a(libc_a-wcsnrtombs.o)
                0x0011c834                _wcsnrtombs_r
 .text.__utf8_mbtowc
                0x0011c898      0x340 C:/devkitPro/devkitARM/bin/../lib/gcc/arm-none-eabi/15.1.0/../../../../arm-none-eabi/lib/armv6k/fpu\libg.a(libc_a-mbtowc_r.o)
                0x0011c898                __utf8_mbtowc
 .text.__sprint_r
                0x0011cbd8       0x30 C:/devkitPro/devkitARM/bin/../lib/gcc/arm-none-eabi/15.1.0/../../../../arm-none-eabi/lib/armv6k/fpu\libg.a(libc_a-sprint_r.o)
                0x0011cbd8                __sprint_r
 .text.abort    0x0011cc08       0x14 C:/devkitPro/devkitARM/bin/../lib/gcc/arm-none-eabi/15.1.0/../../../../arm-none-eabi/lib/armv6k/fpu\libg.a(libc_a-abort.o)
                0x0011cc08                abort
 .text._localeconv_r
                0x0011cc1c       0x24 C:/devkitPro/devkitARM/bin/../lib/gcc/arm-none-eabi/15.1.0/../../../../arm-none-eabi/lib/armv6k/fpu\libg.a(libc_a-localeconv.o)
                0x0011cc1c                _localeconv_r
 .text.__utf8_wctomb
                0x0011cc40       0xf8 C:/devkitPro/devkitARM/bin/../lib/gcc/arm-none-eabi/15.1.0/../../../../arm-none-eabi/lib/armv6k/fpu\libg.a(libc_a-wctomb_r.o)
                0x0011cc40                __utf8_wctomb
 .text.strchr   0x0011cd38      0x140 C:/devkitPro/devkitARM/bin/../lib/gcc/arm-none-eabi/15.1.0/../../../../arm-none-eabi/lib/armv6k/fpu\libg.a(libc_a-strchr.o)
                0x0011cd38                strchr
 .text._raise_r
                0x0011ce78       0x9c C:/devkitPro/devkitARM/bin/../lib/gcc/arm-none-eabi/15.1.0/../../../../arm-none-eabi/lib/armv6k/fpu\libg.a(libc_a-signal.o)
                0x0011ce78                _raise_r
 .text.raise    0x0011cf14       0x20 C:/devkitPro/devkitARM/bin/../lib/gcc/arm-none-eabi/15.1.0/../../../../arm-none-eabi/lib/armv6k/fpu\libg.a(libc_a-signal.o)
                0x0011cf14                raise
 .text.get_arg  0x0011cf34      0x5e0 C:/devkitPro/devkitARM/bin/../lib/gcc/arm-none-eabi/15.1.0/../../../../arm-none-eabi/lib/armv6k/fpu\libg.a(libc_a-vfiprintf.o)
 .text._vfiprintf_r
                0x0011d514     0x22f8 C:/devkitPro/devkitARM/bin/../lib/gcc/arm-none-eabi/15.1.0/../../../../arm-none-eabi/lib/armv6k/fpu\libg.a(libc_a-vfiprintf.o)
                0x0011d514                _vfiprintf_r
 .text.__sbprintf
                0x0011f80c       0xb4 C:/devkitPro/devkitARM/bin/../lib/gcc/arm-none-eabi/15.1.0/../../../../arm-none-eabi/lib/armv6k/fpu\libg.a(libc_a-vfiprintf.o)
 .text._exit    0x0011f8c0       0x20 C:/devkitPro/devkitARM/bin/../lib/gcc/arm-none-eabi/15.1.0/../../../../arm-none-eabi/lib/armv6k/fpu\libsysbase.a(libsysbase_libsysbase_a-_exit.o)
                0x0011f8c0                _exit
 .text.chdir    0x0011f8e0      0x140 C:/devkitPro/devkitARM/bin/../lib/gcc/arm-none-eabi/15.1.0/../../../../arm-none-eabi/lib/armv6k/fpu\libsysbase.a(libsysbase_libsysbase_a-chdir.o)
                0x0011f8e0                chdir
 .text._concatenate_path
                0x0011fa20      0x1c8 C:/devkitPro/devkitARM/bin/../lib/gcc/arm-none-eabi/15.1.0/../../../../arm-none-eabi/lib/armv6k/fpu\libsysbase.a(libsysbase_libsysbase_a-concatenate.o)
                0x0011fa20                _concatenate_path
 .text._fstat_r
                0x0011fbe8       0x9c C:/devkitPro/devkitARM/bin/../lib/gcc/arm-none-eabi/15.1.0/../../../../arm-none-eabi/lib/armv6k/fpu\libsysbase.a(libsysbase_libsysbase_a-fstat.o)
                0x0011fbe8                _fstat_r
 .text._getpid_r
                0x0011fc84       0x14 C:/devkitPro/devkitARM/bin/../lib/gcc/arm-none-eabi/15.1.0/../../../../arm-none-eabi/lib/armv6k/fpu\libsysbase.a(libsysbase_libsysbase_a-getpid.o)
                0x0011fc84                _getpid_r
 .text.__getreent
                0x0011fc98       0x2c C:/devkitPro/devkitARM/bin/../lib/gcc/arm-none-eabi/15.1.0/../../../../arm-none-eabi/lib/armv6k/fpu\libsysbase.a(libsysbase_libsysbase_a-getreent.o)
                0x0011fc98                __getreent
 .text.__release_handle
                0x0011fcc4       0xa0 C:/devkitPro/devkitARM/bin/../lib/gcc/arm-none-eabi/15.1.0/../../../../arm-none-eabi/lib/armv6k/fpu\libsysbase.a(libsysbase_libsysbase_a-handle_manager.o)
                0x0011fcc4                __release_handle
 .text.__alloc_handle
                0x0011fd64       0xb0 C:/devkitPro/devkitARM/bin/../lib/gcc/arm-none-eabi/15.1.0/../../../../arm-none-eabi/lib/armv6k/fpu\libsysbase.a(libsysbase_libsysbase_a-handle_manager.o)
                0x0011fd64                __alloc_handle
 .text.__get_handle
                0x0011fe14       0x58 C:/devkitPro/devkitARM/bin/../lib/gcc/arm-none-eabi/15.1.0/../../../../arm-none-eabi/lib/armv6k/fpu\libsysbase.a(libsysbase_libsysbase_a-handle_manager.o)
                0x0011fe14                __get_handle
 .text._close_r
                0x0011fe6c      0x110 C:/devkitPro/devkitARM/bin/../lib/gcc/arm-none-eabi/15.1.0/../../../../arm-none-eabi/lib/armv6k/fpu\libsysbase.a(libsysbase_libsysbase_a-handle_manager.o)
                0x0011fe6c                _close_r
 .text.null_write
                0x0011ff7c        0x8 C:/devkitPro/devkitARM/bin/../lib/gcc/arm-none-eabi/15.1.0/../../../../arm-none-eabi/lib/armv6k/fpu\libsysbase.a(libsysbase_libsysbase_a-iosupport.o)
 .text.setDefaultDevice
                0x0011ff84       0x18 C:/devkitPro/devkitARM/bin/../lib/gcc/arm-none-eabi/15.1.0/../../../../arm-none-eabi/lib/armv6k/fpu\libsysbase.a(libsysbase_libsysbase_a-iosupport.o)
                0x0011ff84                setDefaultDevice
 .text.FindDevice
                0x0011ff9c       0xc4 C:/devkitPro/devkitARM/bin/../lib/gcc/arm-none-eabi/15.1.0/../../../../arm-none-eabi/lib/armv6k/fpu\libsysbase.a(libsysbase_libsysbase_a-iosupport.o)
                0x0011ff9c                FindDevice
 .text.RemoveDevice
                0x00120060       0x28 C:/devkitPro/devkitARM/bin/../lib/gcc/arm-none-eabi/15.1.0/../../../../arm-none-eabi/lib/armv6k/fpu\libsysbase.a(libsysbase_libsysbase_a-iosupport.o)
                0x00120060                RemoveDevice
 .text.AddDevice
                0x00120088       0x98 C:/devkitPro/devkitARM/bin/../lib/gcc/arm-none-eabi/15.1.0/../../../../arm-none-eabi/lib/armv6k/fpu\libsysbase.a(libsysbase_libsysbase_a-iosupport.o)
                0x00120088                AddDevice
 .text.GetDeviceOpTab
                0x00120120       0x20 C:/devkitPro/devkitARM/bin/../lib/gcc/arm-none-eabi/15.1.0/../../../../arm-none-eabi/lib/armv6k/fpu\libsysbase.a(libsysbase_libsysbase_a-iosupport.o)
                0x00120120                GetDeviceOpTab
 .text._isatty_r
                0x00120140        0x8 C:/devkitPro/devkitARM/bin/../lib/gcc/arm-none-eabi/15.1.0/../../../../arm-none-eabi/lib/armv6k/fpu\libsysbase.a(libsysbase_libsysbase_a-isatty.o)
                0x00120140                _isatty_r
 .text._kill_r  0x00120148       0x14 C:/devkitPro/devkitARM/bin/../lib/gcc/arm-none-eabi/15.1.0/../../../../arm-none-eabi/lib/armv6k/fpu\libsysbase.a(libsysbase_libsysbase_a-kill.o)
                0x00120148                _kill_r
 .text._lseek_r
                0x0012015c       0x94 C:/devkitPro/devkitARM/bin/../lib/gcc/arm-none-eabi/15.1.0/../../../../arm-none-eabi/lib/armv6k/fpu\libsysbase.a(libsysbase_libsysbase_a-lseek.o)
                0x0012015c                _lseek_r
 .text._open_r  0x001201f0       0xc0 C:/devkitPro/devkitARM/bin/../lib/gcc/arm-none-eabi/15.1.0/../../../../arm-none-eabi/lib/armv6k/fpu\libsysbase.a(libsysbase_libsysbase_a-open.o)
                0x001201f0                _open_r
 .text._read_r  0x001202b0       0x94 C:/devkitPro/devkitARM/bin/../lib/gcc/arm-none-eabi/15.1.0/../../../../arm-none-eabi/lib/armv6k/fpu\libsysbase.a(libsysbase_libsysbase_a-read.o)
                0x001202b0                _read_r
 .text._sbrk_r  0x00120344       0x78 C:/devkitPro/devkitARM/bin/../lib/gcc/arm-none-eabi/15.1.0/../../../../arm-none-eabi/lib/armv6k/fpu\libsysbase.a(libsysbase_libsysbase_a-sbrk.o)
                0x00120344                _sbrk_r
 .text.__libc_lock_acquire
                0x001203bc       0x1c C:/devkitPro/devkitARM/bin/../lib/gcc/arm-none-eabi/15.1.0/../../../../arm-none-eabi/lib/armv6k/fpu\libsysbase.a(libsysbase_libsysbase_a-syscall_support.o)
                0x001203bc                __libc_lock_acquire
 .text.__libc_lock_release
                0x001203d8       0x1c C:/devkitPro/devkitARM/bin/../lib/gcc/arm-none-eabi/15.1.0/../../../../arm-none-eabi/lib/armv6k/fpu\libsysbase.a(libsysbase_libsysbase_a-syscall_support.o)
                0x001203d8                __libc_lock_release
 .text.__libc_lock_acquire_recursive
                0x001203f4       0x1c C:/devkitPro/devkitARM/bin/../lib/gcc/arm-none-eabi/15.1.0/../../../../arm-none-eabi/lib/armv6k/fpu\libsysbase.a(libsysbase_libsysbase_a-syscall_support.o)
                0x001203f4                __libc_lock_acquire_recursive
 .text.__libc_lock_release_recursive
                0x00120410       0x1c C:/devkitPro/devkitARM/bin/../lib/gcc/arm-none-eabi/15.1.0/../../../../arm-none-eabi/lib/armv6k/fpu\libsysbase.a(libsysbase_libsysbase_a-syscall_support.o)
                0x00120410                __libc_lock_release_recursive
 .text._write_r
                0x0012042c       0x94 C:/devkitPro/devkitARM/bin/../lib/gcc/arm-none-eabi/15.1.0/../../../../arm-none-eabi/lib/armv6k/fpu\libsysbase.a(libsysbase_libsysbase_a-write.o)
                0x0012042c                _write_r
 .text.strrchr  0x001204c0       0x48 C:/devkitPro/devkitARM/bin/../lib/gcc/arm-none-eabi/15.1.0/../../../../arm-none-eabi/lib/armv6k/fpu\libg.a(libc_a-strrchr.o)
                0x001204c0                strrchr
 *(.glue_7)
 .glue_7        0x00120508        0x0 linker stubs
 *(.glue_7t)
 .glue_7t       0x00120508        0x0 linker stubs
 *(.stub)
 *(.gnu.warning)
 *(.gnu.linkonce.t*)
                0x00120508                        . = ALIGN (0x4)
 *(.fini)
 .fini          0x00120508        0xc C:/devkitPro/devkitARM/bin/../lib/gcc/arm-none-eabi/15.1.0/armv6k/fpu/crti.o
                0x00120508                _fini
 .fini          0x00120514        0xc C:/devkitPro/devkitARM/bin/../lib/gcc/arm-none-eabi/15.1.0/armv6k/fpu/crtn.o
                0x00120520                        . = ALIGN (0x4)

.vfp11_veneer   0x00120520        0x0
 .vfp11_veneer  0x00120520        0x0 linker stubs

.v4_bx          0x00120520        0x0
 .v4_bx         0x00120520        0x0 linker stubs

.iplt           0x00120520        0x0
 .iplt          0x00120520        0x0 C:/devkitPro/devkitARM/bin/../lib/gcc/arm-none-eabi/15.1.0/../../../../arm-none-eabi/lib/armv6k/fpu/3dsx_crt0.o
                0x00121000                        . = ALIGN (0x1000)

.rodata         0x00121000     0x1878
 *(.rodata)
 .rodata        0x00121000       0x40 main.o
 .rodata        0x00121040       0x18 C:/devkitPro/libctru/lib\libctru.a(ndsp.o)
 .rodata        0x00121058        0xc C:/devkitPro/libctru/lib\libctru.a(archive_dev.o)
 *(.roda)
 *(.rodata.*)
 .rodata.str1.4
                0x00121064      0x464 main.o
                                0x258 (size before relaxing)
 .rodata.C2D_Init.str1.4
                0x001214c8       0x10 C:/devkitPro/libctru/lib\libcitro2d.a(base.o)
 .rodata.render2d_shbin
                0x001214c8      0x190 C:/devkitPro/libctru/lib\libcitro2d.a(render2d.shbin.o)
                0x001214c8                render2d_shbin
                0x00121654                render2d_shbin_end
                0x00121654                render2d_shbin_size
 .rodata.depthFmtSizes
                0x00121658        0x4 C:/devkitPro/libctru/lib\libcitro3d.a(framebuffer.o)
 .rodata.colorFmtSizes
                0x0012165c        0x5 C:/devkitPro/libctru/lib\libcitro3d.a(framebuffer.o)
 *fill*         0x00121661        0x3 
 .rodata.CSWTCH.11
                0x00121664       0x10 C:/devkitPro/libctru/lib\libcitro3d.a(proctex.o)
 .rodata.consolePrintChar
                0x00121674        0x6 C:/devkitPro/libctru/lib\libctru.a(console.o)
 .rodata.con_write
                0x0012167a      0x164 C:/devkitPro/libctru/lib\libctru.a(console.o)
 .rodata.str1.4
                0x001217de       0x10 C:/devkitPro/libctru/lib\libctru.a(console.o)
 *fill*         0x001217de        0x2 
 .rodata.dotab_stdout
                0x001217e0       0x80 C:/devkitPro/libctru/lib\libctru.a(console.o)
 .rodata.grayScale
                0x00121860       0x18 C:/devkitPro/libctru/lib\libctru.a(console.o)
 .rodata.colorCube
                0x00121878        0x6 C:/devkitPro/libctru/lib\libctru.a(console.o)
 *fill*         0x0012187e        0x2 
 .rodata.colorTable
                0x00121880       0x30 C:/devkitPro/libctru/lib\libctru.a(console.o)
 .rodata.DVLE_GenerateOutmap.part.0
                0x001218b0        0x9 C:/devkitPro/libctru/lib\libctru.a(shbin.o)
 .rodata.ndspInit.str1.4
                0x001218b9        0x8 C:/devkitPro/libctru/lib\libctru.a(ndsp.o)